157.55.39.83 - - [08/Nov/2017:02:39:25 +0000] "GET /news/ssh-news/ HTTP/1.1" 200 21125 "-" "Mozilla/5.0 (compatible; bingbot/2.0; +http://www.bing.com/bingbot.htm)"
185.94.60.201 - - [07/Nov/2017:12:15:29 +0000] "GET /centres/centre.json?slug=stavanger-acute-medicine-foundation-for-education-and-research HTTP/1.1" 200 1784 "https://www.sesam-web.org/centres/map/" "Mozilla/5.0 (Windows NT 10.0; Win64; x64) AppleWebKit/537.36 (KHTML, like Gecko) Chrome/61.0.3163.100 Safari/537.36"
217.64.42.218 - - [08/Nov/2017:04:40:43 +0000] "GET /phlymail/phlymail/index.php HTTP/1.1" 403 5844 "-" "Mozilla/5.0 [en] (X11, U; OpenVAS 8.0.9)"
207.46.13.131 - - [08/Nov/2017:12:04:13 +0000] "GET / HTTP/1.1" 403 6313 "-" "Mozilla/5.0 (compatible; bingbot/2.0; +http://www.bing.com/bingbot.htm)"
217.64.42.218 - - [08/Nov/2017:04:41:37 +0000] "GET / HTTP/1.1" 403 5814 "() { OpenVAS:; }; echo Content-Type: text/plain; echo; echo; PATH=/usr/bin:/usr/local/bin:/bin; export PATH; id;" "-"
157.55.39.110 - - [07/Nov/2017:11:03:33 +0000] "GET /about-SESAM/constitution/ HTTP/1.1" 200 18847 "-" "Mozilla/5.0 (compatible; bingbot/2.0; +http://www.bing.com/bingbot.htm)"
217.64.42.218 - - [08/Nov/2017:04:40:48 +0000] "GET /index.php?page=master HTTP/1.1" 403 5844 "-" "Mozilla/5.0 [en] (X11, U; OpenVAS 8.0.9)"
109.25.142.57 - - [07/Nov/2017:21:48:33 +0000] "GET /centres/centre.json?slug=adam-amsterdam-simulation-centre HTTP/1.1" 200 1062 "https://www.sesam-web.org/centres/map/" "Mozilla/5.0 (Windows NT 6.1) AppleWebKit/537.36 (KHTML, like Gecko) Chrome/61.0.3163.100 Safari/537.36"
217.64.42.218 - - [08/Nov/2017:04:41:48 +0000] "GET /FCKeditor/editor/filemanager/connectors/lasso/connector.lasso?Command=GetFolders&Type=File&CurrentFolder=%2F HTTP/1.1" 403 355 "-" "Mozilla/5.0 [en] (X11, U; OpenVAS 8.0.9)"
217.64.42.218 - - [08/Nov/2017:04:46:22 +0000] "POST /cgi-sys/php5 HTTP/1.1" 403 5814 "() { _; OpenVAS; } >_[$($())] {  echo Content-Type: text/plain; echo; echo; PATH=/usr/bin:/usr/local/bin:/bin; export PATH; id; }" "-"
217.64.42.218 - - [08/Nov/2017:04:40:42 +0000] "GET /ServerAdmin/UserLogin.jsp HTTP/1.1" 403 5844 "-" "Mozilla/5.0 [en] (X11, U; OpenVAS 8.0.9)"
81.144.199.21 - - [05/Nov/2017:17:40:06 +0000] "GET /contact/ HTTP/1.1" 200 14175 "https://www.sesam-web.org/centres/centre/simulation-and-interactive-learning-centre-at-guys-and-st-thomas-nhs-foundation-hospital/" "Mozilla/5.0 (Windows NT 6.1; Win64; x64) AppleWebKit/537.36 (KHTML, like Gecko) Chrome/61.0.3163.100 Safari/537.36"
217.64.42.218 - - [08/Nov/2017:04:34:11 +0000] "GET /forums/ HTTP/1.1" 403 355 "-" "Mozilla/5.0 [en] (X11, U; OpenVAS 8.0.9)"
157.55.39.110 - - [06/Nov/2017:02:08:07 +0000] "GET /centres/centre/simulhug/ HTTP/1.1" 200 17114 "-" "Mozilla/5.0 (compatible; bingbot/2.0; +http://www.bing.com/bingbot.htm)"
23.92.53.211 - - [08/Nov/2017:11:28:35 +0000] "GET / HTTP/1.1" 403 5833 "-" "Mozilla/5.0 (Macintosh; Intel Mac OS X 10_12_3) AppleWebKit/602.4.8 (KHTML, like Gecko) Version/10.0.3 Safari/602.4.8"
69.164.204.192 - - [05/Nov/2017:10:02:21 +0000] "GET / HTTP/1.1" 403 5833 "-" "Mozilla/5.0 (Windows NT 10.0; WOW64; Trident/7.0; .NET4.0C; .NET4.0E; .NET CLR 2.0.50727; .NET CLR 3.0.30729; .NET CLR 3.5.30729; rv:11.0) like Gecko"
217.64.42.218 - - [08/Nov/2017:04:39:33 +0000] "GET /login.htm HTTP/1.1" 403 5844 "-" "Mozilla/5.0 [en] (X11, U; OpenVAS 8.0.9)"
139.47.8.105 - - [05/Nov/2017:13:25:31 +0000] "GET /favicon.ico HTTP/1.1" 200 1645 "https://www.sesam-web.org/accounts/login/?next=/abstracts/submitabstract/sesam-barcelona-2018/" "Mozilla/5.0 (Macintosh; Intel Mac OS X 10_11_6) AppleWebKit/604.3.5 (KHTML, like Gecko) Version/11.0.1 Safari/604.3.5"
217.64.42.218 - - [08/Nov/2017:04:38:32 +0000] "OPTIONS /cgi-bin/ HTTP/1.1" 403 568 "-" "Mozilla/5.0 [en] (X11, U; OpenVAS 8.0.9)"
138.246.253.19 - - [08/Nov/2017:02:40:54 +0000] "HEAD / HTTP/1.1" 403 5488 "-" "Mozilla/5.0 (Windows NT 6.1; Win64; x64) AppleWebKit/537.36 (KHTML, like Gecko) Chrome/40.0.2214.85 Safari/537.36"
207.46.13.66 - - [08/Nov/2017:02:40:20 +0000] "GET /members/register/?next=/registrations/downloadeventinvoice/956/ HTTP/1.1" 200 27249 "-" "Mozilla/5.0 (compatible; bingbot/2.0; +http://www.bing.com/bingbot.htm)"
217.9.204.106 - - [07/Nov/2017:15:09:18 +0000] "POST /members/register/ HTTP/1.1" 200 27816 "https://www.sesam-web.org/members/register/" "Mozilla/5.0 (Windows NT 6.1; Win64; x64) AppleWebKit/537.36 (KHTML, like Gecko) Chrome/61.0.3163.100 Safari/537.36"
217.64.42.218 - - [08/Nov/2017:04:41:24 +0000] "GET /cgi-bin/includes/window_top.php?theme_file=../../../../../../../../../etc/passwd%00 HTTP/1.1" 404 587 "-" "Mozilla/5.0 [en] (X11, U; OpenVAS 8.0.9)"
217.64.42.218 - - [08/Nov/2017:04:37:37 +0000] "GET /stats/awstats.pl?config=OpenVAS-Test HTTP/1.1" 403 355 "-" "Mozilla/5.0 [en] (X11, U; OpenVAS 8.0.9)"
138.246.253.19 - - [08/Nov/2017:21:10:46 +0000] "HEAD / HTTP/1.1" 403 5515 "-" "Mozilla/5.0 (Windows NT 6.1; Win64; x64) AppleWebKit/537.36 (KHTML, like Gecko) Chrome/40.0.2214.85 Safari/537.36"
217.64.42.218 - - [08/Nov/2017:04:42:11 +0000] "GET /cgi-bin/chat/send.php?css=%3cscript%3ealert(upb_xss2.nasl)%3c%2fscript%3e HTTP/1.1" 404 577 "-" "Mozilla/5.0 [en] (X11, U; OpenVAS 8.0.9)"
217.182.132.90 - - [06/Nov/2017:06:35:07 +0000] "GET /centres/centre/clinicum-test-och-innovation-region-of-east-sweden/ HTTP/1.1" 200 24168 "-" "Mozilla/5.0 (compatible; AhrefsBot/5.2; +http://ahrefs.com/robot/)"
70.35.220.98 - - [07/Nov/2017:16:19:32 +0000] "POST /members/register/ HTTP/1.1" 302 6093 "https://www.sesam-web.org/members/register/?next=/abstracts/submitabstract/sesam-barcelona-2018/" "Mozilla/5.0 (Windows NT 10.0; Win64; x64) AppleWebKit/537.36 (KHTML, like Gecko) Chrome/61.0.3163.100 Safari/537.36"
95.170.156.105 - - [08/Nov/2017:04:44:01 +0000] "GET /centres/centre.json?slug=royal-free-hospital-simulation-centre HTTP/1.1" 200 1446 "https://www.sesam-web.org/centres/map/" "Mozilla/5.0 (Windows NT 10.0; Win64; x64) AppleWebKit/537.36 (KHTML, like Gecko) Chrome/52.0.2743.116 Safari/537.36 Edge/15.15063"
217.64.42.218 - - [08/Nov/2017:04:37:11 +0000] "GET /jira/login.jsp HTTP/1.1" 403 5844 "-" "Mozilla/5.0 [en] (X11, U; OpenVAS 8.0.9)"
147.162.241.198 - - [08/Nov/2017:16:18:31 +0000] "POST /formbuilder/sesam-paris-2017-feedback1/view/ HTTP/1.1" 302 5838 "https://www.sesam-web.org/formbuilder/sesam-paris-2017-feedback1/view/" "Mozilla/5.0 (Windows NT 6.1; Win64; x64; rv:56.0) Gecko/20100101 Firefox/56.0"
217.64.42.218 - - [08/Nov/2017:04:37:53 +0000] "GET /index.php/login HTTP/1.1" 403 5844 "-" "Mozilla/5.0 [en] (X11, U; OpenVAS 8.0.9)"
79.17.70.5 - - [06/Nov/2017:21:20:07 +0000] "GET /events/event/sesam-barcelona-2018/ HTTP/1.1" 200 22265 "-" "WhatsApp/2.17.71 i"
217.9.204.106 - - [08/Nov/2017:15:46:49 +0000] "POST /autodiscover/autodiscover.xml HTTP/1.1" 403 5676 "-" "MacOutlook/15.25.0.160817 (Intelx64 Mac OS X Version 10.12.3 (Build 16D32))"
217.64.42.218 - - [08/Nov/2017:04:38:48 +0000] "GET /SystemInfo HTTP/1.1" 403 5844 "-" "Mozilla/5.0 [en] (X11, U; OpenVAS 8.0.9)"
217.64.42.218 - - [08/Nov/2017:04:39:16 +0000] "GET /scripts/default.cfml?Mode=debug HTTP/1.1" 403 355 "-" "Mozilla/5.0 [en] (X11, U; OpenVAS 8.0.9)"
217.64.42.218 - - [08/Nov/2017:04:40:32 +0000] "GET /scripts/stuworkdisplay.php?ID=-1)%20UNION%20ALL%20SELECT%200x4f70656e5641532d53514c2d496e6a656374696f6e2d54657374,2,3,4,5,6,7,8,9,10,11%23 HTTP/1.1" 403 355 "-" "Mozilla/5.0 [en] (X11, U; OpenVAS 8.0.9)"
217.64.42.218 - - [08/Nov/2017:04:33:57 +0000] "GET /AdminWeb/ HTTP/1.1" 403 355 "-" "Mozilla/5.0 [en] (X11, U; OpenVAS 8.0.9)"
208.110.93.52 - - [08/Nov/2017:09:23:17 +0000] "GET /members/jhegarty/ HTTP/1.1" 302 269 "-" "Mozilla/5.0 (compatible; MJ12bot/v1.4.7; http://mj12bot.com/)"
207.46.13.66 - - [09/Nov/2017:10:54:07 +0000] "GET /news/sesam-newsletter-april-2016/ HTTP/1.1" 200 28835 "-" "Mozilla/5.0 (compatible; bingbot/2.0; +http://www.bing.com/bingbot.htm)"
50.204.91.122 - - [09/Nov/2017:05:30:27 +0000] "HEAD / HTTP/1.1" 200 5313 "http://thedo.osteopathic.org" "Mozilla/5.0 (compatible; MSIE 9.0; Windows NT 6.1; WOW64; Trident/5.0)"
157.55.39.110 - - [06/Nov/2017:02:08:04 +0000] "GET /news/2014/6/ HTTP/1.1" 200 20875 "-" "Mozilla/5.0 (compatible; bingbot/2.0; +http://www.bing.com/bingbot.htm)"
139.47.8.105 - - [05/Nov/2017:13:25:29 +0000] "GET /accounts/login/?next=/abstracts/submitabstract/sesam-barcelona-2018/ HTTP/1.1" 200 14581 "https://t.co/1ibdYrybgb" "Mozilla/5.0 (Macintosh; Intel Mac OS X 10_11_6) AppleWebKit/604.3.5 (KHTML, like Gecko) Version/11.0.1 Safari/604.3.5"
193.6.63.109 - - [06/Nov/2017:10:51:05 +0000] "GET /formbuilder/simulationcentre-application/sent/ HTTP/1.1" 200 12515 "https://www.sesam-web.org/formbuilder/simulationcentre-application/view/" "Mozilla/5.0 (Windows NT 10.0; Win64; x64) AppleWebKit/537.36 (KHTML, like Gecko) Chrome/61.0.3163.100 Safari/537.36"
217.64.42.218 - - [08/Nov/2017:04:51:10 +0000] "GET /cgi-bin/uname.cgi HTTP/1.1" 404 6025 "() { _; OpenVAS; } >_[$($())] {  echo Content-Type: text/plain; echo; echo; PATH=/usr/bin:/usr/local/bin:/bin; export PATH; id; }" "-"
217.64.42.218 - - [08/Nov/2017:04:41:40 +0000] "GET /login.cgi?login=OpenVAS\"><script>alert(/openvas-xss-test/)</script> HTTP/1.1" 403 5844 "-" "Mozilla/5.0 [en] (X11, U; OpenVAS 8.0.9)"
217.64.42.218 - - [08/Nov/2017:04:49:04 +0000] "POST /cgi-bin/cgitest.py HTTP/1.1" 404 6026 "-" "-"
208.110.93.52 - - [08/Nov/2017:09:22:43 +0000] "GET /members/Heinrichs/ HTTP/1.1" 302 5778 "-" "Mozilla/5.0 (compatible; MJ12bot/v1.4.7; http://mj12bot.com/)"
217.64.42.218 - - [08/Nov/2017:04:40:37 +0000] "GET /index.php?WE_LANGUAGE=../../../../../../../../etc/passwd%00 HTTP/1.1" 403 355 "-" "Mozilla/5.0 [en] (X11, U; OpenVAS 8.0.9)"
207.46.13.66 - - [06/Nov/2017:00:28:11 +0000] "GET /annualmeetingguidelines/ HTTP/1.1" 200 21248 "-" "Mozilla/5.0 (compatible; bingbot/2.0; +http://www.bing.com/bingbot.htm)"
217.64.42.218 - - [08/Nov/2017:04:49:23 +0000] "GET /cgi-bin-sdb/printenv HTTP/1.1" 403 5814 "-" "-"
217.64.42.218 - - [08/Nov/2017:04:45:55 +0000] "GET /cgi-bin/test HTTP/1.1" 404 6020 "-" "-"
217.64.42.218 - - [08/Nov/2017:04:35:41 +0000] "GET /index.php?module=site&show=home HTTP/1.1" 403 355 "-" "Mozilla/5.0 [en] (X11, U; OpenVAS 8.0.9)"
217.64.42.218 - - [08/Nov/2017:04:36:43 +0000] "GET /.svn/dir-prop-base HTTP/1.1" 403 355 "-" "Mozilla/5.0 [en] (X11, U; OpenVAS 8.0.9)"
217.64.42.218 - - [08/Nov/2017:04:34:48 +0000] "GET /ibill/ HTTP/1.1" 403 355 "-" "Mozilla/5.0 [en] (X11, U; OpenVAS 8.0.9)"
217.64.42.218 - - [08/Nov/2017:04:35:18 +0000] "GET /mt/mt-load.cgi_177079646 HTTP/1.1" 403 5844 "-" "Mozilla/5.0 [en] (X11, U; OpenVAS 8.0.9)"
217.64.42.218 - - [08/Nov/2017:04:38:54 +0000] "GET /info_deviceStatus.html? HTTP/1.1" 403 355 "-" "Mozilla/5.0 [en] (X11, U; OpenVAS 8.0.9)"
217.64.42.218 - - [08/Nov/2017:04:41:17 +0000] "GET / HTTP/1.1" 403 5844 "-" "Mozilla/5.0 [en] (X11, U; OpenVAS 8.0.9)"
217.64.42.218 - - [08/Nov/2017:04:38:34 +0000] "OPTIONS /cgi-bin/ HTTP/1.1" 403 568 "-" "Mozilla/5.0 [en] (X11, U; OpenVAS 8.0.9)"
70.119.57.82 - - [07/Nov/2017:15:47:10 +0000] "POST / HTTP/1.1" 403 405 "-" "Mozilla/5.0 (Windows NT 10.0; WOW64; Trident/7.0; rv:11.0) like Gecko"
72.22.150.122 - - [08/Nov/2017:21:18:40 +0000] "POST /autodiscover/autodiscover.xml HTTP/1.1" 403 500 "-" "MacOutlook/15.32.0.170309 (Intelx64 Mac OS X Version 10.12.6 (Build 16G29))"
221.132.113.69 - - [07/Nov/2017:09:07:55 +0000] "POST /members/register/ HTTP/1.1" 200 33555 "https://www.sesam-web.org/members/register/?next=/abstracts/submitabstract/sesam-barcelona-2018/" "Mozilla/5.0 (Windows NT 10.0; Win64; x64) AppleWebKit/537.36 (KHTML, like Gecko) Chrome/61.0.3163.100 Safari/537.36"
217.64.42.218 - - [08/Nov/2017:04:34:02 +0000] "GET /NetDynamics/ HTTP/1.1" 403 355 "-" "Mozilla/5.0 [en] (X11, U; OpenVAS 8.0.9)"
66.249.69.102 - - [09/Nov/2017:09:09:54 +0000] "GET /Antoinetesniere HTTP/1.1" 200 19513 "-" "Mozilla/5.0 (compatible; Googlebot/2.1; +http://www.google.com/bot.html)"
157.55.39.110 - - [05/Nov/2017:13:48:21 +0000] "GET /centres/?page=13 HTTP/1.1" 200 18898 "-" "Mozilla/5.0 (compatible; bingbot/2.0; +http://www.bing.com/bingbot.htm)"
157.55.39.58 - - [06/Nov/2017:19:34:14 +0000] "GET /centres/centre/centro-tecnologico-de-formacion-ctf-xxiac/ HTTP/1.1" 200 18471 "-" "Mozilla/5.0 (compatible; bingbot/2.0; +http://www.bing.com/bingbot.htm)"
109.25.142.57 - - [07/Nov/2017:21:48:40 +0000] "GET /centres/centre.json?slug=centrul-de-simulare-medicala-lifesim HTTP/1.1" 200 1668 "https://www.sesam-web.org/centres/map/" "Mozilla/5.0 (Windows NT 6.1) AppleWebKit/537.36 (KHTML, like Gecko) Chrome/61.0.3163.100 Safari/537.36"
217.64.42.218 - - [08/Nov/2017:04:40:04 +0000] "GET /cgi-bin/?lang=../../../../../../../../../etc/passwd%00.png&amp;p_id=60 HTTP/1.1" 403 568 "-" "Mozilla/5.0 [en] (X11, U; OpenVAS 8.0.9)"
217.64.42.218 - - [08/Nov/2017:04:36:42 +0000] "GET / HTTP/1.1" 403 5807 "-" "Mozilla/5.0 [en] (X11, U; OpenVAS 8.0.9)"
217.64.42.218 - - [08/Nov/2017:04:37:17 +0000] "GET /cgi-bin/php_info.php HTTP/1.1" 404 576 "-" "Mozilla/5.0 [en] (X11, U; OpenVAS 8.0.9)"
217.64.42.218 - - [08/Nov/2017:04:42:00 +0000] "GET /index.php?error=<script>foo</script> HTTP/1.1" 403 5844 "-" "Mozilla/5.0 [en] (X11, U; OpenVAS 8.0.9)"
217.64.42.218 - - [08/Nov/2017:04:36:56 +0000] "GET /bds/Login.do HTTP/1.1" 403 355 "-" "Mozilla/5.0 [en] (X11, U; OpenVAS 8.0.9)"
217.64.42.218 - - [08/Nov/2017:04:35:00 +0000] "GET /nchelp/ HTTP/1.1" 403 355 "-" "Mozilla/5.0 [en] (X11, U; OpenVAS 8.0.9)"
217.64.42.218 - - [08/Nov/2017:04:40:32 +0000] "GET /compare/product.comparision.php?cat=null%20union%20all%20select%201,concat_ws(0x3a,0x4f,0x70,0x65,0x6e,0x56,0x41,0x53),3,4,5%20from%20daype_users_tb%20--&name=GSM HTTP/1.1" 403 355 "-" "Mozilla/5.0 [en] (X11, U; OpenVAS 8.0.9)"
217.64.42.218 - - [08/Nov/2017:04:35:56 +0000] "GET /cgi-bin/home/index.php HTTP/1.1" 404 578 "-" "Mozilla/5.0 [en] (X11, U; OpenVAS 8.0.9)"
217.64.42.218 - - [08/Nov/2017:04:49:17 +0000] "POST /cgi-bin/ezmlm-browse HTTP/1.1" 404 6028 "-" "-"
62.82.75.58 - - [08/Nov/2017:10:32:43 +0000] "GET /favicon.ico HTTP/1.1" 200 1507 "https://www.sesam-web.org/" "Mozilla/5.0 (Windows NT 6.1; Win64; x64) AppleWebKit/537.36 (KHTML, like Gecko) Chrome/61.0.3163.100 Safari/537.36"
217.64.42.218 - - [08/Nov/2017:04:41:21 +0000] "GET /cgi-bin/firstvisit.php?lang_global=../../../../../../../../../etc/passwd%00 HTTP/1.1" 404 578 "-" "Mozilla/5.0 [en] (X11, U; OpenVAS 8.0.9)"
217.64.42.218 - - [08/Nov/2017:04:33:57 +0000] "GET /ang/ang/index.php HTTP/1.1" 403 355 "-" "Mozilla/5.0 [en] (X11, U; OpenVAS 8.0.9)"
217.64.42.218 - - [08/Nov/2017:04:38:45 +0000] "GET /Lisez%20moi.txt HTTP/1.1" 403 355 "-" "Mozilla/5.0 [en] (X11, U; OpenVAS 8.0.9)"
217.64.42.218 - - [08/Nov/2017:04:36:57 +0000] "GET /OwnCloud/status.php HTTP/1.1" 403 355 "-" "Mozilla/5.0 [en] (X11, U; OpenVAS 8.0.9)"
157.55.39.83 - - [06/Nov/2017:19:33:26 +0000] "GET /centres/centre/west-herts-initiative-in-simulation-education-and-resuscitation-wiser/ HTTP/1.1" 200 14320 "-" "Mozilla/5.0 (compatible; bingbot/2.0; +http://www.bing.com/bingbot.htm)"
217.64.42.218 - - [08/Nov/2017:04:38:45 +0000] "GET /sqlite/LightNEasy.php?do=login HTTP/1.1" 403 355 "-" "Mozilla/5.0 [en] (X11, U; OpenVAS 8.0.9)"
134.174.21.158 - - [07/Nov/2017:15:26:20 +0000] "GET /abstracts/mysubmissions/sesam-barcelona-2018/ HTTP/1.1" 200 18602 "https://www.sesam-web.org/abstracts/852/responses/" "Mozilla/5.0 (Macintosh; Intel Mac OS X 10_12_6) AppleWebKit/537.36 (KHTML, like Gecko) Chrome/60.0.3112.113 Safari/537.36"
217.64.42.218 - - [08/Nov/2017:04:43:02 +0000] "POST /cgi-bin/status HTTP/1.1" 404 6022 "-" "-"
217.64.42.218 - - [08/Nov/2017:04:39:09 +0000] "GET /scripts/webplus.exe?script=webplus_install_path.nasl HTTP/1.1" 403 355 "-" "Mozilla/5.0 [en] (X11, U; OpenVAS 8.0.9)"
217.64.42.218 - - [08/Nov/2017:04:35:07 +0000] "GET /perl5/ HTTP/1.1" 403 355 "-" "Mozilla/5.0 [en] (X11, U; OpenVAS 8.0.9)"
217.64.42.218 - - [08/Nov/2017:04:39:41 +0000] "GET /ui/login/ HTTP/1.1" 403 5844 "-" "Mozilla/5.0 [en] (X11, U; OpenVAS 8.0.9)"
84.91.71.81 - - [07/Nov/2017:00:56:18 +0000] "GET / HTTP/1.1" 200 31005 "https://www.google.pt/" "Mozilla/5.0 (Windows NT 10.0; Win64; x64) AppleWebKit/537.36 (KHTML, like Gecko) Chrome/61.0.3163.100 Safari/537.36"
217.118.79.37 - - [07/Nov/2017:08:07:22 +0000] "GET /centres/centre.json?slug=simulhug HTTP/1.1" 200 1384 "https://www.sesam-web.org/centres/map/" "Mozilla/5.0 (iPhone; CPU iPhone OS 11_0_3 like Mac OS X) AppleWebKit/604.1.38 (KHTML, like Gecko) Version/11.0 Mobile/15A432 Safari/604.1"
217.64.42.218 - - [08/Nov/2017:04:39:23 +0000] "GET /scripts/search_1781087545 HTTP/1.1" 403 355 "-" "Mozilla/5.0 [en] (X11, U; OpenVAS 8.0.9)"
94.197.121.69 - - [08/Nov/2017:14:37:21 +0000] "GET /members/register/?next=/abstracts/submitabstract/sesam-barcelona-2018/ HTTP/1.1" 200 27394 "https://www.sesam-web.org/accounts/login/" "Mozilla/5.0 (Macintosh; Intel Mac OS X 10_11_6) AppleWebKit/602.3.12 (KHTML, like Gecko) Version/10.0.2 Safari/602.3.12"
131.137.245.207 - - [08/Nov/2017:13:52:31 +0000] "GET /favicon.ico HTTP/1.1" 200 7021 "-" "Mozilla/5.0 (Windows NT 6.1; Win64; x64; Trident/7.0; rv:11.0) like Gecko"
212.91.77.47 - - [07/Nov/2017:07:53:55 +0000] "GET /events/pages/sesam-barcelona-2018/sponsorship-and-exhibition2018/ HTTP/1.1" 200 17310 "https://www.sesam-web.org/events/event/sesam-barcelona-2018/" "Mozilla/5.0 (Macintosh; Intel Mac OS X 10_12_6) AppleWebKit/604.3.5 (KHTML, like Gecko) Version/11.0.1 Safari/604.3.5"
217.64.42.218 - - [08/Nov/2017:04:38:10 +0000] "OPTIONS / HTTP/1.1" 403 355 "-" "Mozilla/5.0 [en] (X11, U; OpenVAS 8.0.9)"
217.64.42.218 - - [08/Nov/2017:04:46:19 +0000] "POST /cgi-sys/php5 HTTP/1.1" 403 5814 "-" "-"
217.64.42.218 - - [08/Nov/2017:04:38:10 +0000] "OPTIONS / HTTP/1.1" 403 355 "-" "Mozilla/5.0 [en] (X11, U; OpenVAS 8.0.9)"
217.64.42.218 - - [08/Nov/2017:04:35:03 +0000] "GET /SwiftMailer/composer.json HTTP/1.1" 403 5807 "-" "Mozilla/5.0 [en] (X11, U; OpenVAS 8.0.9)"
217.64.42.218 - - [08/Nov/2017:04:34:27 +0000] "GET /ntop-bin/dashboard.cgi HTTP/1.1" 403 5844 "-" "Mozilla/5.0 [en] (X11, U; OpenVAS 8.0.9)"
95.170.156.105 - - [08/Nov/2017:04:44:04 +0000] "GET /centres/centre.json?slug=simulation-and-interactive-learning-centre-at-guys-and-st-thomas-nhs-foundation-hospital HTTP/1.1" 200 2338 "https://www.sesam-web.org/centres/map/" "Mozilla/5.0 (Windows NT 10.0; Win64; x64) AppleWebKit/537.36 (KHTML, like Gecko) Chrome/52.0.2743.116 Safari/537.36 Edge/15.15063"
157.55.39.110 - - [07/Nov/2017:11:03:31 +0000] "GET /news/2014/6/ HTTP/1.1" 200 20890 "-" "Mozilla/5.0 (compatible; bingbot/2.0; +http://www.bing.com/bingbot.htm)"
217.64.42.218 - - [08/Nov/2017:04:40:09 +0000] "GET /todayu/index.php HTTP/1.1" 403 5844 "-" "Mozilla/5.0 [en] (X11, U; OpenVAS 8.0.9)"
217.64.42.218 - - [08/Nov/2017:04:35:09 +0000] "GET /scripts/web/guest HTTP/1.1" 403 5807 "-" "Mozilla/5.0 [en] (X11, U; OpenVAS 8.0.9)"
217.64.42.218 - - [08/Nov/2017:04:40:46 +0000] "GET /webpagetest/index.php HTTP/1.1" 403 5844 "-" "Mozilla/5.0 [en] (X11, U; OpenVAS 8.0.9)"
217.64.42.218 - - [08/Nov/2017:04:39:23 +0000] "GET /smmsg.nsf HTTP/1.1" 403 355 "-" "Mozilla/5.0 [en] (X11, U; OpenVAS 8.0.9)"
157.55.39.58 - - [08/Nov/2017:02:38:58 +0000] "GET /meetings/ HTTP/1.1" 200 14620 "-" "Mozilla/5.0 (compatible; bingbot/2.0; +http://www.bing.com/bingbot.htm)"
49.207.185.128 - - [09/Nov/2017:06:09:22 +0000] "POST / HTTP/1.1" 403 5295 "-" "Mozilla/4.0 (compatible; MSIE 8.0; Windows NT 6.1; WOW64; Trident/4.0; GTB7.5; SLCC2; .NET CLR 2.0.50727; .NET CLR 3.5.30729; .NET CLR 3.0.30729; Media Center PC 6.0; InfoPath.2; .NET4.0C; .NET4.0E)"
217.9.204.106 - - [09/Nov/2017:10:30:45 +0000] "GET /admin/ HTTP/1.1" 200 62562 "https://www.sesam-web.org/admin/login/?next=/admin/" "Mozilla/5.0 (Windows NT 10.0; Win64; x64) AppleWebKit/537.36 (KHTML, like Gecko) Chrome/62.0.3202.62 Safari/537.36"
172.245.248.79 - - [06/Nov/2017:01:13:36 +0000] "GET / HTTP/1.1" 403 5833 "-" "Mozilla/5.0 (Windows NT 10.0; WOW64; Trident/7.0; .NET4.0C; .NET4.0E; .NET CLR 2.0.50727; .NET CLR 3.0.30729; .NET CLR 3.5.30729; rv:11.0) like Gecko"
193.163.223.68 - - [06/Nov/2017:10:48:36 +0000] "GET /accounts/password_reset/ HTTP/1.1" 200 12493 "https://www.sesam-web.org/accounts/login/" "Mozilla/5.0 (Windows NT 6.1; WOW64) AppleWebKit/537.36 (KHTML, like Gecko) Chrome/60.0.3112.90 Safari/537.36"
217.64.42.218 - - [08/Nov/2017:04:47:20 +0000] "GET /cgi-bin/cgiinfo.cgi HTTP/1.1" 404 6027 "-" "-"
193.163.223.58 - - [06/Nov/2017:12:12:50 +0000] "GET /about-SESAM/constitution/ HTTP/1.1" 200 24356 "https://www.sesam-web.org/about-SESAM/" "Mozilla/5.0 (Windows NT 6.1; WOW64) AppleWebKit/537.36 (KHTML, like Gecko) Chrome/60.0.3112.90 Safari/537.36"
157.55.39.110 - - [09/Nov/2017:10:54:10 +0000] "GET /members/register/?next=/subscrptions/ HTTP/1.1" 200 27223 "-" "Mozilla/5.0 (compatible; bingbot/2.0; +http://www.bing.com/bingbot.htm)"
217.9.204.106 - - [07/Nov/2017:14:34:43 +0000] "GET /formbuilder/simulationcentre-application/view/ HTTP/1.1" 200 22298 "http://www.sesam.net:8000/centres/" "Mozilla/5.0 (X11; Ubuntu; Linux x86_64; rv:55.0) Gecko/20100101 Firefox/55.0"
217.64.42.218 - - [08/Nov/2017:04:34:12 +0000] "GET /cgi-bin/?controller=auth&action=login HTTP/1.1" 403 568 "-" "Mozilla/5.0 [en] (X11, U; OpenVAS 8.0.9)"
69.164.204.192 - - [05/Nov/2017:21:24:18 +0000] "GET / HTTP/1.1" 403 5833 "-" "Mozilla/4.0 (compatible; MSIE 8.0; Windows NT 5.1; Trident/4.0; .NET CLR 2.0.50727)"
217.64.42.218 - - [08/Nov/2017:04:38:17 +0000] "GET /cgi-bin/basilix.php?is_ssl=1 HTTP/1.1" 404 520 "-" "-"
31.31.74.211 - - [06/Nov/2017:11:18:38 +0000] "GET /members/ghennermark/ HTTP/1.1" 302 415 "-" "Mozilla/5.0 (compatible; MJ12bot/v1.4.7; http://mj12bot.com/)"
66.249.69.111 - - [08/Nov/2017:02:08:44 +0000] "GET /apple-app-site-association HTTP/1.1" 403 5887 "-" "Mozilla/5.0 (compatible; Googlebot/2.1; +http://www.google.com/bot.html)"
66.249.69.40 - - [09/Nov/2017:05:20:07 +0000] "GET /.well-known/apple-app-site-association HTTP/1.1" 403 5887 "-" "Mozilla/5.0 (compatible; Googlebot/2.1; +http://www.google.com/bot.html)"
217.64.42.218 - - [08/Nov/2017:04:48:15 +0000] "GET /cgi-bin/search.cgi HTTP/1.1" 404 6026 "-" "-"
217.64.42.218 - - [08/Nov/2017:04:41:18 +0000] "GET /scr/soustab.php?dsn[phptype]=../../../../../../../../../../../etc/passwd%00 HTTP/1.1" 403 355 "-" "Mozilla/5.0 [en] (X11, U; OpenVAS 8.0.9)"
142.4.215.116 - - [06/Nov/2017:08:05:19 +0000] "GET /news/ HTTP/1.1" 200 25961 "-" "Mozilla/5.0 (X11; Linux i686) AppleWebKit/534.30 (KHTML, like Gecko) Chrome/12.0.742.100 Safari/534.30"
217.64.42.218 - - [08/Nov/2017:04:40:13 +0000] "GET /newsportal/post.php?newsgroups=<script>alert('openvas-xss-test')</script> HTTP/1.1" 403 5844 "-" "Mozilla/5.0 [en] (X11, U; OpenVAS 8.0.9)"
217.64.42.218 - - [08/Nov/2017:04:38:27 +0000] "OPTIONS /scripts/ HTTP/1.1" 403 355 "-" "Mozilla/5.0 [en] (X11, U; OpenVAS 8.0.9)"
217.64.42.218 - - [08/Nov/2017:04:49:49 +0000] "POST /cgi-bin/hi HTTP/1.1" 404 6018 "() { OpenVAS:; }; echo Content-Type: text/plain; echo; echo; PATH=/usr/bin:/usr/local/bin:/bin; export PATH; id;" "-"
217.64.42.218 - - [08/Nov/2017:04:35:16 +0000] "GET /secret/ HTTP/1.1" 403 355 "-" "Mozilla/5.0 [en] (X11, U; OpenVAS 8.0.9)"
217.64.42.218 - - [08/Nov/2017:04:40:38 +0000] "GET /blindblog/comment.php?id=-1%27%20UNION%20ALL%20SELECT%20NULL,0x4f70656e5641532d53514c2d496e6a656374696f6e2d54657374,3,4%20FROM%20cblog_users%23 HTTP/1.1" 403 355 "-" "Mozilla/5.0 [en] (X11, U; OpenVAS 8.0.9)"
207.46.13.144 - - [05/Nov/2017:22:50:52 +0000] "GET / HTTP/1.1" 403 6313 "-" "Mozilla/5.0 (compatible; bingbot/2.0; +http://www.bing.com/bingbot.htm)"
217.64.42.218 - - [08/Nov/2017:04:36:10 +0000] "GET /xampp/splash.php HTTP/1.1" 403 5844 "-" "Mozilla/5.0 [en] (X11, U; OpenVAS 8.0.9)"
217.64.42.218 - - [08/Nov/2017:04:38:20 +0000] "OPTIONS /scripts/ HTTP/1.1" 403 355 "-" "Mozilla/5.0 [en] (X11, U; OpenVAS 8.0.9)"
217.64.42.218 - - [08/Nov/2017:04:35:35 +0000] "GET /tdiary/index.rb HTTP/1.1" 403 5844 "-" "Mozilla/5.0 [en] (X11, U; OpenVAS 8.0.9)"
194.176.105.144 - - [08/Nov/2017:09:19:23 +0000] "GET / HTTP/1.1" 200 31426 "http://www.bing.com/search?q=sesam&src=IE-TopResult&FORM=IETR02&conversationid=&adlt=strict" "Mozilla/5.0 (Windows NT 6.1; Trident/7.0; rv:11.0) like Gecko"
193.163.223.58 - - [06/Nov/2017:12:03:29 +0000] "GET /about-SESAM/ HTTP/1.1" 200 14970 "https://www.sesam-web.org/about-SESAM/constitution/" "Mozilla/5.0 (Windows NT 6.1; WOW64) AppleWebKit/537.36 (KHTML, like Gecko) Chrome/60.0.3112.90 Safari/537.36"
221.132.113.69 - - [08/Nov/2017:04:40:39 +0000] "GET / HTTP/1.1" 200 30775 "https://www.google.com.pk/" "Mozilla/5.0 (Windows NT 10.0; Win64; x64) AppleWebKit/537.36 (KHTML, like Gecko) Chrome/61.0.3163.100 Safari/537.36"
217.64.42.218 - - [08/Nov/2017:04:37:21 +0000] "GET /cgi-bin/ HTTP/1.1" 403 6020 "-" "Mozilla/5.0 [en] (X11, U; OpenVAS 8.0.9)"
217.64.42.218 - - [08/Nov/2017:04:36:02 +0000] "GET /ArticleSetup/upload/index.php HTTP/1.1" 403 355 "-" "Mozilla/5.0 [en] (X11, U; OpenVAS 8.0.9)"
217.64.42.218 - - [08/Nov/2017:04:36:11 +0000] "GET /vlts/web_reports/cgi-bin/InfoStation.cgi?mod=login&func=login&lang_code=en HTTP/1.1" 403 355 "-" "Mozilla/5.0 [en] (X11, U; OpenVAS 8.0.9)"
217.64.42.218 - - [08/Nov/2017:04:38:09 +0000] "OPTIONS / HTTP/1.1" 403 355 "-" "Mozilla/5.0 [en] (X11, U; OpenVAS 8.0.9)"
217.64.42.218 - - [08/Nov/2017:04:34:15 +0000] "GET /bdatos/ HTTP/1.1" 403 355 "-" "Mozilla/5.0 [en] (X11, U; OpenVAS 8.0.9)"
217.64.42.218 - - [08/Nov/2017:04:46:44 +0000] "POST /cgi-bin/php4 HTTP/1.1" 404 6020 "-" "() { OpenVAS:; }; echo Content-Type: text/plain; echo; echo; PATH=/usr/bin:/usr/local/bin:/bin; export PATH; id;"
217.64.42.218 - - [08/Nov/2017:04:35:41 +0000] "GET /blog/index.php HTTP/1.1" 403 5844 "-" "Mozilla/5.0 [en] (X11, U; OpenVAS 8.0.9)"
217.64.42.218 - - [08/Nov/2017:04:37:05 +0000] "GET /twg/admin/index.php HTTP/1.1" 403 355 "-" "Mozilla/5.0 [en] (X11, U; OpenVAS 8.0.9)"
187.157.241.82 - - [07/Nov/2017:21:39:02 +0000] "GET /favicon.ico HTTP/1.1" 200 1507 "https://www.worldspangroup.com/" "Mozilla/5.0 (Windows NT 10.0; Win64; x64) AppleWebKit/537.36 (KHTML, like Gecko) Chrome/61.0.3163.100 Safari/537.36"
217.64.42.218 - - [08/Nov/2017:04:41:28 +0000] "GET /scripts/index.php?../../../../../../../etc/passwd HTTP/1.1" 403 355 "-" "Mozilla/5.0 [en] (X11, U; OpenVAS 8.0.9)"
157.55.39.21 - - [08/Nov/2017:10:09:30 +0000] "GET /robots.txt HTTP/1.1" 200 24887 "-" "Mozilla/5.0 (compatible; bingbot/2.0; +http://www.bing.com/bingbot.htm)"
217.64.42.218 - - [08/Nov/2017:04:38:33 +0000] "OPTIONS /cgi-bin/ HTTP/1.1" 403 568 "-" "Mozilla/5.0 [en] (X11, U; OpenVAS 8.0.9)"
49.207.185.128 - - [09/Nov/2017:10:27:07 +0000] "POST / HTTP/1.1" 403 469 "-" "Mozilla/4.0 (compatible; MSIE 8.0; Windows NT 6.1; WOW64; Trident/4.0; GTB7.5; SLCC2; .NET CLR 2.0.50727; .NET CLR 3.5.30729; .NET CLR 3.0.30729; Media Center PC 6.0; InfoPath.2; .NET4.0C; .NET4.0E)"
217.64.42.218 - - [08/Nov/2017:04:36:13 +0000] "GET /cgi-bin/admin/admin.php HTTP/1.1" 404 579 "-" "Mozilla/5.0 [en] (X11, U; OpenVAS 8.0.9)"
105.225.74.240 - - [07/Nov/2017:15:17:25 +0000] "GET /accounts/login/?next=/members/profile/ HTTP/1.1" 200 14521 "https://www.sesam-web.org/membership/" "Mozilla/5.0 (Windows NT 10.0; Win64; x64) AppleWebKit/537.36 (KHTML, like Gecko) Chrome/61.0.3163.100 Safari/537.36"
217.64.42.218 - - [08/Nov/2017:04:37:46 +0000] "GET /community/index.php" 403 47 "-" "-"
66.249.75.21 - - [09/Nov/2017:08:16:17 +0000] "GET /.well-known/assetlinks.json HTTP/1.1" 403 5887 "-" "Mozilla/5.0 (compatible; Googlebot/2.1; +http://www.google.com/bot.html)"
217.64.42.218 - - [08/Nov/2017:04:34:31 +0000] "GET /db/ HTTP/1.1" 403 355 "-" "Mozilla/5.0 [en] (X11, U; OpenVAS 8.0.9)"
217.64.42.218 - - [08/Nov/2017:04:35:12 +0000] "GET /cgi-bin/lib/README HTTP/1.1" 404 6026 "-" "Mozilla/5.0 [en] (X11, U; OpenVAS 8.0.9)"
202.42.255.254 - - [09/Nov/2017:03:22:54 +0000] "GET / HTTP/1.1" 200 25634 "https://www.singhealth.com.sg/conferences/S3Conference2017/Pages/Organisers.aspx" "Mozilla/5.0 (Windows NT 6.1) AppleWebKit/537.36 (KHTML, like Gecko) Chrome/61.0.3163.100 Safari/537.36"
217.64.42.218 - - [08/Nov/2017:04:40:38 +0000] "GET /yap/index.php?page=/etc/passwd%00 HTTP/1.1" 403 355 "-" "Mozilla/5.0 [en] (X11, U; OpenVAS 8.0.9)"
217.64.42.218 - - [08/Nov/2017:04:38:26 +0000] "OPTIONS /scripts/ HTTP/1.1" 403 355 "-" "Mozilla/5.0 [en] (X11, U; OpenVAS 8.0.9)"
138.246.253.19 - - [09/Nov/2017:08:11:41 +0000] "HEAD / HTTP/1.1" 403 5531 "-" "Mozilla/5.0 (Windows NT 6.1; Win64; x64) AppleWebKit/537.36 (KHTML, like Gecko) Chrome/40.0.2214.85 Safari/537.36"
217.64.42.218 - - [08/Nov/2017:04:37:54 +0000] "GET /struts/docs/WW/cwiki.apache.org/WW/home.html HTTP/1.1" 403 355 "-" "Mozilla/5.0 [en] (X11, U; OpenVAS 8.0.9)"
157.55.39.93 - - [07/Nov/2017:17:22:13 +0000] "GET / HTTP/1.1" 403 6329 "-" "Mozilla/5.0 (compatible; bingbot/2.0; +http://www.bing.com/bingbot.htm)"
217.64.42.218 - - [08/Nov/2017:04:35:06 +0000] "GET /passwords/ HTTP/1.1" 403 355 "-" "Mozilla/5.0 [en] (X11, U; OpenVAS 8.0.9)"
217.64.42.218 - - [08/Nov/2017:04:37:52 +0000] "GET /office/ag.exe HTTP/1.1" 403 355 "-" "Mozilla/5.0 [en] (X11, U; OpenVAS 8.0.9)"
217.64.42.218 - - [08/Nov/2017:04:41:10 +0000] "GET /tax/index.php HTTP/1.1" 403 355 "-" "Mozilla/5.0 [en] (X11, U; OpenVAS 8.0.9)"
109.25.142.57 - - [07/Nov/2017:21:46:08 +0000] "GET /centres/ HTTP/1.1" 200 24928 "https://www.google.fr/" "Mozilla/5.0 (Windows NT 6.1) AppleWebKit/537.36 (KHTML, like Gecko) Chrome/61.0.3163.100 Safari/537.36"
217.64.42.218 - - [08/Nov/2017:04:36:11 +0000] "GET /bacula-web/test.php HTTP/1.1" 403 355 "-" "Mozilla/5.0 [en] (X11, U; OpenVAS 8.0.9)"
80.211.140.235 - - [06/Nov/2017:19:19:40 +0000] "GET /app/etc/local.xml HTTP/1.1" 403 5850 "-" "HTTP_Request2/2.3.0 (http://pear.php.net/package/http_request2) PHP/5.3.3"
217.64.42.218 - - [08/Nov/2017:04:37:52 +0000] "GET /docs/WW/cwiki.apache.org/WW/guides.html HTTP/1.1" 403 355 "-" "Mozilla/5.0 [en] (X11, U; OpenVAS 8.0.9)"
217.64.42.218 - - [08/Nov/2017:04:38:16 +0000] "GET /invoker/JMXInvokerServlet HTTP/1.1" 403 5807 "-" "Mozilla/5.0 [en] (X11, U; OpenVAS 8.0.9)"
207.46.13.73 - - [05/Nov/2017:20:10:35 +0000] "GET /robots.txt HTTP/1.1" 200 24887 "-" "Mozilla/5.0 (compatible; bingbot/2.0; +http://www.bing.com/bingbot.htm)"
157.55.39.83 - - [05/Nov/2017:13:48:00 +0000] "GET /centres/centre/university-of-eastern-finland-taitostudia/ HTTP/1.1" 200 15350 "-" "Mozilla/5.0 (compatible; bingbot/2.0; +http://www.bing.com/bingbot.htm)"
196.178.165.223 - - [08/Nov/2017:17:45:53 +0000] "GET / HTTP/1.1" 200 31005 "https://www.google.tn/" "Mozilla/5.0 (Windows NT 10.0; Win64; x64) AppleWebKit/537.36 (KHTML, like Gecko) Chrome/62.0.3202.75 Safari/537.36"
217.64.42.218 - - [08/Nov/2017:04:42:13 +0000] "GET /scripts/quixplorer_2_3/index.php?action=download&dir=&item=../../../../../../../../../etc/passwd&order=name&srt=yes HTTP/1.1" 403 355 "-" "Mozilla/5.0 [en] (X11, U; OpenVAS 8.0.9)"
217.64.42.218 - - [08/Nov/2017:04:37:32 +0000] "GET /scripts/viewvc/ HTTP/1.1" 403 355 "-" "Mozilla/5.0 [en] (X11, U; OpenVAS 8.0.9)"
217.64.42.218 - - [08/Nov/2017:04:50:04 +0000] "GET /admin.cgi HTTP/1.1" 403 5814 "() { OpenVAS:; }; echo Content-Type: text/plain; echo; echo; PATH=/usr/bin:/usr/local/bin:/bin; export PATH; id;" "-"
185.94.60.201 - - [07/Nov/2017:12:15:00 +0000] "GET /centres/centre.json?slug=centrul-universitar-de-simulare-in-instruirea-medicala HTTP/1.1" 200 1795 "https://www.sesam-web.org/centres/map/" "Mozilla/5.0 (Windows NT 10.0; Win64; x64) AppleWebKit/537.36 (KHTML, like Gecko) Chrome/61.0.3163.100 Safari/537.36"
157.48.12.131 - - [09/Nov/2017:09:58:36 +0000] "-" 408 137 "-" "-"
217.64.42.218 - - [08/Nov/2017:04:37:43 +0000] "GET /forum/index.php HTTP/1.1" 403 5844 "-" "Mozilla/5.0 [en] (X11, U; OpenVAS 8.0.9)"
103.230.235.19 - - [08/Nov/2017:00:07:41 +0000] "GET /events/event/sesam-paris-2017/ HTTP/1.1" 200 28823 "https://www.google.com.sg/url?sa=t&rct=j&q=&esrc=s&source=web&cd=1&ved=0ahUKEwjr7pyj2a3XAhXHNY8KHSsABLIQFgglMAA&url=https%3A%2F%2Fwww.sesam-web.org%2Fevents%2Fevent%2Fsesam-paris-2017%2F&usg=AOvVaw3QeYZS0_Y8XLbs9o1tt_tN" "Mozilla/5.0 (Windows NT 6.1; Trident/7.0; rv:11.0) like Gecko"
157.55.39.110 - - [07/Nov/2017:23:37:21 +0000] "GET /about-SESAM/ HTTP/1.1" 200 20921 "-" "Mozilla/5.0 (compatible; bingbot/2.0; +http://www.bing.com/bingbot.htm)"
70.119.57.82 - - [07/Nov/2017:15:37:07 +0000] "POST / HTTP/1.1" 403 5788 "-" "Mozilla/5.0 (Windows NT 10.0; WOW64; Trident/7.0; rv:11.0) like Gecko"
217.64.42.218 - - [08/Nov/2017:04:39:06 +0000] "GET /clientscript/ckeditor/CHANGES.md HTTP/1.1" 403 355 "-" "Mozilla/5.0 [en] (X11, U; OpenVAS 8.0.9)"
217.64.42.218 - - [08/Nov/2017:04:36:51 +0000] "GET /ui/ HTTP/1.1" 403 5844 "-" "Mozilla/5.0 [en] (X11, U; OpenVAS 8.0.9)"
217.64.42.218 - - [08/Nov/2017:04:35:28 +0000] "GET /scripts/admin/login.php HTTP/1.1" 403 355 "-" "Mozilla/5.0 [en] (X11, U; OpenVAS 8.0.9)"
196.52.43.62 - - [08/Nov/2017:06:35:53 +0000] "GET / HTTP/1.1" 403 5632 "-" "-"
217.64.42.218 - - [08/Nov/2017:04:38:44 +0000] "GET /lne/index.php HTTP/1.1" 403 355 "-" "Mozilla/5.0 [en] (X11, U; OpenVAS 8.0.9)"
157.55.39.58 - - [08/Nov/2017:05:06:07 +0000] "GET /centres/?page=11 HTTP/1.1" 200 25480 "-" "Mozilla/5.0 (compatible; bingbot/2.0; +http://www.bing.com/bingbot.htm)"
217.64.42.218 - - [08/Nov/2017:04:42:02 +0000] "GET /index.php?mode=viewid&post_id=1' HTTP/1.1" 403 5844 "-" "Mozilla/5.0 [en] (X11, U; OpenVAS 8.0.9)"
157.55.39.209 - - [09/Nov/2017:10:55:15 +0000] "GET /news/march-2015-message-president/ HTTP/1.1" 200 30265 "-" "Mozilla/5.0 (compatible; bingbot/2.0; +http://www.bing.com/bingbot.htm)"
217.64.42.218 - - [08/Nov/2017:04:41:41 +0000] "GET / HTTP/1.1" 403 5814 "-" "-"
217.64.42.218 - - [08/Nov/2017:04:41:45 +0000] "GET /blazeds/messagebroker/httpsecure HTTP/1.1" 403 300 "-" "Mozilla/5.0 [en] (X11, U; OpenVAS 8.0.9)"
217.64.42.218 - - [08/Nov/2017:04:41:45 +0000] "GET /cgi-bin/authLogin.cgi HTTP/1.1" 404 6029 "() { OpenVAS:; }; echo Content-Type: text/plain; echo; echo; PATH=/usr/bin:/usr/local/bin:/bin; export PATH; id;" "-"
217.9.204.106 - - [06/Nov/2017:09:04:29 +0000] "GET /events/pages/sesam-barcelona-2018/registration-and-abstracts2018/ HTTP/1.1" 200 17517 "https://www.sesam-web.org/events/event/sesam-barcelona-2018/" "Mozilla/5.0 (Windows NT 6.1; Win64; x64) AppleWebKit/537.36 (KHTML, like Gecko) Chrome/61.0.3163.100 Safari/537.36"
217.64.42.218 - - [08/Nov/2017:04:47:47 +0000] "POST /cgi-sys/entropysearch.cgi HTTP/1.1" 403 5814 "-" "-"
157.55.39.110 - - [07/Nov/2017:11:03:27 +0000] "GET /events/pages/sesam-paris-2017/confirmed-exhibitors/www.medaphor.com HTTP/1.1" 404 12361 "-" "Mozilla/5.0 (compatible; bingbot/2.0; +http://www.bing.com/bingbot.htm)"
35.188.119.38 - - [06/Nov/2017:13:25:29 +0000] "GET /robots.txt HTTP/1.1" 200 24639 "-" "ltx71 - (http://ltx71.com/)"
217.64.42.218 - - [08/Nov/2017:04:45:35 +0000] "POST /cgi-bin/env.cgi HTTP/1.1" 404 6023 "-" "-"
157.55.39.83 - - [08/Nov/2017:00:29:52 +0000] "GET /initiatives/ HTTP/1.1" 200 19552 "-" "Mozilla/5.0 (compatible; bingbot/2.0; +http://www.bing.com/bingbot.htm)"
217.64.42.218 - - [08/Nov/2017:04:50:35 +0000] "GET /tmUnblock.cgi HTTP/1.1" 403 5814 "-" "-"
217.64.42.218 - - [08/Nov/2017:04:34:12 +0000] "GET /ar/ HTTP/1.1" 403 355 "-" "Mozilla/5.0 [en] (X11, U; OpenVAS 8.0.9)"
217.64.42.218 - - [08/Nov/2017:04:34:02 +0000] "GET /postnuke/themes/SeaBreeze/style/style.css HTTP/1.1" 403 355 "-" "Mozilla/5.0 [en] (X11, U; OpenVAS 8.0.9)"
95.170.156.105 - - [08/Nov/2017:04:44:02 +0000] "GET /centres/centre.json?slug=schweizer-institut-fur-rettungsmedizin HTTP/1.1" 200 1620 "https://www.sesam-web.org/centres/map/" "Mozilla/5.0 (Windows NT 10.0; Win64; x64) AppleWebKit/537.36 (KHTML, like Gecko) Chrome/52.0.2743.116 Safari/537.36 Edge/15.15063"
217.64.42.218 - - [08/Nov/2017:04:39:10 +0000] "GET /cgi-bin/wp-content/plugins/ckeditor-for-wordpress/ckeditor/ckeditor.js HTTP/1.1" 404 626 "-" "Mozilla/5.0 [en] (X11, U; OpenVAS 8.0.9)"
193.163.223.68 - - [06/Nov/2017:12:42:14 +0000] "POST /accounts/login/ HTTP/1.1" 200 14838 "https://www.sesam-web.org/accounts/login/" "Mozilla/5.0 (Windows NT 6.1; WOW64) AppleWebKit/537.36 (KHTML, like Gecko) Chrome/60.0.3112.90 Safari/537.36"
80.187.103.15 - - [05/Nov/2017:17:34:07 +0000] "GET /favicon.ico HTTP/1.1" 200 1507 "https://www.sesam-web.org/events/event/sesam-barcelona-2018/" "Mozilla/5.0 (Linux; Android 7.0; SM-G928F Build/NRD90M) AppleWebKit/537.36 (KHTML, like Gecko) Chrome/61.0.3163.98 Mobile Safari/537.36"
195.188.112.100 - - [07/Nov/2017:15:51:39 +0000] "GET /favicon.ico HTTP/1.1" 200 1507 "https://www.sesam-web.org/" "Mozilla/5.0 (Linux; Android 7.1.1; F8331 Build/41.2.A.7.76) AppleWebKit/537.36 (KHTML, like Gecko) Chrome/61.0.3163.98 Mobile Safari/537.36"
66.249.69.80 - - [08/Nov/2017:12:20:43 +0000] "GET /.well-known/apple-app-site-association HTTP/1.1" 403 5903 "-" "Mozilla/5.0 (compatible; Googlebot/2.1; +http://www.google.com/bot.html)"
217.64.42.218 - - [08/Nov/2017:04:41:39 +0000] "GET /ftp/admin_login.html HTTP/1.1" 403 355 "-" "Mozilla/5.0 [en] (X11, U; OpenVAS 8.0.9)"
217.9.204.106 - - [07/Nov/2017:16:38:33 +0000] "GET /admin/jsi18n/ HTTP/1.1" 200 2900 "https://www.sesam-web.org/admin/events/event/4/" "Mozilla/5.0 (Windows NT 10.0; Win64; x64) AppleWebKit/537.36 (KHTML, like Gecko) Chrome/61.0.3163.100 Safari/537.36"
217.64.42.218 - - [08/Nov/2017:04:37:16 +0000] "GET /cgi-bin/rails/info/properties/ HTTP/1.1" 404 586 "-" "Mozilla/5.0 [en] (X11, U; OpenVAS 8.0.9)"
217.64.42.218 - - [08/Nov/2017:04:37:00 +0000] "GET /gwadmin-console/login.jsp HTTP/1.1" 403 5807 "-" "Mozilla/5.0 [en] (X11, U; OpenVAS 8.0.9)"
217.64.42.218 - - [08/Nov/2017:04:35:19 +0000] "GET /scripts/printenv_1858269372 HTTP/1.1" 403 355 "-" "Mozilla/5.0 [en] (X11, U; OpenVAS 8.0.9)"
217.64.42.218 - - [08/Nov/2017:04:35:15 +0000] "GET /sample/ HTTP/1.1" 403 355 "-" "Mozilla/5.0 [en] (X11, U; OpenVAS 8.0.9)"
217.64.42.218 - - [08/Nov/2017:04:42:13 +0000] "GET /cgi-bin/modules/Submit/index.php?op=pre&title=<script>window.alert(document.cookie);</script> HTTP/1.1" 404 588 "-" "Mozilla/5.0 [en] (X11, U; OpenVAS 8.0.9)"
79.221.68.68 - - [05/Nov/2017:16:44:28 +0000] "GET /favicon.ico HTTP/1.1" 200 1507 "https://www.sesam-web.org/" "Mozilla/5.0 (Windows NT 6.1; Win64; x64) AppleWebKit/537.36 (KHTML, like Gecko) Chrome/61.0.3163.100 Safari/537.36"
221.132.113.69 - - [07/Nov/2017:07:38:38 +0000] "GET /members/register/?next=/abstracts/submitabstract/sesam-barcelona-2018/ HTTP/1.1" 200 27394 "https://www.sesam-web.org/accounts/login/?next=/abstracts/submitabstract/sesam-barcelona-2018/" "Mozilla/5.0 (Windows NT 10.0; Win64; x64) AppleWebKit/537.36 (KHTML, like Gecko) Chrome/61.0.3163.100 Safari/537.36"
139.162.78.135 - - [07/Nov/2017:18:29:43 +0000] "GET / HTTP/1.1" 403 5628 "-" "Mozilla/5.0 (Windows NT 10.0; WOW64) AppleWebKit/537.36 (KHTML, like Gecko) Chrome/45.0.2454.101 Safari/537.36"
134.174.21.158 - - [07/Nov/2017:15:25:46 +0000] "POST /abstracts/852/responses/ HTTP/1.1" 302 6010 "https://www.sesam-web.org/abstracts/852/responses/" "Mozilla/5.0 (Macintosh; Intel Mac OS X 10_12_6) AppleWebKit/537.36 (KHTML, like Gecko) Chrome/60.0.3112.113 Safari/537.36"
157.55.39.58 - - [09/Nov/2017:10:55:06 +0000] "GET /centres/?page=11 HTTP/1.1" 200 19529 "-" "Mozilla/5.0 (compatible; bingbot/2.0; +http://www.bing.com/bingbot.htm)"
66.249.69.253 - - [08/Nov/2017:05:32:13 +0000] "GET /robots.txt HTTP/1.1" 200 24714 "-" "Mozilla/5.0 (compatible; Googlebot/2.1; +http://www.google.com/bot.html)"
193.163.223.68 - - [06/Nov/2017:10:47:00 +0000] "GET /favicon.ico HTTP/1.1" 200 1507 "https://www.sesam-web.org/events/event/sesam-barcelona-2018/" "Mozilla/5.0 (Windows NT 6.1; WOW64) AppleWebKit/537.36 (KHTML, like Gecko) Chrome/60.0.3112.90 Safari/537.36"
217.64.42.218 - - [08/Nov/2017:04:40:17 +0000] "GET /cgi-bin/ticketview.php?email=%22%3E%3Cscript%3Ealert(/openvas-xss-test/)%3C/script%3E&id=1 HTTP/1.1" 404 578 "-" "Mozilla/5.0 [en] (X11, U; OpenVAS 8.0.9)"
142.158.170.15 - - [08/Nov/2017:19:26:24 +0000] "GET /accounts/password_reset/done/ HTTP/1.1" 200 12137 "https://www.sesam-web.org/accounts/password_reset/" "Mozilla/5.0 (Windows NT 6.1; Trident/7.0; rv:11.0) like Gecko"
217.64.42.218 - - [08/Nov/2017:04:35:05 +0000] "GET /otrs-web/ HTTP/1.1" 403 355 "-" "Mozilla/5.0 [en] (X11, U; OpenVAS 8.0.9)"
72.22.150.122 - - [08/Nov/2017:21:17:19 +0000] "POST /autodiscover/autodiscover.xml HTTP/1.1" 403 5676 "-" "MacOutlook/15.32.0.170309 (Intelx64 Mac OS X Version 10.12.6 (Build 16G29))"
217.64.42.218 - - [08/Nov/2017:04:36:46 +0000] "GET /scripts/.ssh/known_hosts HTTP/1.1" 403 355 "-" "Mozilla/5.0 [en] (X11, U; OpenVAS 8.0.9)"
217.64.42.218 - - [08/Nov/2017:04:40:36 +0000] "GET /cgi-bin/signing_system-admin/index.php HTTP/1.1" 404 594 "-" "Mozilla/5.0 [en] (X11, U; OpenVAS 8.0.9)"
217.64.42.218 - - [08/Nov/2017:04:48:41 +0000] "POST /cgi-mod/index.cgi HTTP/1.1" 403 5807 "-" "() { OpenVAS:; }; echo Content-Type: text/plain; echo; echo; PATH=/usr/bin:/usr/local/bin:/bin; export PATH; id;"
217.64.42.218 - - [08/Nov/2017:04:37:25 +0000] "GET /scripts/update.php HTTP/1.1" 403 355 "-" "Mozilla/5.0 [en] (X11, U; OpenVAS 8.0.9)"
208.110.93.52 - - [08/Nov/2017:09:22:05 +0000] "GET /centres/centre/alpha-medical-concepts-amc/ HTTP/1.1" 200 24056 "-" "Mozilla/5.0 (compatible; MJ12bot/v1.4.7; http://mj12bot.com/)"
208.64.115.7 - - [08/Nov/2017:18:24:54 +0000] "GET /events/event/sesam-barcelona-2018/ HTTP/1.1" 200 22460 "https://www.google.com/" "Mozilla/5.0 (Windows NT 6.1; Win64; x64) AppleWebKit/537.36 (KHTML, like Gecko) Chrome/61.0.3163.100 Safari/537.36"
193.163.223.68 - - [06/Nov/2017:12:43:07 +0000] "GET /abstracts/844/responses/ HTTP/1.1" 200 13957 "https://www.sesam-web.org/abstracts/editabstract/844/" "Mozilla/5.0 (Windows NT 6.1; WOW64) AppleWebKit/537.36 (KHTML, like Gecko) Chrome/60.0.3112.90 Safari/537.36"
157.55.39.21 - - [08/Nov/2017:20:56:39 +0000] "GET /robots.txt HTTP/1.1" 200 24887 "-" "Mozilla/5.0 (compatible; bingbot/2.0; +http://www.bing.com/bingbot.htm)"
217.64.42.218 - - [08/Nov/2017:04:39:10 +0000] "GET /cgi-bin/sites/all/modules/ckeditor/CHANGES.md HTTP/1.1" 404 601 "-" "Mozilla/5.0 [en] (X11, U; OpenVAS 8.0.9)"
217.64.42.218 - - [08/Nov/2017:04:37:21 +0000] "GET /scripts/vhosts/ehcp/?op=applyforaccount HTTP/1.1" 403 355 "-" "Mozilla/5.0 [en] (X11, U; OpenVAS 8.0.9)"
217.64.42.218 - - [08/Nov/2017:04:34:53 +0000] "GET /jave/ HTTP/1.1" 403 354 "-" "Mozilla/5.0 [en] (X11, U; OpenVAS 8.0.9)"
217.64.42.218 - - [08/Nov/2017:04:35:02 +0000] "GET /new/ HTTP/1.1" 403 355 "-" "Mozilla/5.0 [en] (X11, U; OpenVAS 8.0.9)"
199.231.184.131 - - [08/Nov/2017:06:59:47 +0000] "GET / HTTP/1.1" 403 5833 "-" "Mozilla/5.0 (Windows NT 10.0; WOW64; Trident/7.0; .NET4.0C; .NET4.0E; .NET CLR 2.0.50727; .NET CLR 3.0.30729; .NET CLR 3.5.30729; rv:11.0) like Gecko"
157.55.39.110 - - [09/Nov/2017:10:54:36 +0000] "GET /news/december-2014-message-president/ HTTP/1.1" 200 23453 "-" "Mozilla/5.0 (compatible; bingbot/2.0; +http://www.bing.com/bingbot.htm)"
157.55.39.144 - - [06/Nov/2017:11:24:08 +0000] "GET /robots.txt HTTP/1.1" 200 24887 "-" "Mozilla/5.0 (compatible; bingbot/2.0; +http://www.bing.com/bingbot.htm)"
217.64.42.218 - - [08/Nov/2017:04:37:47 +0000] "GET /cs-cart/ HTTP/1.1" 403 355 "-" "Mozilla/5.0 [en] (X11, U; OpenVAS 8.0.9)"
217.64.42.218 - - [08/Nov/2017:04:42:04 +0000] "GET /cgi-bin/comments.php?y=05&m=01&entry=../../../../../../../etc/passwd HTTP/1.1" 404 576 "-" "Mozilla/5.0 [en] (X11, U; OpenVAS 8.0.9)"
31.31.74.211 - - [06/Nov/2017:11:18:24 +0000] "GET /members/fatmatoran/ HTTP/1.1" 302 415 "-" "Mozilla/5.0 (compatible; MJ12bot/v1.4.7; http://mj12bot.com/)"
207.46.13.66 - - [08/Nov/2017:17:38:36 +0000] "GET /centres/centre/alpha-medical-concepts-amc/ HTTP/1.1" 200 18603 "-" "Mozilla/5.0 (compatible; bingbot/2.0; +http://www.bing.com/bingbot.htm)"
157.55.39.83 - - [06/Nov/2017:19:33:29 +0000] "GET /news/2014/11/ HTTP/1.1" 200 21142 "-" "Mozilla/5.0 (compatible; bingbot/2.0; +http://www.bing.com/bingbot.htm)"
217.64.42.218 - - [08/Nov/2017:04:38:21 +0000] "GET /dns/index.php HTTP/1.1" 403 355 "-" "Mozilla/5.0 [en] (X11, U; OpenVAS 8.0.9)"
217.64.42.218 - - [08/Nov/2017:04:41:58 +0000] "GET /scripts/index.php?blog=1&title='&more=1&c=1&tb=1&pb=1 HTTP/1.1" 403 355 "-" "Mozilla/5.0 [en] (X11, U; OpenVAS 8.0.9)"
217.61.219.18 - - [07/Nov/2017:19:00:31 +0000] "GET /favicon.ico HTTP/1.1" 200 6821 "https://www.sesam-web.org/events/event/sesam-barcelona-2018/" "Mozilla/5.0 (Macintosh; Intel Mac OS X 10_12_6) AppleWebKit/604.3.5 (KHTML, like Gecko) Version/11.0.1 Safari/604.3.5"
217.64.42.218 - - [08/Nov/2017:04:44:38 +0000] "POST /test.cgi HTTP/1.1" 403 5814 "-" "-"
217.64.42.218 - - [08/Nov/2017:04:33:53 +0000] "GET /ControlManager/default.htm HTTP/1.1" 403 5871 "-" "Mozilla/5.0 [en] (X11, U; OpenVAS 8.0.9)"
51.255.71.120 - - [06/Nov/2017:06:46:19 +0000] "GET /centres/centre/swiss-centre-for-medical-simulation/ HTTP/1.1" 200 20466 "-" "Mozilla/5.0 (compatible; AhrefsBot/5.2; +http://ahrefs.com/robot/)"
217.64.42.218 - - [08/Nov/2017:04:36:43 +0000] "GET /pagespeed_admin/ HTTP/1.1" 403 355 "-" "Mozilla/5.0 [en] (X11, U; OpenVAS 8.0.9)"
217.64.42.218 - - [08/Nov/2017:04:40:20 +0000] "GET /viewfaqs.php?cat=-1+union+select+1 HTTP/1.1" 403 355 "-" "Mozilla/5.0 [en] (X11, U; OpenVAS 8.0.9)"
217.64.42.218 - - [08/Nov/2017:04:38:28 +0000] "OPTIONS /cgi-bin/ HTTP/1.1" 403 568 "-" "Mozilla/5.0 [en] (X11, U; OpenVAS 8.0.9)"
62.255.13.162 - - [07/Nov/2017:09:54:10 +0000] "GET /abstracts/848/responses/ HTTP/1.1" 200 13935 "https://www.sesam-web.org/abstracts/submitabstract/sesam-barcelona-2018/" "Mozilla/5.0 (Windows NT 6.1) AppleWebKit/537.36 (KHTML, like Gecko) Chrome/60.0.3112.90 Safari/537.36"
207.46.13.66 - - [08/Nov/2017:02:39:54 +0000] "GET /formbuilder/simulationcentre-application/view/ HTTP/1.1" 200 16790 "-" "Mozilla/5.0 (compatible; bingbot/2.0; +http://www.bing.com/bingbot.htm)"
157.55.39.83 - - [07/Nov/2017:23:53:34 +0000] "GET /about-SESAM/our-history/ HTTP/1.1" 200 22329 "-" "Mozilla/5.0 (compatible; bingbot/2.0; +http://www.bing.com/bingbot.htm)"
5.90.216.5 - - [06/Nov/2017:21:46:16 +0000] "GET /events/event/sesam-barcelona-2018/ HTTP/1.1" 200 22460 "-" "Mozilla/5.0 (Linux; Android 7.0; SM-G925F Build/NRD90M) AppleWebKit/537.36 (KHTML, like Gecko) Chrome/61.0.3163.98 Mobile Safari/537.36"
217.64.42.218 - - [08/Nov/2017:04:34:59 +0000] "GET /members/ HTTP/1.1" 403 355 "-" "Mozilla/5.0 [en] (X11, U; OpenVAS 8.0.9)"
157.55.39.83 - - [08/Nov/2017:02:39:27 +0000] "GET /news/ipssw-2015-speakers/ HTTP/1.1" 200 21025 "-" "Mozilla/5.0 (compatible; bingbot/2.0; +http://www.bing.com/bingbot.htm)"
217.64.42.218 - - [08/Nov/2017:04:38:33 +0000] "GET /elite/admin/login.php HTTP/1.1" 403 355 "-" "Mozilla/5.0 [en] (X11, U; OpenVAS 8.0.9)"
217.9.204.106 - - [07/Nov/2017:15:24:36 +0000] "GET /admin/jsi18n/ HTTP/1.1" 200 2900 "https://www.sesam-web.org/admin/centres/centre/?q=bio" "Mozilla/5.0 (X11; Ubuntu; Linux x86_64; rv:55.0) Gecko/20100101 Firefox/55.0"
217.64.42.218 - - [08/Nov/2017:04:39:09 +0000] "GET /cgi-bin/ckeditor.js HTTP/1.1" 404 575 "-" "Mozilla/5.0 [en] (X11, U; OpenVAS 8.0.9)"
217.64.42.218 - - [08/Nov/2017:04:39:18 +0000] "GET /index.js%70 HTTP/1.1" 403 5844 "-" "Mozilla/5.0 [en] (X11, U; OpenVAS 8.0.9)"
207.46.13.66 - - [06/Nov/2017:19:33:02 +0000] "GET /news/2017/2/ HTTP/1.1" 200 20492 "-" "Mozilla/5.0 (compatible; bingbot/2.0; +http://www.bing.com/bingbot.htm)"
157.21.143.87 - - [07/Nov/2017:19:10:13 +0000] "GET /SESAMAnnualMeetings/ HTTP/1.1" 200 15857 "https://www.sesam-web.org/" "Mozilla/5.0 (Macintosh; Intel Mac OS X 10_12_6) AppleWebKit/604.3.5 (KHTML, like Gecko) Version/11.0.1 Safari/604.3.5"
68.180.229.225 - - [07/Nov/2017:08:20:30 +0000] "GET /events/event/sesam-lisbon/ HTTP/1.1" 200 23314 "-" "Mozilla/5.0 (compatible; Yahoo! Slurp; http://help.yahoo.com/help/us/ysearch/slurp)"
207.46.13.66 - - [09/Nov/2017:10:54:34 +0000] "GET /news/category/sesam-general/ HTTP/1.1" 200 23253 "-" "Mozilla/5.0 (compatible; bingbot/2.0; +http://www.bing.com/bingbot.htm)"
217.64.42.218 - - [08/Nov/2017:04:35:07 +0000] "GET /phorum/ HTTP/1.1" 403 354 "-" "Mozilla/5.0 [en] (X11, U; OpenVAS 8.0.9)"
213.205.252.205 - - [08/Nov/2017:20:02:19 +0000] "GET /events/pages/sesam-paris-2017/registration-and-abstracts2017/ HTTP/1.1" 200 22922 "https://www.sesam-web.org/events/event/sesam-paris-2017/" "Mozilla/5.0 (Linux; Android 7.1.1; ONEPLUS A3003 Build/NMF26F) AppleWebKit/537.36 (KHTML, like Gecko) Chrome/61.0.3163.98 Mobile Safari/537.36"
80.193.28.70 - - [09/Nov/2017:07:32:05 +0000] "GET /accounts/login/?next=/abstracts/submitabstract/sesam-barcelona-2018/ HTTP/1.1" 200 14581 "https://www.sesam-web.org/events/event/sesam-barcelona-2018/" "Mozilla/5.0 (Linux; Android 7.1.1; ONEPLUS A3003 Build/NMF26F) AppleWebKit/537.36 (KHTML, like Gecko) Chrome/62.0.3202.84 Mobile Safari/537.36"
217.64.42.218 - - [08/Nov/2017:04:45:57 +0000] "GET /cgi-bin/php HTTP/1.1" 500 6349 "-" "() { OpenVAS:; }; echo Content-Type: text/plain; echo; echo; PATH=/usr/bin:/usr/local/bin:/bin; export PATH; id;"
104.223.124.139 - - [06/Nov/2017:20:53:11 +0000] "GET / HTTP/1.1" 403 5833 "-" "Mozilla/5.0 (Windows NT 10.0; WOW64; rv:52.0) Gecko/20100101 Firefox/36.0"
217.64.42.218 - - [08/Nov/2017:04:35:54 +0000] "GET /helpdesk/wonderdesk.cgi HTTP/1.1" 403 355 "-" "Mozilla/5.0 [en] (X11, U; OpenVAS 8.0.9)"
217.64.42.218 - - [08/Nov/2017:04:40:09 +0000] "GET /cgi-bin/index.php?pg=1&d=../../../../../../../../../../../../../../../../../../ HTTP/1.1" 404 573 "-" "Mozilla/5.0 [en] (X11, U; OpenVAS 8.0.9)"
151.229.180.145 - - [07/Nov/2017:08:37:22 +0000] "GET /accreditation/ HTTP/1.1" 200 15914 "https://www.sesam-web.org/subscrptions/" "Mozilla/5.0 (iPhone; CPU iPhone OS 11_0 like Mac OS X) AppleWebKit/604.1.38 (KHTML, like Gecko) Version/11.0 Mobile/15A372 Safari/604.1"
217.64.42.218 - - [08/Nov/2017:04:36:51 +0000] "GET /cgi-bin/.ssh/id_ecdsa HTTP/1.1" 404 577 "-" "Mozilla/5.0 [en] (X11, U; OpenVAS 8.0.9)"
