72.22.150.122 - - [08/Nov/2017:19:18:32 +0000] "POST /autodiscover/autodiscover.xml HTTP/1.1" 403 5676 "-" "MacOutlook/15.32.0.170309 (Intelx64 Mac OS X Version 10.12.6 (Build 16G29))"
217.64.42.218 - - [08/Nov/2017:04:42:42 +0000] "GET /status HTTP/1.1" 403 5807 "-" "() { _; OpenVAS; } >_[$($())] {  echo Content-Type: text/plain; echo; echo; PATH=/usr/bin:/usr/local/bin:/bin; export PATH; id; }"
185.94.60.201 - - [07/Nov/2017:12:15:11 +0000] "GET /centres/centre.json?slug=medical-education-simulation-hub-mesh-the-mid-yorkshire-nhs-trust HTTP/1.1" 200 2213 "https://www.sesam-web.org/centres/map/" "Mozilla/5.0 (Windows NT 10.0; Win64; x64) AppleWebKit/537.36 (KHTML, like Gecko) Chrome/61.0.3163.100 Safari/537.36"
217.64.42.218 - - [08/Nov/2017:04:38:08 +0000] "OPTIONS / HTTP/1.1" 403 355 "-" "Mozilla/5.0 [en] (X11, U; OpenVAS 8.0.9)"
169.54.233.126 - - [06/Nov/2017:06:33:44 +0000] "GET / HTTP/1.1" 403 5632 "-" "-"
173.205.33.31 - - [09/Nov/2017:10:22:07 +0000] "GET / HTTP/1.1" 200 30973 "-" "Mozilla/5.0 (compatible; MSIE 9.0; Windows NT 6.1; WOW64; Trident/5.0)"
94.197.121.69 - - [08/Nov/2017:14:36:46 +0000] "POST /accounts/login/ HTTP/1.1" 200 14893 "https://www.sesam-web.org/accounts/login/?next=/abstracts/submitabstract/sesam-barcelona-2018/" "Mozilla/5.0 (Macintosh; Intel Mac OS X 10_11_6) AppleWebKit/602.3.12 (KHTML, like Gecko) Version/10.0.2 Safari/602.3.12"
84.78.20.179 - - [07/Nov/2017:16:37:20 +0000] "GET /events/pages/sesam-barcelona-2018/about-barcelona/ HTTP/1.1" 200 26382 "https://www.google.es/" "Mozilla/5.0 (Linux; Android 6.0; LG-K420 Build/MRA58K) AppleWebKit/537.36 (KHTML, like Gecko) Chrome/61.0.3163.98 Mobile Safari/537.36"
217.64.42.218 - - [08/Nov/2017:04:38:56 +0000] "GET /feng_community/index.php?c=access&a=login HTTP/1.1" 403 355 "-" "Mozilla/5.0 [en] (X11, U; OpenVAS 8.0.9)"
217.64.42.218 - - [08/Nov/2017:04:35:03 +0000] "GET /offers/ HTTP/1.1" 403 355 "-" "Mozilla/5.0 [en] (X11, U; OpenVAS 8.0.9)"
37.201.224.87 - - [05/Nov/2017:09:42:48 +0000] "GET / HTTP/1.1" 200 26663 "https://www.google.de/" "Mozilla/5.0 (Windows NT 10.0; Win64; x64) AppleWebKit/537.36 (KHTML, like Gecko) Chrome/62.0.3202.75 Safari/537.36"
129.241.181.1 - - [07/Nov/2017:12:07:12 +0000] "GET /favicon.ico HTTP/1.1" 200 1507 "https://www.sesam-web.org/events/event/sesam-barcelona-2018/" "Mozilla/5.0 (Windows NT 10.0; Win64; x64) AppleWebKit/537.36 (KHTML, like Gecko) Chrome/61.0.3163.100 Safari/537.36"
157.55.39.83 - - [07/Nov/2017:00:06:40 +0000] "GET /accreditation/ HTTP/1.1" 200 21727 "-" "Mozilla/5.0 (compatible; bingbot/2.0; +http://www.bing.com/bingbot.htm)"
217.64.42.218 - - [08/Nov/2017:04:41:06 +0000] "GET /..%5c..%5c..%5cboot.ini HTTP/1.1" 403 5844 "-" "Mozilla/5.0 [en] (X11, U; OpenVAS 8.0.9)"
217.64.42.218 - - [08/Nov/2017:04:49:24 +0000] "POST /cgi-bin-sdb/printenv HTTP/1.1" 403 5814 "() { OpenVAS:; }; echo Content-Type: text/plain; echo; echo; PATH=/usr/bin:/usr/local/bin:/bin; export PATH; id;" "-"
157.55.39.83 - - [06/Nov/2017:02:08:31 +0000] "GET /centres/centre/tbilisi-state-medical-university-clinical-skills-centre/ HTTP/1.1" 200 18237 "-" "Mozilla/5.0 (compatible; bingbot/2.0; +http://www.bing.com/bingbot.htm)"
217.64.42.218 - - [08/Nov/2017:04:38:37 +0000] "GET /ecms/?view=home HTTP/1.1" 403 5844 "-" "Mozilla/5.0 [en] (X11, U; OpenVAS 8.0.9)"
217.64.42.218 - - [08/Nov/2017:04:39:37 +0000] "GET /index.jsp HTTP/1.1" 403 355 "-" "Mozilla/5.0 [en] (X11, U; OpenVAS 8.0.9)"
208.110.93.52 - - [08/Nov/2017:09:23:21 +0000] "GET /members/jnavarro/ HTTP/1.1" 302 269 "-" "Mozilla/5.0 (compatible; MJ12bot/v1.4.7; http://mj12bot.com/)"
157.55.39.110 - - [08/Nov/2017:17:38:07 +0000] "GET /) HTTP/1.1" 404 12361 "-" "Mozilla/5.0 (compatible; bingbot/2.0; +http://www.bing.com/bingbot.htm)"
157.55.39.8 - - [07/Nov/2017:22:26:02 +0000] "GET /robots.txt HTTP/1.1" 200 24914 "-" "Mozilla/5.0 (compatible; bingbot/2.0; +http://www.bing.com/bingbot.htm)"
207.46.13.145 - - [07/Nov/2017:16:11:09 +0000] "GET / HTTP/1.1" 403 6329 "-" "Mozilla/5.0 (compatible; bingbot/2.0; +http://www.bing.com/bingbot.htm)"
217.64.42.218 - - [08/Nov/2017:04:48:58 +0000] "POST /cgi-bin/cgitest.py HTTP/1.1" 404 6026 "-" "-"
217.9.204.106 - - [07/Nov/2017:11:58:52 +0000] "POST /autodiscover/autodiscover.xml HTTP/1.1" 403 5676 "-" "MacOutlook/15.39.0.171010 (Intelx64 Mac OS X Version 10.13.1 (Build 17B48))"
217.64.42.218 - - [08/Nov/2017:04:40:23 +0000] "GET /scripts/login/login.php?sessID=<script>alert(/openvas-xss-test/)</script> HTTP/1.1" 403 355 "-" "Mozilla/5.0 [en] (X11, U; OpenVAS 8.0.9)"
217.64.42.218 - - [08/Nov/2017:04:33:56 +0000] "GET /scripts/vGQEdcpMXwKR.inc HTTP/1.1" 403 355 "-" "Mozilla/5.0 [en] (X11, U; OpenVAS 8.0.9)"
217.64.42.218 - - [08/Nov/2017:04:41:47 +0000] "GET /editor/filemanager/connectors/php/connector.php?Command=GetFolders&Type=File&CurrentFolder=%2F HTTP/1.1" 403 355 "-" "Mozilla/5.0 [en] (X11, U; OpenVAS 8.0.9)"
157.55.39.251 - - [07/Nov/2017:22:06:26 +0000] "GET / HTTP/1.1" 403 6313 "-" "Mozilla/5.0 (compatible; bingbot/2.0; +http://www.bing.com/bingbot.htm)"
217.64.42.218 - - [08/Nov/2017:04:39:33 +0000] "GET / HTTP/1.1" 403 5807 "-" "Mozilla/5.0 [en] (X11, U; OpenVAS 8.0.9)"
199.21.112.246 - - [08/Nov/2017:07:00:49 +0000] "GET / HTTP/1.1" 403 5833 "-" "Mozilla/5.0 (Macintosh; Intel Mac OS X 10.12; rv:52.0) Gecko/20100101 Firefox/33.0"
217.64.42.218 - - [08/Nov/2017:04:38:11 +0000] "GET /cgi-bin/index.php?page=start HTTP/1.1" 404 573 "-" "Mozilla/5.0 [en] (X11, U; OpenVAS 8.0.9)"
217.64.42.218 - - [08/Nov/2017:04:45:25 +0000] "GET /cgi-bin/info.cgi HTTP/1.1" 404 6024 "-" "-"
217.64.42.218 - - [08/Nov/2017:04:35:16 +0000] "GET /secure/ HTTP/1.1" 403 355 "-" "Mozilla/5.0 [en] (X11, U; OpenVAS 8.0.9)"
62.44.135.247 - - [08/Nov/2017:16:00:19 +0000] "GET / HTTP/1.1" 200 30810 "-" "Mozilla/5.0 (Macintosh; Intel Mac OS X 10_12_6) AppleWebKit/604.3.5 (KHTML, like Gecko) Version/11.0.1 Safari/604.3.5"
217.64.42.218 - - [08/Nov/2017:04:36:42 +0000] "GET /html/%3f.jsp HTTP/1.1" 403 355 "-" "Mozilla/5.0 [en] (X11, U; OpenVAS 8.0.9)"
37.216.205.33 - - [07/Nov/2017:12:45:45 +0000] "GET /events/pages/sesam-barcelona-2018/Dates-and-Deadlines-20181/ HTTP/1.1" 200 17487 "https://www.sesam-web.org/events/pages/sesam-barcelona-2018/registration-and-abstracts2018/" "Mozilla/5.0 (Windows NT 6.1; WOW64; Trident/7.0; rv:11.0) like Gecko"
40.77.167.126 - - [08/Nov/2017:07:25:04 +0000] "GET / HTTP/1.1" 403 6313 "-" "Mozilla/5.0 (compatible; bingbot/2.0; +http://www.bing.com/bingbot.htm)"
217.64.42.218 - - [08/Nov/2017:04:38:14 +0000] "GET /scripts/user/login HTTP/1.1" 403 355 "-" "Mozilla/5.0 [en] (X11, U; OpenVAS 8.0.9)"
164.2.255.244 - - [08/Nov/2017:08:43:01 +0000] "GET /favicon.ico HTTP/1.1" 200 1507 "https://www.sesam-web.org/events/event/sesam-lisbon/pages/accommodation/" "Mozilla/5.0 (Windows NT 6.1; Win64; x64) AppleWebKit/537.36 (KHTML, like Gecko) Chrome/61.0.3163.100 Safari/537.36"
217.64.42.218 - - [08/Nov/2017:04:40:22 +0000] "GET /page.php?id=' HTTP/1.1" 403 5844 "-" "Mozilla/5.0 [en] (X11, U; OpenVAS 8.0.9)"
217.64.42.218 - - [08/Nov/2017:04:34:52 +0000] "GET /javasdk/ HTTP/1.1" 403 354 "-" "Mozilla/5.0 [en] (X11, U; OpenVAS 8.0.9)"
217.64.42.218 - - [08/Nov/2017:04:39:58 +0000] "GET /photo/templates/admin_default/confirm.tpl.php?nsextt=\"><script>alert(/openvas-xss-test/);</script> HTTP/1.1" 403 355 "-" "Mozilla/5.0 [en] (X11, U; OpenVAS 8.0.9)"
217.64.42.218 - - [08/Nov/2017:04:37:31 +0000] "GET /index.htm. HTTP/1.1" 403 355 "-" "Mozilla/5.0 [en] (X11, U; OpenVAS 8.0.9)"
131.227.196.71 - - [08/Nov/2017:15:36:28 +0000] "GET /events/event/sesam-barcelona-2018/ HTTP/1.1" 200 17089 "https://www.sesam-web.org/events/event/sesam-barcelona-2018/" "Mozilla/5.0 (Windows NT 6.1; Win64; x64) AppleWebKit/537.36 (KHTML, like Gecko) Chrome/61.0.3163.100 Safari/537.36"
109.25.142.57 - - [07/Nov/2017:21:48:50 +0000] "GET /centres/centre.json?slug=maudsley-simulation HTTP/1.1" 200 1453 "https://www.sesam-web.org/centres/map/" "Mozilla/5.0 (Windows NT 6.1) AppleWebKit/537.36 (KHTML, like Gecko) Chrome/61.0.3163.100 Safari/537.36"
79.151.27.141 - - [07/Nov/2017:09:48:50 +0000] "GET / HTTP/1.1" 200 25268 "https://www.sesam-web.org/about-SESAM/" "Mozilla/5.0 (Windows NT 10.0; Win64; x64; rv:56.0) Gecko/20100101 Firefox/56.0"
217.64.42.218 - - [08/Nov/2017:04:34:01 +0000] "GET /Log/ HTTP/1.1" 403 355 "-" "Mozilla/5.0 [en] (X11, U; OpenVAS 8.0.9)"
217.64.42.218 - - [08/Nov/2017:04:37:27 +0000] "GET /cgi-bin/index.cgi HTTP/1.1" 404 573 "-" "Mozilla/5.0 [en] (X11, U; OpenVAS 8.0.9)"
176.181.130.174 - - [06/Nov/2017:12:36:25 +0000] "GET /favicon.ico HTTP/1.1" 200 1507 "https://www.sesam-web.org/centres/centre/centre-de-simulation-presage/" "Mozilla/5.0 (Macintosh; Intel Mac OS X 10_13_1) AppleWebKit/537.36 (KHTML, like Gecko) Chrome/61.0.3163.100 Safari/537.36"
217.64.42.218 - - [08/Nov/2017:04:38:55 +0000] "GET /logeye/security/auth/login.jsp HTTP/1.1" 403 5844 "-" "Mozilla/5.0 [en] (X11, U; OpenVAS 8.0.9)"
217.64.42.218 - - [08/Nov/2017:04:40:04 +0000] "GET /AChecker/checker/index.php HTTP/1.1" 403 5844 "-" "Mozilla/5.0 [en] (X11, U; OpenVAS 8.0.9)"
217.64.42.218 - - [08/Nov/2017:04:40:16 +0000] "GET /dataface/dataface_info.php HTTP/1.1" 403 355 "-" "Mozilla/5.0 [en] (X11, U; OpenVAS 8.0.9)"
157.55.39.110 - - [09/Nov/2017:10:54:08 +0000] "GET /news/sim-centre-network/ HTTP/1.1" 200 21691 "-" "Mozilla/5.0 (compatible; bingbot/2.0; +http://www.bing.com/bingbot.htm)"
217.64.42.218 - - [08/Nov/2017:04:39:17 +0000] "GET /cgi-bin/home.cfm?Mode=debug HTTP/1.1" 404 572 "-" "Mozilla/5.0 [en] (X11, U; OpenVAS 8.0.9)"
66.249.66.16 - - [07/Nov/2017:02:38:01 +0000] "GET /robots.txt HTTP/1.1" 200 24698 "-" "Mozilla/5.0 (compatible; Googlebot/2.1; +http://www.google.com/bot.html)"
77.136.42.243 - - [06/Nov/2017:12:24:22 +0000] "GET /events/event/sesam-paris-2017/ HTTP/1.1" 200 23272 "https://www.google.fr/" "Mozilla/5.0 (iPhone; CPU iPhone OS 11_0_3 like Mac OS X) AppleWebKit/604.1.38 (KHTML, like Gecko) Version/11.0 Mobile/15A432 Safari/604.1"
217.64.42.218 - - [08/Nov/2017:04:34:45 +0000] "GET /cgi-bin/chklogin.cgi HTTP/1.1" 404 6028 "-" "Mozilla/5.0 [en] (X11, U; OpenVAS 8.0.9)"
157.55.39.110 - - [07/Nov/2017:01:55:11 +0000] "GET /about-SESAM/executive-comittee/ HTTP/1.1" 200 22499 "-" "Mozilla/5.0 (compatible; bingbot/2.0; +http://www.bing.com/bingbot.htm)"
207.46.13.66 - - [05/Nov/2017:23:45:59 +0000] "GET /partners/ HTTP/1.1" 200 20657 "-" "Mozilla/5.0 (compatible; bingbot/2.0; +http://www.bing.com/bingbot.htm)"
142.158.1.161 - - [08/Nov/2017:19:36:58 +0000] "GET /accounts/reset/done/ HTTP/1.1" 200 11839 "https://www.sesam-web.org/accounts/reset/MjA3Ng/4qz-09e2d529e066541dd7c3/" "Mozilla/5.0 (Macintosh; Intel Mac OS X 10.9; rv:56.0) Gecko/20100101 Firefox/56.0"
217.64.42.218 - - [08/Nov/2017:04:38:21 +0000] "GET /vegadns/index.php HTTP/1.1" 403 5844 "-" "Mozilla/5.0 [en] (X11, U; OpenVAS 8.0.9)"
217.64.42.218 - - [08/Nov/2017:04:40:00 +0000] "POST /index.php?console=panel HTTP/1.1" 403 5795 "-" "-"
1.152.105.34 - - [07/Nov/2017:03:19:00 +0000] "GET /events/pages/sesam-barcelona-2018/Dates-and-Deadlines-20181/ HTTP/1.1" 200 17109 "https://www.sesam-web.org/events/event/sesam-barcelona-2018/" "Mozilla/5.0 (Macintosh; Intel Mac OS X 10_12_6) AppleWebKit/604.3.5 (KHTML, like Gecko) Version/11.0.1 Safari/604.3.5"
66.249.64.92 - - [06/Nov/2017:00:30:03 +0000] "GET /.well-known/assetlinks.json HTTP/1.1" 403 5887 "-" "Mozilla/5.0 (compatible; Googlebot/2.1; +http://www.google.com/bot.html)"
217.64.42.218 - - [08/Nov/2017:04:34:39 +0000] "GET /login.html HTTP/1.1" 403 5844 "-" "Mozilla/5.0 [en] (X11, U; OpenVAS 8.0.9)"
66.249.64.147 - - [06/Nov/2017:05:15:28 +0000] "GET /.well-known/assetlinks.json HTTP/1.1" 403 5903 "-" "Mozilla/5.0 (compatible; Googlebot/2.1; +http://www.google.com/bot.html)"
217.64.42.218 - - [08/Nov/2017:04:41:29 +0000] "GET /pulsecms/index.php??p=../../../../../../../../../etc/passwd%00 HTTP/1.1" 403 355 "-" "Mozilla/5.0 [en] (X11, U; OpenVAS 8.0.9)"
217.64.42.218 - - [08/Nov/2017:04:46:15 +0000] "GET /cgi-sys/php5 HTTP/1.1" 403 5807 "-" "() { OpenVAS:; }; echo Content-Type: text/plain; echo; echo; PATH=/usr/bin:/usr/local/bin:/bin; export PATH; id;"
217.64.42.218 - - [08/Nov/2017:04:41:06 +0000] "GET /scripts/index.php?PathPrefix=../../../../../../../../../../../../../../../../../../etc/passwd%00 HTTP/1.1" 403 355 "-" "Mozilla/5.0 [en] (X11, U; OpenVAS 8.0.9)"
217.64.42.218 - - [08/Nov/2017:04:48:22 +0000] "GET /cgi-bin/whois.cgi HTTP/1.1" 404 6025 "-" "-"
157.55.39.110 - - [06/Nov/2017:19:33:56 +0000] "GET /formbuilder/sesam-paris-2017-sponsor-exhibitor-feedback1/view/ HTTP/1.1" 200 28193 "-" "Mozilla/5.0 (compatible; bingbot/2.0; +http://www.bing.com/bingbot.htm)"
217.64.42.218 - - [08/Nov/2017:04:40:22 +0000] "GET /show_profile.php?custid=1+and+1=0+union+select+1,0x4f70656e5641532d53514c2d496e6a656374696f6e2d54657374,3,4,5,6,7,8,9,10,11,12,13,14,15,16,17,18,19,20,21,22,23,24,25,26,27,28,29,30,31,32,33,34,35,36,37,38,39,40,41,42,43,44,45,46,47,48,49,50,51,52,53,54,55,56,57,58,59,60,61,62,63,64,65,66--+ HTTP/1.1" 403 355 "-" "Mozilla/5.0 [en] (X11, U; OpenVAS 8.0.9)"
68.180.229.225 - - [06/Nov/2017:14:11:41 +0000] "GET /centres/ HTTP/1.1" 200 24902 "-" "Mozilla/5.0 (compatible; Yahoo! Slurp; http://help.yahoo.com/help/us/ysearch/slurp)"
217.64.42.218 - - [08/Nov/2017:04:37:50 +0000] "GET /jenkins/ HTTP/1.1" 403 5844 "-" "Mozilla/5.0 [en] (X11, U; OpenVAS 8.0.9)"
217.64.42.218 - - [08/Nov/2017:04:36:08 +0000] "GET /usvn/public/login/index.php HTTP/1.1" 403 355 "-" "Mozilla/5.0 [en] (X11, U; OpenVAS 8.0.9)"
38.86.163.3 - - [08/Nov/2017:20:56:39 +0000] "GET /abstracts/mysubmissions/sesam-barcelona-2018/ HTTP/1.1" 200 18032 "https://www.sesam-web.org/abstracts/submitabstract/sesam-barcelona-2018/" "Mozilla/5.0 (Windows NT 6.1; WOW64; rv:54.0) Gecko/20100101 Firefox/54.0"
217.64.42.218 - - [08/Nov/2017:04:35:00 +0000] "GET /mysql_admin/ HTTP/1.1" 403 355 "-" "Mozilla/5.0 [en] (X11, U; OpenVAS 8.0.9)"
217.64.42.218 - - [08/Nov/2017:04:39:28 +0000] "GET /cucm/showHome.do HTTP/1.1" 403 355 "-" "Mozilla/5.0 [en] (X11, U; OpenVAS 8.0.9)"
207.46.13.66 - - [05/Nov/2017:13:47:32 +0000] "GET /news/2017/2/ HTTP/1.1" 200 20507 "-" "Mozilla/5.0 (compatible; bingbot/2.0; +http://www.bing.com/bingbot.htm)"
185.94.60.201 - - [07/Nov/2017:12:15:30 +0000] "GET /centres/centre.json?slug=the-simulation-center-gjvik-university-college HTTP/1.1" 200 1746 "https://www.sesam-web.org/centres/map/" "Mozilla/5.0 (Windows NT 10.0; Win64; x64) AppleWebKit/537.36 (KHTML, like Gecko) Chrome/61.0.3163.100 Safari/537.36"
131.0.19.165 - - [08/Nov/2017:10:32:10 +0000] "GET /about-SESAM/ HTTP/1.1" 200 15108 "https://www.sesam-web.org/accounts/login/?next=/events/event/sesam-barcelona-2018/" "Mozilla/5.0 (Windows NT 6.1; Win64; x64) AppleWebKit/537.36 (KHTML, like Gecko) Chrome/62.0.3202.89 Safari/537.36"
157.55.39.8 - - [07/Nov/2017:12:50:13 +0000] "GET /robots.txt HTTP/1.1" 200 24887 "-" "Mozilla/5.0 (compatible; bingbot/2.0; +http://www.bing.com/bingbot.htm)"
5.9.62.130 - - [05/Nov/2017:09:29:46 +0000] "GET /members/mmlcek/ HTTP/1.1" 302 267 "-" "Mozilla/5.0 (compatible; MJ12bot/v1.4.7; http://mj12bot.com/)"
217.64.42.218 - - [08/Nov/2017:04:34:32 +0000] "GET /viart_shop.xml HTTP/1.1" 403 355 "-" "Mozilla/5.0 [en] (X11, U; OpenVAS 8.0.9)"
80.108.20.40 - - [08/Nov/2017:03:20:45 +0000] "GET /centres/ HTTP/1.1" 200 24733 "https://www.google.at/" "Mozilla/5.0 (Macintosh; Intel Mac OS X 10_12_6) AppleWebKit/604.3.5 (KHTML, like Gecko) Version/11.0.1 Safari/604.3.5"
157.55.39.110 - - [08/Nov/2017:02:38:58 +0000] "GET /centres/centre/le-simu-de-nantes/ HTTP/1.1" 200 17974 "-" "Mozilla/5.0 (compatible; bingbot/2.0; +http://www.bing.com/bingbot.htm)"
217.64.42.218 - - [08/Nov/2017:04:34:01 +0000] "GET /scripts/EmployeeSearch.cc HTTP/1.1" 403 355 "-" "Mozilla/5.0 [en] (X11, U; OpenVAS 8.0.9)"
52.204.147.41 - - [05/Nov/2017:15:28:04 +0000] "GET / HTTP/1.1" 200 31783 "-" "Mozilla/5.0 (X11; Linux x86_64) AppleWebKit/537.36 (KHTML, like Gecko) Chrome/60.0.3112.78 Safari/537.36"
217.64.42.218 - - [08/Nov/2017:04:38:44 +0000] "GET /cas/login HTTP/1.1" 403 5844 "-" "Mozilla/5.0 [en] (X11, U; OpenVAS 8.0.9)"
217.64.42.218 - - [08/Nov/2017:04:37:37 +0000] "GET /listing.php HTTP/1.1" 403 5844 "-" "Mozilla/5.0 [en] (X11, U; OpenVAS 8.0.9)"
217.64.42.218 - - [08/Nov/2017:04:34:04 +0000] "GET /_ScriptLibrary/ HTTP/1.1" 403 355 "-" "Mozilla/5.0 [en] (X11, U; OpenVAS 8.0.9)"
217.64.42.218 - - [08/Nov/2017:04:38:32 +0000] "GET /horde/imp/ HTTP/1.1" 403 5844 "-" "Mozilla/5.0 [en] (X11, U; OpenVAS 8.0.9)"
217.64.42.218 - - [08/Nov/2017:04:46:08 +0000] "GET /cgi-bin/php5 HTTP/1.1" 500 6349 "-" "-"
217.64.42.218 - - [08/Nov/2017:04:40:15 +0000] "GET /dlguard/cart//index.php?page=1&c=&searchCart=\"><script>alert(/openvas-xss-test/)</script> HTTP/1.1" 403 5844 "-" "Mozilla/5.0 [en] (X11, U; OpenVAS 8.0.9)"
217.9.204.106 - - [07/Nov/2017:15:25:26 +0000] "GET /admin/jsi18n/ HTTP/1.1" 200 2900 "https://www.sesam-web.org/admin/centres/centre/" "Mozilla/5.0 (X11; Ubuntu; Linux x86_64; rv:55.0) Gecko/20100101 Firefox/55.0"
217.64.42.218 - - [08/Nov/2017:04:35:15 +0000] "GET /cgi-bin/rtm.log HTTP/1.1" 404 571 "-" "Mozilla/5.0 [en] (X11, U; OpenVAS 8.0.9)"
217.64.42.218 - - [08/Nov/2017:04:39:19 +0000] "GET /system/console?version=1.5 HTTP/1.1" 403 5807 "-" "Mozilla/5.0 [en] (X11, U; OpenVAS 8.0.9)"
217.64.42.218 - - [08/Nov/2017:04:41:11 +0000] "GET /cgi-bin/title.html HTTP/1.1" 404 574 "-" "Mozilla/5.0 [en] (X11, U; OpenVAS 8.0.9)"
217.64.42.218 - - [08/Nov/2017:04:36:03 +0000] "GET /parsp/index.php HTTP/1.1" 403 5844 "-" "Mozilla/5.0 [en] (X11, U; OpenVAS 8.0.9)"
217.64.42.218 - - [08/Nov/2017:04:50:47 +0000] "POST /cgi-bin/sysinfo.pl HTTP/1.1" 404 6026 "-" "() { OpenVAS:; }; echo Content-Type: text/plain; echo; echo; PATH=/usr/bin:/usr/local/bin:/bin; export PATH; id;"
217.64.42.218 - - [08/Nov/2017:04:37:58 +0000] "GET /symphony/symphony/ HTTP/1.1" 403 355 "-" "Mozilla/5.0 [en] (X11, U; OpenVAS 8.0.9)"
217.64.42.218 - - [08/Nov/2017:04:36:59 +0000] "GET /OPAC-kpwinSQL/index.php HTTP/1.1" 403 355 "-" "Mozilla/5.0 [en] (X11, U; OpenVAS 8.0.9)"
217.64.42.218 - - [08/Nov/2017:04:48:46 +0000] "GET /cgi-bin/test.py HTTP/1.1" 404 6023 "-" "() { OpenVAS:; }; echo Content-Type: text/plain; echo; echo; PATH=/usr/bin:/usr/local/bin:/bin; export PATH; id;"
217.64.42.218 - - [08/Nov/2017:04:36:50 +0000] "GET /nextcloud/status.php HTTP/1.1" 403 355 "-" "Mozilla/5.0 [en] (X11, U; OpenVAS 8.0.9)"
217.64.42.218 - - [08/Nov/2017:04:39:34 +0000] "GET /zTree/demo/en/index.html HTTP/1.1" 403 355 "-" "Mozilla/5.0 [en] (X11, U; OpenVAS 8.0.9)"
217.64.42.218 - - [08/Nov/2017:04:34:19 +0000] "GET /PHPMailer-master/lib/composer.json HTTP/1.1" 403 5807 "-" "Mozilla/5.0 [en] (X11, U; OpenVAS 8.0.9)"
207.46.13.66 - - [06/Nov/2017:02:08:35 +0000] "GET /news/?page=5 HTTP/1.1" 200 25402 "-" "Mozilla/5.0 (compatible; bingbot/2.0; +http://www.bing.com/bingbot.htm)"
217.118.79.37 - - [07/Nov/2017:08:06:50 +0000] "GET /centres/centre.json?slug=euregional-patient-safety-simulation HTTP/1.1" 200 999 "https://www.sesam-web.org/centres/map/" "Mozilla/5.0 (iPhone; CPU iPhone OS 11_0_3 like Mac OS X) AppleWebKit/604.1.38 (KHTML, like Gecko) Version/11.0 Mobile/15A432 Safari/604.1"
201.50.195.152 - - [05/Nov/2017:14:00:30 +0000] "-" 408 5508 "-" "-"
72.22.150.122 - - [08/Nov/2017:22:18:44 +0000] "POST /autodiscover/autodiscover.xml HTTP/1.1" 403 5676 "-" "MacOutlook/15.32.0.170309 (Intelx64 Mac OS X Version 10.12.6 (Build 16G29))"
217.147.228.15 - - [08/Nov/2017:08:34:26 +0000] "-" 408 5508 "-" "-"
217.64.42.218 - - [08/Nov/2017:04:37:34 +0000] "GET //lib/version.phps HTTP/1.1" 403 355 "-" "Mozilla/5.0 [en] (X11, U; OpenVAS 8.0.9)"
217.64.42.218 - - [08/Nov/2017:04:37:55 +0000] "GET /scripts/docs/docs/WW/cwiki.apache.org/WW/home.html HTTP/1.1" 403 355 "-" "Mozilla/5.0 [en] (X11, U; OpenVAS 8.0.9)"
157.55.39.58 - - [06/Nov/2017:19:33:54 +0000] "GET /meetings/endorsed/ HTTP/1.1" 200 21827 "-" "Mozilla/5.0 (compatible; bingbot/2.0; +http://www.bing.com/bingbot.htm)"
217.64.42.218 - - [08/Nov/2017:04:50:24 +0000] "POST /administrator.cgi HTTP/1.1" 403 5807 "-" "() { _; OpenVAS; } >_[$($())] {  echo Content-Type: text/plain; echo; echo; PATH=/usr/bin:/usr/local/bin:/bin; export PATH; id; }"
157.55.39.58 - - [05/Nov/2017:13:48:48 +0000] "GET /SESAMAnnualConferences/granada/ HTTP/1.1" 200 23091 "-" "Mozilla/5.0 (compatible; bingbot/2.0; +http://www.bing.com/bingbot.htm)"
149.172.68.225 - - [05/Nov/2017:11:06:09 +0000] "-" 408 5369 "-" "-"
217.9.204.106 - - [07/Nov/2017:12:16:13 +0000] "GET /accounts/login/ HTTP/1.1" 200 14637 "https://www.sesam-web.org/membership/" "Mozilla/5.0 (Windows NT 6.1; Win64; x64) AppleWebKit/537.36 (KHTML, like Gecko) Chrome/61.0.3163.100 Safari/537.36"
217.64.42.218 - - [08/Nov/2017:04:38:20 +0000] "OPTIONS /scripts/ HTTP/1.1" 403 355 "-" "Mozilla/5.0 [en] (X11, U; OpenVAS 8.0.9)"
113.89.2.219 - - [08/Nov/2017:10:40:05 +0000] "GET / HTTP/1.1" 200 25763 "-" "Mozilla/5.0 (Windows NT 10.0; WOW64; Trident/7.0; rv:11.0) like Gecko"
66.249.64.27 - - [06/Nov/2017:05:51:54 +0000] "GET /robots.txt HTTP/1.1" 200 24714 "-" "Mozilla/5.0 (compatible; Googlebot/2.1; +http://www.google.com/bot.html)"
49.207.185.128 - - [09/Nov/2017:10:19:04 +0000] "POST / HTTP/1.1" 403 469 "-" "Mozilla/4.0 (compatible; MSIE 8.0; Windows NT 6.1; WOW64; Trident/4.0; GTB7.5; SLCC2; .NET CLR 2.0.50727; .NET CLR 3.5.30729; .NET CLR 3.0.30729; Media Center PC 6.0; InfoPath.2; .NET4.0C; .NET4.0E)"
207.46.13.66 - - [09/Nov/2017:10:54:31 +0000] "GET /members/register/?next=/registrations/downloadeventinvoice/956/ HTTP/1.1" 200 27249 "-" "Mozilla/5.0 (compatible; bingbot/2.0; +http://www.bing.com/bingbot.htm)"
217.64.42.218 - - [08/Nov/2017:04:42:05 +0000] "GET /forum/setup.php3?next=1 HTTP/1.1" 403 355 "-" "Mozilla/5.0 [en] (X11, U; OpenVAS 8.0.9)"
217.64.42.218 - - [08/Nov/2017:04:49:30 +0000] "POST /cgi-bin/welcome HTTP/1.1" 404 6023 "() { OpenVAS:; }; echo Content-Type: text/plain; echo; echo; PATH=/usr/bin:/usr/local/bin:/bin; export PATH; id;" "-"
217.64.42.218 - - [08/Nov/2017:04:34:49 +0000] "GET /images/ HTTP/1.1" 403 355 "-" "Mozilla/5.0 [en] (X11, U; OpenVAS 8.0.9)"
66.102.6.7 - - [06/Nov/2017:11:37:32 +0000] "-" 408 5508 "-" "-"
181.174.90.176 - - [08/Nov/2017:17:15:08 +0000] "GET / HTTP/1.1" 200 31146 "-" "Mozilla/5.0 (Linux; Android 5.1.1; SAMSUNG SM-J111M Build/LMY47V) AppleWebKit/537.36 (KHTML, like Gecko) SamsungBrowser/3.5 Chrome/38.0.2125.102 Mobile Safari/537.36"
217.64.42.218 - - [08/Nov/2017:04:38:44 +0000] "GET /scripts/Lisez%20moi.txt HTTP/1.1" 403 355 "-" "Mozilla/5.0 [en] (X11, U; OpenVAS 8.0.9)"
217.64.42.218 - - [08/Nov/2017:04:34:02 +0000] "GET /ROADS/ HTTP/1.1" 403 355 "-" "Mozilla/5.0 [en] (X11, U; OpenVAS 8.0.9)"
217.64.42.218 - - [08/Nov/2017:04:37:46 +0000] "GET /community/upload/index.php HTTP/1.1" 403 5844 "-" "Mozilla/5.0 [en] (X11, U; OpenVAS 8.0.9)"
54.158.87.63 - - [08/Nov/2017:11:50:12 +0000] "GET / HTTP/1.1" 403 5807 "-" "Mozilla/5.0 (Macintosh; Intel Mac OS X 10_11_5) AppleWebKit/537.36 (KHTML, like Gecko) Chrome/50.0.2661.102 Safari/537.36"
217.64.42.218 - - [08/Nov/2017:04:41:01 +0000] "GET /prado/ HTTP/1.1" 403 5844 "-" "Mozilla/5.0 [en] (X11, U; OpenVAS 8.0.9)"
217.64.42.218 - - [08/Nov/2017:04:37:47 +0000] "GET /sapmc/sapmc.html HTTP/1.1" 403 5807 "-" "Mozilla/5.0 [en] (X11, U; OpenVAS 8.0.9)"
217.64.42.218 - - [08/Nov/2017:04:34:07 +0000] "GET /cgi-bin/composer.json HTTP/1.1" 404 577 "-" "Mozilla/5.0 [en] (X11, U; OpenVAS 8.0.9)"
217.64.42.218 - - [08/Nov/2017:04:37:51 +0000] "GET /cgi-bin/ag.exe HTTP/1.1" 404 570 "-" "Mozilla/5.0 [en] (X11, U; OpenVAS 8.0.9)"
217.64.42.218 - - [08/Nov/2017:04:39:16 +0000] "GET /scripts/index.cfm?Mode=debug HTTP/1.1" 403 355 "-" "Mozilla/5.0 [en] (X11, U; OpenVAS 8.0.9)"
217.64.42.218 - - [08/Nov/2017:04:50:54 +0000] "GET /cgi-bin/pathtest.pl HTTP/1.1" 404 6027 "-" "-"
217.64.42.218 - - [08/Nov/2017:04:39:59 +0000] "GET /scripts/print.php?page=../../../../../../../../../etc/passwd HTTP/1.1" 403 355 "-" "Mozilla/5.0 [en] (X11, U; OpenVAS 8.0.9)"
217.64.42.218 - - [08/Nov/2017:04:35:40 +0000] "GET /scripts/index.php?module=site&show=home HTTP/1.1" 403 355 "-" "Mozilla/5.0 [en] (X11, U; OpenVAS 8.0.9)"
217.64.42.218 - - [08/Nov/2017:04:47:18 +0000] "POST /cgi-bin/test-cgi.pl HTTP/1.1" 404 6027 "-" "-"
157.55.39.110 - - [08/Nov/2017:01:17:41 +0000] "GET /SESAMAnnualMeetings/ HTTP/1.1" 200 21670 "-" "Mozilla/5.0 (compatible; bingbot/2.0; +http://www.bing.com/bingbot.htm)"
207.46.13.66 - - [06/Nov/2017:02:08:39 +0000] "GET /antoinetesniere/ HTTP/1.1" 200 14004 "-" "Mozilla/5.0 (compatible; bingbot/2.0; +http://www.bing.com/bingbot.htm)"
217.64.42.218 - - [08/Nov/2017:04:40:24 +0000] "GET /Info.live.htm HTTP/1.1" 403 5844 "-" "Mozilla/5.0 [en] (X11, U; OpenVAS 8.0.9)"
195.188.112.100 - - [08/Nov/2017:00:59:31 +0000] "GET /accounts/login/?next=/abstracts/submitabstract/sesam-barcelona-2018/ HTTP/1.1" 200 14581 "https://www.sesam-web.org/events/event/sesam-barcelona-2018/" "Mozilla/5.0 (Linux; Android 5.0.1; SAMSUNG GT-I9505 Build/LRX22C) AppleWebKit/537.36 (KHTML, like Gecko) SamsungBrowser/5.4 Chrome/51.0.2704.106 Mobile Safari/537.36"
217.64.42.218 - - [08/Nov/2017:04:36:44 +0000] "GET /scripts/.bzr/branch-format HTTP/1.1" 403 355 "-" "Mozilla/5.0 [en] (X11, U; OpenVAS 8.0.9)"
217.64.42.218 - - [08/Nov/2017:04:39:16 +0000] "GET /photos/ HTTP/1.1" 403 355 "-" "Mozilla/5.0 [en] (X11, U; OpenVAS 8.0.9)"
217.64.42.218 - - [08/Nov/2017:04:41:03 +0000] "GET /osclass/index.php HTTP/1.1" 403 5844 "-" "Mozilla/5.0 [en] (X11, U; OpenVAS 8.0.9)"
217.64.42.218 - - [08/Nov/2017:04:41:27 +0000] "GET /cgi-bin/gzip_loader.php?file=../../../../../../../../../../../../../../../../etc/passwd HTTP/1.1" 404 579 "-" "Mozilla/5.0 [en] (X11, U; OpenVAS 8.0.9)"
142.4.215.116 - - [06/Nov/2017:08:08:25 +0000] "GET /centres/centre/clinicum-test-och-innovation-region-of-east-sweden/ HTTP/1.1" 200 18850 "-" "Mozilla/5.0 (X11; Linux i686) AppleWebKit/534.30 (KHTML, like Gecko) Chrome/12.0.742.100 Safari/534.30"
217.64.42.218 - - [08/Nov/2017:04:34:04 +0000] "GET /Web_store/ HTTP/1.1" 403 355 "-" "Mozilla/5.0 [en] (X11, U; OpenVAS 8.0.9)"
217.64.42.218 - - [08/Nov/2017:04:40:07 +0000] "GET /awcm/index.php HTTP/1.1" 403 5844 "-" "Mozilla/5.0 [en] (X11, U; OpenVAS 8.0.9)"
217.64.42.218 - - [08/Nov/2017:04:50:34 +0000] "GET /tmUnblock.cgi HTTP/1.1" 403 5807 "-" "() { _; OpenVAS; } >_[$($())] {  echo Content-Type: text/plain; echo; echo; PATH=/usr/bin:/usr/local/bin:/bin; export PATH; id; }"
217.118.79.37 - - [07/Nov/2017:08:06:42 +0000] "GET /centres/centre.json?slug=centrul-universitar-de-simulare-in-instruirea-medicala HTTP/1.1" 200 1795 "https://www.sesam-web.org/centres/map/" "Mozilla/5.0 (iPhone; CPU iPhone OS 11_0_3 like Mac OS X) AppleWebKit/604.1.38 (KHTML, like Gecko) Version/11.0 Mobile/15A432 Safari/604.1"
195.188.112.100 - - [08/Nov/2017:00:58:22 +0000] "GET /meetings/ HTTP/1.1" 200 14758 "https://www.sesam-web.org/about-SESAM/" "Mozilla/5.0 (Linux; Android 5.0.1; SAMSUNG GT-I9505 Build/LRX22C) AppleWebKit/537.36 (KHTML, like Gecko) SamsungBrowser/5.4 Chrome/51.0.2704.106 Mobile Safari/537.36"
217.64.42.218 - - [08/Nov/2017:04:36:42 +0000] "GET /.hg/hgrc HTTP/1.1" 403 355 "-" "Mozilla/5.0 [en] (X11, U; OpenVAS 8.0.9)"
217.64.42.218 - - [08/Nov/2017:04:34:15 +0000] "GET /scripts/typo3_src/ChangeLog HTTP/1.1" 403 355 "-" "Mozilla/5.0 [en] (X11, U; OpenVAS 8.0.9)"
194.209.83.231 - - [07/Nov/2017:15:39:00 +0000] "GET /events/pages/sesam-paris-2017/sofrasims1/ HTTP/1.1" 200 22846 "https://www.sesam-web.org/events/pages/sesam-paris-2017/simghosts-2017/" "Mozilla/5.0 (Windows NT 6.1; WOW64; Trident/7.0; rv:11.0) like Gecko"
175.156.142.200 - - [09/Nov/2017:00:10:43 +0000] "-" 408 5508 "-" "-"
217.64.42.218 - - [08/Nov/2017:04:38:53 +0000] "GET /cgi-bin/apcinfo.php HTTP/1.1" 404 575 "-" "Mozilla/5.0 [en] (X11, U; OpenVAS 8.0.9)"
49.207.185.128 - - [09/Nov/2017:10:02:57 +0000] "POST / HTTP/1.1" 403 469 "-" "Mozilla/4.0 (compatible; MSIE 8.0; Windows NT 6.1; WOW64; Trident/4.0; GTB7.5; SLCC2; .NET CLR 2.0.50727; .NET CLR 3.5.30729; .NET CLR 3.0.30729; Media Center PC 6.0; InfoPath.2; .NET4.0C; .NET4.0E)"
217.64.42.218 - - [08/Nov/2017:04:43:16 +0000] "GET /login.php HTTP/1.1" 403 5814 "-" "-"
217.9.204.106 - - [07/Nov/2017:15:58:58 +0000] "POST /autodiscover/autodiscover.xml HTTP/1.1" 403 5676 "-" "MacOutlook/15.39.0.171010 (Intelx64 Mac OS X Version 10.13.1 (Build 17B48))"
2.102.119.134 - - [08/Nov/2017:08:34:13 +0000] "POST /accounts/login/ HTTP/1.1" 302 841 "https://www.sesam-web.org/" "Mozilla/5.0 (Macintosh; Intel Mac OS X 10_12_4) AppleWebKit/603.1.30 (KHTML, like Gecko) Version/10.1 Safari/603.1.30"
95.170.156.105 - - [08/Nov/2017:04:43:48 +0000] "GET /centres/centre.json?slug=application-of-science-to-simulation-education-and-research-on-training-centre HTTP/1.1" 200 2363 "https://www.sesam-web.org/centres/map/" "Mozilla/5.0 (Windows NT 10.0; Win64; x64) AppleWebKit/537.36 (KHTML, like Gecko) Chrome/52.0.2743.116 Safari/537.36 Edge/15.15063"
157.55.39.58 - - [08/Nov/2017:02:38:56 +0000] "GET /events/event/sesam-barcelona-2018/ HTTP/1.1" 200 16951 "-" "Mozilla/5.0 (compatible; bingbot/2.0; +http://www.bing.com/bingbot.htm)"
217.64.42.218 - - [08/Nov/2017:04:41:57 +0000] "GET /scripts/shouts.php?shoutlimit=' HTTP/1.1" 403 355 "-" "Mozilla/5.0 [en] (X11, U; OpenVAS 8.0.9)"
217.64.42.218 - - [08/Nov/2017:04:37:55 +0000] "GET /photos/index.php HTTP/1.1" 403 355 "-" "Mozilla/5.0 (X11; Ubuntu; Linux x86_64; rv:47.0) Gecko/20100101 Firefox/47.0"
157.55.39.51 - - [05/Nov/2017:20:05:07 +0000] "GET /robots.txt HTTP/1.1" 200 24930 "-" "Mozilla/5.0 (compatible; bingbot/2.0; +http://www.bing.com/bingbot.htm)"
217.64.42.218 - - [08/Nov/2017:04:50:40 +0000] "POST /phppath/php HTTP/1.1" 403 5814 "() { OpenVAS:; }; echo Content-Type: text/plain; echo; echo; PATH=/usr/bin:/usr/local/bin:/bin; export PATH; id;" "-"
142.4.215.116 - - [06/Nov/2017:08:06:07 +0000] "GET /events/pages/sesam-barcelona-2018/Conference-Venue-2018/ HTTP/1.1" 200 16803 "-" "Mozilla/5.0 (X11; Linux i686) AppleWebKit/534.30 (KHTML, like Gecko) Chrome/12.0.742.100 Safari/534.30"
217.64.42.218 - - [08/Nov/2017:04:40:59 +0000] "POST /backend.php HTTP/1.1" 403 362 "-" "-"
217.64.42.218 - - [08/Nov/2017:04:40:59 +0000] "GET /editwrx/wrx.cgi HTTP/1.1" 403 5844 "-" "Mozilla/5.0 [en] (X11, U; OpenVAS 8.0.9)"
217.64.42.218 - - [08/Nov/2017:04:34:59 +0000] "GET /mp3/ HTTP/1.1" 403 355 "-" "Mozilla/5.0 [en] (X11, U; OpenVAS 8.0.9)"
193.163.223.68 - - [06/Nov/2017:13:59:50 +0000] "GET /abstracts/submitabstract/sesam-barcelona-2018/ HTTP/1.1" 302 491 "https://www.sesam-web.org/events/pages/sesam-barcelona-2018/Submission-of-abstracts-2018/" "Mozilla/5.0 (Windows NT 6.1; WOW64) AppleWebKit/537.36 (KHTML, like Gecko) Chrome/60.0.3112.90 Safari/537.36"
128.0.73.17 - - [07/Nov/2017:13:10:13 +0000] "GET /events/event/sesam-barcelona-2018/ HTTP/1.1" 200 16951 "https://www.google.dk/" "Mozilla/5.0 (Windows NT 6.1; WOW64) AppleWebKit/537.36 (KHTML, like Gecko) Chrome/62.0.3202.75 Safari/537.36"
49.207.185.128 - - [09/Nov/2017:08:22:15 +0000] "POST / HTTP/1.1" 403 5295 "-" "Mozilla/4.0 (compatible; MSIE 8.0; Windows NT 6.1; WOW64; Trident/4.0; GTB7.5; SLCC2; .NET CLR 2.0.50727; .NET CLR 3.5.30729; .NET CLR 3.0.30729; Media Center PC 6.0; InfoPath.2; .NET4.0C; .NET4.0E)"
79.151.27.141 - - [07/Nov/2017:09:47:57 +0000] "GET /favicon.ico HTTP/1.1" 200 1507 "-" "Mozilla/5.0 (Windows NT 10.0; Win64; x64; rv:56.0) Gecko/20100101 Firefox/56.0"
78.147.12.27 - - [08/Nov/2017:21:11:27 +0000] "GET /abstracts/submitabstract/sesam-barcelona-2018/ HTTP/1.1" 200 30619 "https://www.sesam-web.org/accounts/login/?next=/abstracts/submitabstract/sesam-barcelona-2018/" "Mozilla/5.0 (iPhone; CPU iPhone OS 11_1 like Mac OS X) AppleWebKit/604.3.5 (KHTML, like Gecko) Version/11.0 Mobile/15B93 Safari/604.1"
217.64.42.218 - - [08/Nov/2017:04:42:11 +0000] "GET /DB4Web/cveu-096:23/foo HTTP/1.1" 403 5844 "-" "Mozilla/5.0 [en] (X11, U; OpenVAS 8.0.9)"
186.228.62.18 - - [08/Nov/2017:19:59:17 +0000] "POST /members/register/ HTTP/1.1" 200 33269 "https://www.sesam-web.org/members/register/?next=/abstracts/submitabstract/sesam-barcelona-2018/" "Mozilla/5.0 (Macintosh; Intel Mac OS X 10_9_5) AppleWebKit/601.7.8 (KHTML, like Gecko) Version/9.1.3 Safari/537.86.7"
217.64.42.218 - - [08/Nov/2017:04:39:24 +0000] "GET /webcart/webcart.cgi?CONFIG=mountain&CHANGE=YES&NEXTPAGE=;id|&CODE=PHOLD HTTP/1.1" 403 355 "-" "Mozilla/5.0 [en] (X11, U; OpenVAS 8.0.9)"
217.64.42.218 - - [08/Nov/2017:04:33:58 +0000] "GET /apache/openmeetings/signin HTTP/1.1" 403 5834 "-" "Mozilla/5.0 [en] (X11, U; OpenVAS 8.0.9)"
217.64.42.218 - - [08/Nov/2017:04:50:00 +0000] "POST /cgi_wrapper HTTP/1.1" 403 5807 "-" "() { OpenVAS:; }; echo Content-Type: text/plain; echo; echo; PATH=/usr/bin:/usr/local/bin:/bin; export PATH; id;"
217.64.42.218 - - [08/Nov/2017:04:36:42 +0000] "GET /.git/config HTTP/1.1" 403 355 "-" "Mozilla/5.0 [en] (X11, U; OpenVAS 8.0.9)"
49.207.185.128 - - [09/Nov/2017:09:22:40 +0000] "POST / HTTP/1.1" 403 5295 "-" "Mozilla/4.0 (compatible; MSIE 8.0; Windows NT 6.1; WOW64; Trident/4.0; GTB7.5; SLCC2; .NET CLR 2.0.50727; .NET CLR 3.5.30729; .NET CLR 3.0.30729; Media Center PC 6.0; InfoPath.2; .NET4.0C; .NET4.0E)"
217.64.42.218 - - [08/Nov/2017:04:41:30 +0000] "GET /shop/index.php?typefilter=..%2f..%2f..%2f..%2f..%2f..%2f..%2f..%2f..%2fetc/passwd%00 HTTP/1.1" 403 5844 "-" "Mozilla/5.0 [en] (X11, U; OpenVAS 8.0.9)"
217.64.42.218 - - [08/Nov/2017:04:35:37 +0000] "GET /index.jsp HTTP/1.1" 403 355 "-" "Mozilla/5.0 [en] (X11, U; OpenVAS 8.0.9)"
217.64.42.218 - - [08/Nov/2017:04:35:58 +0000] "GET /bluadmin/get_flash_info.php?ver=1' HTTP/1.1" 403 355 "-" "Mozilla/5.0 [en] (X11, U; OpenVAS 8.0.9)"
217.9.204.106 - - [07/Nov/2017:14:24:58 +0000] "GET /formbuilder/simulationcentre-application/view/ HTTP/1.1" 200 16927 "https://www.sesam-web.org/centres/" "Mozilla/5.0 (Windows NT 6.1; Win64; x64) AppleWebKit/537.36 (KHTML, like Gecko) Chrome/61.0.3163.100 Safari/537.36"
217.64.42.218 - - [08/Nov/2017:04:38:11 +0000] "OPTIONS / HTTP/1.1" 403 355 "-" "Mozilla/5.0 [en] (X11, U; OpenVAS 8.0.9)"
157.55.39.83 - - [07/Nov/2017:11:03:56 +0000] "GET /centres/centre/tbilisi-state-medical-university-clinical-skills-centre/ HTTP/1.1" 200 18237 "-" "Mozilla/5.0 (compatible; bingbot/2.0; +http://www.bing.com/bingbot.htm)"
217.64.42.218 - - [08/Nov/2017:04:35:37 +0000] "GET /store/ HTTP/1.1" 403 355 "-" "Mozilla/5.0 [en] (X11, U; OpenVAS 8.0.9)"
217.64.42.218 - - [08/Nov/2017:04:41:22 +0000] "GET /tiny_mce/plugins/ibrowser/ibrowser.php?lang=../../../../../../../../../../../../../etc/passwd%00 HTTP/1.1" 403 355 "-" "Mozilla/5.0 [en] (X11, U; OpenVAS 8.0.9)"
217.64.42.218 - - [08/Nov/2017:04:34:06 +0000] "GET /_vti_log/ HTTP/1.1" 403 355 "-" "Mozilla/5.0 [en] (X11, U; OpenVAS 8.0.9)"
207.46.13.145 - - [07/Nov/2017:01:04:53 +0000] "GET / HTTP/1.1" 403 6329 "-" "Mozilla/5.0 (compatible; bingbot/2.0; +http://www.bing.com/bingbot.htm)"
207.242.4.66 - - [07/Nov/2017:22:11:55 +0000] "GET / HTTP/1.1" 200 31005 "https://www.google.com/" "Mozilla/5.0 (Windows NT 6.2; Win64; x64; rv:56.0) Gecko/20100101 Firefox/56.0"
158.85.81.121 - - [06/Nov/2017:06:16:53 +0000] "GET / HTTP/1.1" 403 5632 "-" "-"
157.55.39.110 - - [07/Nov/2017:11:03:31 +0000] "GET /) HTTP/1.1" 404 12361 "-" "Mozilla/5.0 (compatible; bingbot/2.0; +http://www.bing.com/bingbot.htm)"
207.46.13.66 - - [08/Nov/2017:02:39:56 +0000] "GET /events/event/sesam-lisbon/ HTTP/1.1" 200 17856 "-" "Mozilla/5.0 (compatible; bingbot/2.0; +http://www.bing.com/bingbot.htm)"
217.64.42.218 - - [08/Nov/2017:04:43:03 +0000] "GET /index.php HTTP/1.1" 403 5814 "() { OpenVAS:; }; echo Content-Type: text/plain; echo; echo; PATH=/usr/bin:/usr/local/bin:/bin; export PATH; id;" "-"
157.55.39.58 - - [08/Nov/2017:17:38:07 +0000] "GET /centres/centre/unite-de-simulation-pedagogique-de-strasbourg/ HTTP/1.1" 200 15136 "-" "Mozilla/5.0 (compatible; bingbot/2.0; +http://www.bing.com/bingbot.htm)"
217.64.42.218 - - [08/Nov/2017:04:39:25 +0000] "GET /%NETHOOD%/ HTTP/1.1" 400 6038 "-" "Mozilla/5.0 [en] (X11, U; OpenVAS 8.0.9)"
217.64.42.218 - - [08/Nov/2017:04:46:02 +0000] "GET /cgi-bin/php HTTP/1.1" 500 6349 "() { _; OpenVAS; } >_[$($())] {  echo Content-Type: text/plain; echo; echo; PATH=/usr/bin:/usr/local/bin:/bin; export PATH; id; }" "-"
217.64.42.218 - - [08/Nov/2017:04:41:27 +0000] "GET /team.rc5-72.php?showlang=../../../../../../../../../etc/passwd%00 HTTP/1.1" 403 355 "-" "Mozilla/5.0 [en] (X11, U; OpenVAS 8.0.9)"
151.74.64.60 - - [06/Nov/2017:08:02:27 +0000] "GET /centres/centre/unita-di-simulazione-avanzata-simularti/ HTTP/1.1" 200 24019 "https://www.google.it/" "Mozilla/5.0 (iPad; CPU OS 11_1 like Mac OS X) AppleWebKit/604.3.1 (KHTML, like Gecko) Version/11.0 Mobile/15B5066f Safari/604.1"
104.128.239.173 - - [07/Nov/2017:02:38:32 +0000] "GET / HTTP/1.1" 403 5833 "-" "Mozilla/5.0 (Windows NT 10.0; Win64; x64) AppleWebKit/537.36 (KHTML, like Gecko) Chrome/58.0.3029.110 Safari/537.36"
86.52.36.164 - - [05/Nov/2017:08:31:24 +0000] "GET /events/pages/sesam-paris-2017/AIS-Speakers/ HTTP/1.1" 200 24940 "https://www.sesam-web.org/events/pages/sesam-paris-2017/State-of-the-art-speakers-2017/" "Mozilla/5.0 (Windows NT 10.0; Win64; x64) AppleWebKit/537.36 (KHTML, like Gecko) Chrome/61.0.3163.100 Safari/537.36"
217.64.42.218 - - [08/Nov/2017:04:35:25 +0000] "GET /twiki/index.php HTTP/1.1" 403 355 "-" "Mozilla/5.0 [en] (X11, U; OpenVAS 8.0.9)"
217.64.42.218 - - [08/Nov/2017:04:34:46 +0000] "GET /geneald/Index2.php HTTP/1.1" 403 5844 "-" "Mozilla/5.0 [en] (X11, U; OpenVAS 8.0.9)"
217.64.42.218 - - [08/Nov/2017:04:37:25 +0000] "GET /wiki/cgi-bin/view/TWiki/WebHome HTTP/1.1" 403 355 "-" "Mozilla/5.0 [en] (X11, U; OpenVAS 8.0.9)"
40.77.167.126 - - [08/Nov/2017:15:42:13 +0000] "GET / HTTP/1.1" 403 6313 "-" "Mozilla/5.0 (compatible; bingbot/2.0; +http://www.bing.com/bingbot.htm)"
157.55.39.110 - - [06/Nov/2017:19:33:58 +0000] "GET /centres/centre/antalya-health-directorate-region-training-research-and-simulation-centre/ HTTP/1.1" 200 15070 "-" "Mozilla/5.0 (compatible; bingbot/2.0; +http://www.bing.com/bingbot.htm)"
80.183.24.61 - - [07/Nov/2017:10:47:13 +0000] "GET /events/event/sesam-barcelona-2018/ HTTP/1.1" 200 16951 "https://www.sesam-web.org/SESAMAnnualMeetings/" "Mozilla/5.0 (Windows NT 6.1; WOW64) AppleWebKit/537.36 (KHTML, like Gecko) Dragon/58.0.3029.115 Chrome/58.0.3029.110 Safari/537.36"
217.9.204.106 - - [09/Nov/2017:08:50:24 +0000] "POST /autodiscover/autodiscover.xml HTTP/1.1" 403 5676 "-" "MacOutlook/0.0.0.150807 (Intel Mac OS X Version 10.12.6 (Build 16G29))"
217.64.42.218 - - [08/Nov/2017:04:37:24 +0000] "GET /cgi-bin/tiki-index.php HTTP/1.1" 404 578 "-" "Mozilla/5.0 [en] (X11, U; OpenVAS 8.0.9)"
194.176.105.144 - - [08/Nov/2017:09:19:33 +0000] "GET /accounts/login/?next=/abstracts/submitabstract/sesam-barcelona-2018/ HTTP/1.1" 200 14537 "https://www.sesam-web.org/events/event/sesam-barcelona-2018/" "Mozilla/5.0 (Windows NT 6.1; Trident/7.0; rv:11.0) like Gecko"
196.251.37.42 - - [08/Nov/2017:07:53:09 +0000] "-" 408 5234 "-" "-"
190.106.213.148 - - [06/Nov/2017:18:28:29 +0000] "GET / HTTP/1.1" 200 31005 "android-app://com.google.android.googlequicksearchbox" "Mozilla/5.0 (Linux; Android 6.0; L54 Build/MRA58K) AppleWebKit/537.36 (KHTML, like Gecko) Chrome/50.0.2661.89 Mobile Safari/537.36"
217.64.42.218 - - [08/Nov/2017:04:41:48 +0000] "GET /FCKeditor/editor/filemanager/connectors/perl/connector.cgi?Command=GetFolders&Type=File&CurrentFolder=%2F HTTP/1.1" 403 355 "-" "Mozilla/5.0 [en] (X11, U; OpenVAS 8.0.9)"
217.118.79.37 - - [07/Nov/2017:08:06:24 +0000] "GET /centres/centre.json?slug=alpha-medical-concepts-amc HTTP/1.1" 200 2109 "https://www.sesam-web.org/centres/map/" "Mozilla/5.0 (iPhone; CPU iPhone OS 11_0_3 like Mac OS X) AppleWebKit/604.1.38 (KHTML, like Gecko) Version/11.0 Mobile/15A432 Safari/604.1"
157.55.39.21 - - [08/Nov/2017:20:54:22 +0000] "GET /robots.txt HTTP/1.1" 200 24914 "-" "Mozilla/5.0 (compatible; bingbot/2.0; +http://www.bing.com/bingbot.htm)"
217.64.42.218 - - [08/Nov/2017:04:39:57 +0000] "GET /scripts/photo/templates/admin_default/confirm.tpl.php?nsextt=\"><script>alert(/openvas-xss-test/);</script> HTTP/1.1" 403 355 "-" "Mozilla/5.0 [en] (X11, U; OpenVAS 8.0.9)"
217.64.42.218 - - [08/Nov/2017:04:38:43 +0000] "GET /scripts/pivot/index.php HTTP/1.1" 403 355 "-" "Mozilla/5.0 [en] (X11, U; OpenVAS 8.0.9)"
217.64.42.218 - - [08/Nov/2017:04:40:55 +0000] "GET /ajaxplorer/index.php HTTP/1.1" 403 5844 "-" "Mozilla/5.0 [en] (X11, U; OpenVAS 8.0.9)"
217.64.42.218 - - [08/Nov/2017:04:34:41 +0000] "GET /scripts/index.php?OPT_Session= OpenVAS_Req HTTP/1.1" 403 5711 "-" "Mozilla/5.0 [en] (X11, U; OpenVAS 8.0.9)"
217.9.204.106 - - [06/Nov/2017:15:37:52 +0000] "POST /autodiscover/autodiscover.xml HTTP/1.1" 403 5676 "-" "MacOutlook/15.39.0.171010 (Intelx64 Mac OS X Version 10.13.1 (Build 17B48))"
78.147.12.27 - - [08/Nov/2017:21:11:47 +0000] "GET /abstracts/mysubmissions/sesam-barcelona-2018/ HTTP/1.1" 200 18032 "https://www.sesam-web.org/abstracts/submitabstract/sesam-barcelona-2018/" "Mozilla/5.0 (iPhone; CPU iPhone OS 11_1 like Mac OS X) AppleWebKit/604.3.5 (KHTML, like Gecko) Version/11.0 Mobile/15B93 Safari/604.1"
217.64.42.218 - - [08/Nov/2017:04:38:16 +0000] "GET /cgi/lang/en/login.xsl HTTP/1.1" 403 355 "-" "Mozilla/5.0 [en] (X11, U; OpenVAS 8.0.9)"
131.0.19.165 - - [08/Nov/2017:10:28:14 +0000] "GET /favicon.ico HTTP/1.1" 200 1645 "https://www.sesam-web.org/events/event/sesam-barcelona-2018/" "Mozilla/5.0 (Windows NT 6.1; Win64; x64) AppleWebKit/537.36 (KHTML, like Gecko) Chrome/62.0.3202.89 Safari/537.36"
217.64.42.218 - - [08/Nov/2017:04:37:58 +0000] "GET /dokuwiki/feed.php HTTP/1.1" 403 355 "-" "Mozilla/5.0 [en] (X11, U; OpenVAS 8.0.9)"
157.55.39.58 - - [08/Nov/2017:01:31:38 +0000] "GET /meetings/ HTTP/1.1" 200 20571 "-" "Mozilla/5.0 (compatible; bingbot/2.0; +http://www.bing.com/bingbot.htm)"
82.33.227.212 - - [06/Nov/2017:09:44:14 +0000] "GET /favicon.ico HTTP/1.1" 200 1787 "-" "Mozilla/5.0 (Windows NT 6.1; Trident/7.0; rv:11.0) like Gecko"
193.163.223.58 - - [06/Nov/2017:13:53:49 +0000] "GET /favicon.ico HTTP/1.1" 200 1507 "https://www.sesam-web.org/events/event/sesam-barcelona-2018/" "Mozilla/5.0 (Windows NT 6.1; WOW64) AppleWebKit/537.36 (KHTML, like Gecko) Chrome/60.0.3112.90 Safari/537.36"
217.64.42.218 - - [08/Nov/2017:04:34:01 +0000] "GET /readme.txt HTTP/1.1" 403 355 "-" "Mozilla/5.0 [en] (X11, U; OpenVAS 8.0.9)"
217.64.42.218 - - [08/Nov/2017:04:50:24 +0000] "POST /administrator.cgi HTTP/1.1" 403 5814 "() { _; OpenVAS; } >_[$($())] {  echo Content-Type: text/plain; echo; echo; PATH=/usr/bin:/usr/local/bin:/bin; export PATH; id; }" "-"
157.55.39.58 - - [08/Nov/2017:02:39:23 +0000] "GET /news/category/newsletters/?page=1 HTTP/1.1" 200 26544 "-" "Mozilla/5.0 (compatible; bingbot/2.0; +http://www.bing.com/bingbot.htm)"
217.147.228.15 - - [07/Nov/2017:10:57:22 +0000] "POST /abstracts/850/responses/ HTTP/1.1" 302 639 "https://www.sesam-web.org/abstracts/850/responses/" "Mozilla/5.0 (Windows NT 10.0; Win64; x64) AppleWebKit/537.36 (KHTML, like Gecko) Chrome/61.0.3163.100 Safari/537.36"
217.64.42.218 - - [08/Nov/2017:04:35:57 +0000] "GET /get_flash_info.php?ver=1' HTTP/1.1" 403 5844 "-" "Mozilla/5.0 [en] (X11, U; OpenVAS 8.0.9)"
217.64.42.218 - - [08/Nov/2017:04:36:01 +0000] "GET /andromeda.php HTTP/1.1" 403 5844 "-" "Mozilla/5.0 [en] (X11, U; OpenVAS 8.0.9)"
217.64.42.218 - - [08/Nov/2017:04:41:35 +0000] "GET /assesi/index.php HTTP/1.1" 403 5844 "-" "Mozilla/5.0 [en] (X11, U; OpenVAS 8.0.9)"
217.64.42.218 - - [08/Nov/2017:04:37:14 +0000] "GET /xymon.html HTTP/1.1" 403 355 "-" "Mozilla/5.0 [en] (X11, U; OpenVAS 8.0.9)"
217.64.42.218 - - [08/Nov/2017:04:38:18 +0000] "OPTIONS /scripts/ HTTP/1.1" 403 355 "-" "Mozilla/5.0 [en] (X11, U; OpenVAS 8.0.9)"
217.64.42.218 - - [08/Nov/2017:04:43:53 +0000] "GET /index.pl HTTP/1.1" 403 5814 "-" "-"
217.64.42.218 - - [08/Nov/2017:04:38:43 +0000] "GET /pivot/index.php HTTP/1.1" 403 355 "-" "Mozilla/5.0 [en] (X11, U; OpenVAS 8.0.9)"
217.64.42.218 - - [08/Nov/2017:04:38:18 +0000] "GET /imcws/axis2-web/index.jsp HTTP/1.1" 403 355 "-" "Mozilla/5.0 [en] (X11, U; OpenVAS 8.0.9)"
40.77.167.95 - - [06/Nov/2017:17:28:59 +0000] "GET / HTTP/1.1" 403 6313 "-" "Mozilla/5.0 (compatible; bingbot/2.0; +http://www.bing.com/bingbot.htm)"
195.188.112.100 - - [08/Nov/2017:01:02:19 +0000] "POST /members/register/ HTTP/1.1" 200 27829 "https://www.sesam-web.org/members/register/" "Mozilla/5.0 (Linux; Android 5.0.1; SAMSUNG GT-I9505 Build/LRX22C) AppleWebKit/537.36 (KHTML, like Gecko) SamsungBrowser/5.4 Chrome/51.0.2704.106 Mobile Safari/537.36"
217.64.42.218 - - [08/Nov/2017:04:37:25 +0000] "GET /twiki/cgi-bin/view/TWiki/WebHome HTTP/1.1" 403 355 "-" "Mozilla/5.0 [en] (X11, U; OpenVAS 8.0.9)"
82.132.240.120 - - [06/Nov/2017:16:06:40 +0000] "GET /events/pages/sesam-paris-2017/abstractlisting/ HTTP/1.1" 200 22733 "https://www.google.co.uk/" "Mozilla/5.0 (Macintosh; Intel Mac OS X 10_12_6) AppleWebKit/604.3.5 (KHTML, like Gecko) Version/11.0.1 Safari/604.3.5"
72.22.150.122 - - [08/Nov/2017:11:36:20 +0000] "POST /autodiscover/autodiscover.xml HTTP/1.1" 403 5676 "-" "MacOutlook/15.32.0.170309 (Intelx64 Mac OS X Version 10.12.6 (Build 16G29))"
193.163.223.58 - - [06/Nov/2017:07:30:46 +0000] "GET /abstracts/submitabstract/sesam-barcelona-2018/ HTTP/1.1" 302 566 "https://www.sesam-web.org/events/event/sesam-barcelona-2018/" "Mozilla/5.0 (Windows NT 6.1; WOW64; Trident/7.0; rv:11.0) like Gecko"
217.182.132.182 - - [05/Nov/2017:10:09:35 +0000] "GET /centres/centre/irkstc/ HTTP/1.1" 200 21009 "-" "Mozilla/5.0 (compatible; AhrefsBot/5.2; +http://ahrefs.com/robot/)"
217.9.204.106 - - [08/Nov/2017:10:58:47 +0000] "GET / HTTP/1.1" 200 31005 "-" "Mozilla/5.0 (Windows NT 6.1; Win64; x64) AppleWebKit/537.36 (KHTML, like Gecko) Chrome/61.0.3163.100 Safari/537.36"
217.64.42.218 - - [08/Nov/2017:04:34:58 +0000] "GET /mailroot/ HTTP/1.1" 403 355 "-" "Mozilla/5.0 [en] (X11, U; OpenVAS 8.0.9)"
142.158.1.161 - - [08/Nov/2017:19:36:48 +0000] "GET /accounts/reset/MjA3Ng/4qz-09e2d529e066541dd7c3/ HTTP/1.1" 200 18146 "-" "Mozilla/5.0 (Macintosh; Intel Mac OS X 10.9; rv:56.0) Gecko/20100101 Firefox/56.0"
217.64.42.218 - - [08/Nov/2017:04:45:52 +0000] "POST /cgi-bin/test HTTP/1.1" 404 6020 "-" "() { OpenVAS:; }; echo Content-Type: text/plain; echo; echo; PATH=/usr/bin:/usr/local/bin:/bin; export PATH; id;"
86.153.244.110 - - [07/Nov/2017:21:28:39 +0000] "GET / HTTP/1.1" 200 25402 "https://www.google.co.uk/" "Mozilla/5.0 (Windows NT 10.0; Win64; x64) AppleWebKit/537.36 (KHTML, like Gecko) Chrome/61.0.3163.100 Safari/537.36"
80.211.140.235 - - [05/Nov/2017:18:24:57 +0000] "GET /app/etc/local.xml HTTP/1.1" 403 5866 "-" "HTTP_Request2/2.3.0 (http://pear.php.net/package/http_request2) PHP/5.3.3"
217.64.42.218 - - [08/Nov/2017:04:40:54 +0000] "GET /jaow/index.php HTTP/1.1" 403 5844 "-" "Mozilla/5.0 [en] (X11, U; OpenVAS 8.0.9)"
217.64.42.218 - - [08/Nov/2017:04:34:20 +0000] "GET /cgi-bin/frontend/nagvis-js/index.php HTTP/1.1" 404 592 "-" "Mozilla/5.0 [en] (X11, U; OpenVAS 8.0.9)"
157.55.39.58 - - [09/Nov/2017:10:55:03 +0000] "GET /meetings/ HTTP/1.1" 200 14620 "-" "Mozilla/5.0 (compatible; bingbot/2.0; +http://www.bing.com/bingbot.htm)"
217.64.42.218 - - [08/Nov/2017:04:43:56 +0000] "GET /index.pl HTTP/1.1" 403 5814 "-" "-"
91.186.70.15 - - [08/Nov/2017:12:37:06 +0000] "-" 408 5369 "-" "-"
189.130.153.105 - - [06/Nov/2017:10:14:29 +0000] "GET / HTTP/1.1" 200 25634 "https://www.sesam-web.org/" "Mozilla/5.0 (Windows NT 10.0; Win64; x64) AppleWebKit/537.36 (KHTML, like Gecko) Chrome/61.0.3163.100 Safari/537.36"
217.64.42.218 - - [08/Nov/2017:04:37:41 +0000] "GET /scripts/bin/view/foswiki/WebHome HTTP/1.1" 403 355 "-" "Mozilla/5.0 [en] (X11, U; OpenVAS 8.0.9)"
86.52.36.164 - - [05/Nov/2017:08:29:17 +0000] "GET /events/event/sesam-paris-2017/ HTTP/1.1" 200 28643 "https://www.google.dk/" "Mozilla/5.0 (Windows NT 10.0; Win64; x64) AppleWebKit/537.36 (KHTML, like Gecko) Chrome/61.0.3163.100 Safari/537.36"
217.64.42.218 - - [08/Nov/2017:04:34:14 +0000] "GET /system/login HTTP/1.1" 403 5844 "-" "Mozilla/5.0 [en] (X11, U; OpenVAS 8.0.9)"
194.209.83.231 - - [06/Nov/2017:10:22:37 +0000] "GET /favicon.ico HTTP/1.1" 200 6963 "-" "Mozilla/5.0 (Windows NT 6.1; Win64; x64; Trident/7.0; rv:11.0) like Gecko"
2.102.119.134 - - [08/Nov/2017:08:33:45 +0000] "GET /SESAMAnnualMeetings/ HTTP/1.1" 200 21033 "https://www.sesam-web.org/" "Mozilla/5.0 (Macintosh; Intel Mac OS X 10_12_4) AppleWebKit/603.1.30 (KHTML, like Gecko) Version/10.1 Safari/603.1.30"
157.55.39.83 - - [06/Nov/2017:02:08:31 +0000] "GET /events/pages/sesam-paris-2017/confirmed-exhibitors/ HTTP/1.1" 200 37786 "-" "Mozilla/5.0 (compatible; bingbot/2.0; +http://www.bing.com/bingbot.htm)"
217.64.42.218 - - [08/Nov/2017:04:38:30 +0000] "OPTIONS /cgi-bin/ HTTP/1.1" 403 568 "-" "Mozilla/5.0 [en] (X11, U; OpenVAS 8.0.9)"
217.64.42.218 - - [08/Nov/2017:04:40:22 +0000] "GET /webEdition/openBrowser.php?url=\"onload=\"alert(/openvas-xss-test/) HTTP/1.1" 403 355 "-" "Mozilla/5.0 [en] (X11, U; OpenVAS 8.0.9)"
157.55.39.110 - - [05/Nov/2017:13:38:14 +0000] "GET /events/pages/sesam-paris-2017/Programme-2017/ HTTP/1.1" 200 52376 "-" "Mozilla/5.0 (compatible; bingbot/2.0; +http://www.bing.com/bingbot.htm)"
157.55.39.110 - - [06/Nov/2017:19:33:56 +0000] "GET /meetings/othermeetings/ HTTP/1.1" 200 15849 "-" "Mozilla/5.0 (compatible; bingbot/2.0; +http://www.bing.com/bingbot.htm)"
217.64.42.218 - - [08/Nov/2017:04:34:03 +0000] "GET /framework/docs/distribution/tour_page1.htm HTTP/1.1" 403 355 "-" "Mozilla/5.0 [en] (X11, U; OpenVAS 8.0.9)"
207.46.13.145 - - [08/Nov/2017:17:01:22 +0000] "GET / HTTP/1.1" 403 6329 "-" "Mozilla/5.0 (compatible; bingbot/2.0; +http://www.bing.com/bingbot.htm)"
157.55.39.58 - - [09/Nov/2017:10:55:00 +0000] "GET /centres/centre/centrul-universitar-de-simulare-in-instruirea-medicala/ HTTP/1.1" 200 24559 "-" "Mozilla/5.0 (compatible; bingbot/2.0; +http://www.bing.com/bingbot.htm)"
